2026-08-19T10:44:50.328797883Z 2026-08-19 10:44:50.328 UTC [188] app1 LOG:  duration: 0.105 ms  statement: 
2026-08-19T10:44:50.330238592Z 2026-08-19 10:44:50.330 UTC [188] app1 LOG:  duration: 0.034 ms  statement: BEGIN
2026-08-19T10:44:50.330359258Z 2026-08-19 10:44:50.330 UTC [188] app1 LOG:  duration: 0.085 ms  bind S_3: with operation as materialized (
2026-08-19T10:44:50.330361258Z 	    select clock_timestamp() as operation_time
2026-08-19T10:44:50.330362425Z 	), claimable as (
2026-08-19T10:44:50.330363175Z 	    select event.id as id, event.available_at as available_at, operation.operation_time as operation_time
2026-08-19T10:44:50.330364008Z 	    from notification_outbox_events event
2026-08-19T10:44:50.330364717Z 	    cross join operation
2026-08-19T10:44:50.330365425Z 	    where event.status in ('PENDING', 'RETRY_WAIT')
2026-08-19T10:44:50.330366175Z 	      and event.available_at <= operation.operation_time
2026-08-19T10:44:50.330366967Z 	    order by event.available_at asc, event.id asc
2026-08-19T10:44:50.330367675Z 	    limit 1
2026-08-19T10:44:50.330368342Z 	    for update of event skip locked
2026-08-19T10:44:50.330369050Z 	)
2026-08-19T10:44:50.330369717Z 	select id as id, available_at as "availableAt", operation_time as "operationTime"
2026-08-19T10:44:50.330370675Z 	from claimable
2026-08-19T10:44:50.330371383Z 	
2026-08-19T10:44:50.330416467Z 2026-08-19 10:44:50.330 UTC [188] app1 LOG:  duration: 0.047 ms  execute S_3: with operation as materialized (
2026-08-19T10:44:50.330418050Z 	    select clock_timestamp() as operation_time
2026-08-19T10:44:50.330418842Z 	), claimable as (
2026-08-19T10:44:50.330419592Z 	    select event.id as id, event.available_at as available_at, operation.operation_time as operation_time
2026-08-19T10:44:50.330420383Z 	    from notification_outbox_events event
2026-08-19T10:44:50.330421092Z 	    cross join operation
2026-08-19T10:44:50.330421758Z 	    where event.status in ('PENDING', 'RETRY_WAIT')
2026-08-19T10:44:50.330422467Z 	      and event.available_at <= operation.operation_time
2026-08-19T10:44:50.330423258Z 	    order by event.available_at asc, event.id asc
2026-08-19T10:44:50.330423967Z 	    limit 1
2026-08-19T10:44:50.330424592Z 	    for update of event skip locked
2026-08-19T10:44:50.330425300Z 	)
2026-08-19T10:44:50.330425967Z 	select id as id, available_at as "availableAt", operation_time as "operationTime"
2026-08-19T10:44:50.330426800Z 	from claimable
2026-08-19T10:44:50.330427467Z 	
2026-08-19T10:44:50.333816342Z 2026-08-19 10:44:50.333 UTC [188] app1 LOG:  duration: 0.017 ms  bind S_1: COMMIT
2026-08-19T10:44:50.334241383Z 2026-08-19 10:44:50.334 UTC [188] app1 LOG:  duration: 0.013 ms  execute S_1: COMMIT
2026-08-19T10:44:50.335627508Z 2026-08-19 10:44:50.335 UTC [188] app1 LOG:  duration: 0.027 ms  bind S_4: with operation as materialized (
2026-08-19T10:44:50.335684092Z 	    select clock_timestamp() as operation_time
2026-08-19T10:44:50.335689342Z 	)
2026-08-19T10:44:50.335690508Z 	select extract(epoch from (
2026-08-19T10:44:50.335691342Z 	    operation.operation_time - (
2026-08-19T10:44:50.335692092Z 	        select min(event.available_at)
2026-08-19T10:44:50.335695175Z 	        from notification_outbox_events event
2026-08-19T10:44:50.335696008Z 	        where event.status in ('PENDING', 'RETRY_WAIT')
2026-08-19T10:44:50.335696717Z 	          and event.available_at <= operation.operation_time
2026-08-19T10:44:50.335697550Z 	    )
2026-08-19T10:44:50.335698300Z 	)) * 1000
2026-08-19T10:44:50.335699050Z 	from operation
2026-08-19T10:44:50.335699717Z 	
2026-08-19T10:44:50.335829925Z 2026-08-19 10:44:50.335 UTC [188] app1 LOG:  duration: 0.023 ms  execute S_4: with operation as materialized (
2026-08-19T10:44:50.335833133Z 	    select clock_timestamp() as operation_time
2026-08-19T10:44:50.335834175Z 	)
2026-08-19T10:44:50.335835050Z 	select extract(epoch from (
2026-08-19T10:44:50.335835842Z 	    operation.operation_time - (
2026-08-19T10:44:50.335842633Z 	        select min(event.available_at)
2026-08-19T10:44:50.335843467Z 	        from notification_outbox_events event
2026-08-19T10:44:50.335844175Z 	        where event.status in ('PENDING', 'RETRY_WAIT')
2026-08-19T10:44:50.335844967Z 	          and event.available_at <= operation.operation_time
2026-08-19T10:44:50.335845758Z 	    )
2026-08-19T10:44:50.335846467Z 	)) * 1000
2026-08-19T10:44:50.335847133Z 	from operation
2026-08-19T10:44:50.335847800Z 	
2026-08-19T10:44:50.348278925Z 2026-08-19 10:44:50.348 UTC [188] app1 LOG:  duration: 0.018 ms  statement: 
2026-08-19T10:44:50.411664175Z 2026-08-19 10:44:50.411 UTC [189] app2 LOG:  duration: 0.024 ms  statement: 
2026-08-19T10:44:50.417719050Z 2026-08-19 10:44:50.417 UTC [189] app2 LOG:  duration: 0.013 ms  statement: 
2026-08-19T10:44:50.604823092Z 2026-08-19 10:44:50.604 UTC [191] app2 LOG:  duration: 0.063 ms  statement: 
2026-08-19T10:44:50.606238675Z 2026-08-19 10:44:50.605 UTC [191] app2 LOG:  duration: 0.024 ms  statement: BEGIN
2026-08-19T10:44:50.606249384Z 2026-08-19 10:44:50.605 UTC [191] app2 LOG:  duration: 0.150 ms  parse <unnamed>: with operation as materialized (
2026-08-19T10:44:50.606251259Z 	    select clock_timestamp() as operation_time
2026-08-19T10:44:50.606252300Z 	), claimable as (
2026-08-19T10:44:50.606253217Z 	    select event.id as id, event.available_at as available_at, operation.operation_time as operation_time
2026-08-19T10:44:50.606254134Z 	    from notification_outbox_events event
2026-08-19T10:44:50.606254884Z 	    cross join operation
2026-08-19T10:44:50.606255634Z 	    where event.status in ('PENDING', 'RETRY_WAIT')
2026-08-19T10:44:50.606256425Z 	      and event.available_at <= operation.operation_time
2026-08-19T10:44:50.606257259Z 	    order by event.available_at asc, event.id asc
2026-08-19T10:44:50.606258009Z 	    limit 1
2026-08-19T10:44:50.606258717Z 	    for update of event skip locked
2026-08-19T10:44:50.606259467Z 	)
2026-08-19T10:44:50.606260425Z 	select id as id, available_at as "availableAt", operation_time as "operationTime"
2026-08-19T10:44:50.606261467Z 	from claimable
2026-08-19T10:44:50.606262217Z 	
2026-08-19T10:44:50.606262967Z 2026-08-19 10:44:50.605 UTC [191] app2 LOG:  duration: 0.185 ms  bind <unnamed>: with operation as materialized (
2026-08-19T10:44:50.606263925Z 	    select clock_timestamp() as operation_time
2026-08-19T10:44:50.606264717Z 	), claimable as (
2026-08-19T10:44:50.606265425Z 	    select event.id as id, event.available_at as available_at, operation.operation_time as operation_time
2026-08-19T10:44:50.606266259Z 	    from notification_outbox_events event
2026-08-19T10:44:50.606275967Z 	    cross join operation
2026-08-19T10:44:50.606276884Z 	    where event.status in ('PENDING', 'RETRY_WAIT')
2026-08-19T10:44:50.606277717Z 	      and event.available_at <= operation.operation_time
2026-08-19T10:44:50.606278550Z 	    order by event.available_at asc, event.id asc
2026-08-19T10:44:50.606279342Z 	    limit 1
2026-08-19T10:44:50.606280050Z 	    for update of event skip locked
2026-08-19T10:44:50.606280842Z 	)
2026-08-19T10:44:50.606281550Z 	select id as id, available_at as "availableAt", operation_time as "operationTime"
2026-08-19T10:44:50.606282425Z 	from claimable
2026-08-19T10:44:50.606283175Z 	
2026-08-19T10:44:50.606283842Z 2026-08-19 10:44:50.605 UTC [191] app2 LOG:  duration: 0.024 ms  execute <unnamed>: with operation as materialized (
2026-08-19T10:44:50.606284717Z 	    select clock_timestamp() as operation_time
2026-08-19T10:44:50.606285467Z 	), claimable as (
2026-08-19T10:44:50.606286175Z 	    select event.id as id, event.available_at as available_at, operation.operation_time as operation_time
2026-08-19T10:44:50.606287009Z 	    from notification_outbox_events event
2026-08-19T10:44:50.606287759Z 	    cross join operation
2026-08-19T10:44:50.606288509Z 	    where event.status in ('PENDING', 'RETRY_WAIT')
2026-08-19T10:44:50.606289259Z 	      and event.available_at <= operation.operation_time
2026-08-19T10:44:50.606290009Z 	    order by event.available_at asc, event.id asc
2026-08-19T10:44:50.606290800Z 	    limit 1
2026-08-19T10:44:50.606291509Z 	    for update of event skip locked
2026-08-19T10:44:50.606292217Z 	)
2026-08-19T10:44:50.606293217Z 	select id as id, available_at as "availableAt", operation_time as "operationTime"
2026-08-19T10:44:50.606294092Z 	from claimable
2026-08-19T10:44:50.606294842Z 	
2026-08-19T10:44:50.606295509Z 2026-08-19 10:44:50.606 UTC [191] app2 LOG:  duration: 0.010 ms  bind S_1: COMMIT
2026-08-19T10:44:50.606296342Z 2026-08-19 10:44:50.606 UTC [191] app2 LOG:  duration: 0.009 ms  execute S_1: COMMIT
2026-08-19T10:44:50.606746925Z 2026-08-19 10:44:50.606 UTC [191] app2 LOG:  duration: 0.051 ms  parse <unnamed>: with operation as materialized (
2026-08-19T10:44:50.606750592Z 	    select clock_timestamp() as operation_time
2026-08-19T10:44:50.606751550Z 	)
2026-08-19T10:44:50.606752300Z 	select extract(epoch from (
2026-08-19T10:44:50.606753092Z 	    operation.operation_time - (
2026-08-19T10:44:50.606753842Z 	        select min(event.available_at)
2026-08-19T10:44:50.606754592Z 	        from notification_outbox_events event
2026-08-19T10:44:50.606758550Z 	        where event.status in ('PENDING', 'RETRY_WAIT')
2026-08-19T10:44:50.606759467Z 	          and event.available_at <= operation.operation_time
2026-08-19T10:44:50.606760342Z 	    )
2026-08-19T10:44:50.606761092Z 	)) * 1000
2026-08-19T10:44:50.606761842Z 	from operation
2026-08-19T10:44:50.606762550Z 	
2026-08-19T10:44:50.606763300Z 2026-08-19 10:44:50.606 UTC [191] app2 LOG:  duration: 0.090 ms  bind <unnamed>: with operation as materialized (
2026-08-19T10:44:50.606764175Z 	    select clock_timestamp() as operation_time
2026-08-19T10:44:50.606764925Z 	)
2026-08-19T10:44:50.606765634Z 	select extract(epoch from (
2026-08-19T10:44:50.606766342Z 	    operation.operation_time - (
2026-08-19T10:44:50.606767092Z 	        select min(event.available_at)
2026-08-19T10:44:50.606767842Z 	        from notification_outbox_events event
2026-08-19T10:44:50.606768592Z 	        where event.status in ('PENDING', 'RETRY_WAIT')
2026-08-19T10:44:50.606769342Z 	          and event.available_at <= operation.operation_time
2026-08-19T10:44:50.606770134Z 	    )
2026-08-19T10:44:50.606770842Z 	)) * 1000
2026-08-19T10:44:50.606771550Z 	from operation
2026-08-19T10:44:50.606772259Z 	
2026-08-19T10:44:50.606772967Z 2026-08-19 10:44:50.606 UTC [191] app2 LOG:  duration: 0.010 ms  execute <unnamed>: with operation as materialized (
2026-08-19T10:44:50.606773842Z 	    select clock_timestamp() as operation_time
2026-08-19T10:44:50.606774592Z 	)
2026-08-19T10:44:50.606775259Z 	select extract(epoch from (
2026-08-19T10:44:50.606775925Z 	    operation.operation_time - (
2026-08-19T10:44:50.606776634Z 	        select min(event.available_at)
2026-08-19T10:44:50.606777384Z 	        from notification_outbox_events event
2026-08-19T10:44:50.606778092Z 	        where event.status in ('PENDING', 'RETRY_WAIT')
2026-08-19T10:44:50.606778884Z 	          and event.available_at <= operation.operation_time
2026-08-19T10:44:50.606779634Z 	    )
2026-08-19T10:44:50.606780300Z 	)) * 1000
2026-08-19T10:44:50.606781009Z 	from operation
2026-08-19T10:44:50.606781717Z 	
2026-08-19T10:44:50.997045884Z 2026-08-19 10:44:50.996 UTC [188] app1 LOG:  duration: 0.026 ms  statement: 
2026-08-19T10:44:51.001775800Z 2026-08-19 10:44:51.001 UTC [188] app1 LOG:  duration: 0.052 ms  statement: BEGIN READ ONLY
2026-08-19T10:44:51.002117509Z 2026-08-19 10:44:51.002 UTC [188] app1 LOG:  duration: 0.181 ms  parse <unnamed>: select r1_0.game_id,count(r1_0.id) from rooms r1_0 where r1_0.room_type=$1 and r1_0.start_at>$2 and r1_0.status not in ($3,$4) group by r1_0.game_id
2026-08-19T10:44:51.002962925Z 2026-08-19 10:44:51.002 UTC [188] app1 LOG:  duration: 0.722 ms  bind <unnamed>: select r1_0.game_id,count(r1_0.id) from rooms r1_0 where r1_0.room_type=$1 and r1_0.start_at>$2 and r1_0.status not in ($3,$4) group by r1_0.game_id
2026-08-19T10:44:51.003006509Z 2026-08-19 10:44:51.002 UTC [188] app1 DETAIL:  Parameters: $1 = 'GAME_FOCUSED', $2 = '2026-08-19 10:44:50.997184+00', $3 = 'CANCELED', $4 = 'FINISHED'
2026-08-19T10:44:51.004409550Z 2026-08-19 10:44:51.004 UTC [188] app1 LOG:  duration: 1.446 ms  execute <unnamed>: select r1_0.game_id,count(r1_0.id) from rooms r1_0 where r1_0.room_type=$1 and r1_0.start_at>$2 and r1_0.status not in ($3,$4) group by r1_0.game_id
2026-08-19T10:44:51.004427259Z 2026-08-19 10:44:51.004 UTC [188] app1 DETAIL:  Parameters: $1 = 'GAME_FOCUSED', $2 = '2026-08-19 10:44:50.997184+00', $3 = 'CANCELED', $4 = 'FINISHED'
2026-08-19T10:44:51.017571842Z 2026-08-19 10:44:51.017 UTC [188] app1 LOG:  duration: 0.140 ms  parse <unnamed>: select g1_0.id,g1_0.alias,g1_0.bgg_id,g1_0.complexity,g1_0.created_at,g1_0.description,g1_0.detail_description,g1_0.english_name,g1_0.estimated_play_time,g1_0.image_url,g1_0.max_play_time_minutes,g1_0.max_players,g1_0.min_age,g1_0.min_play_time_minutes,g1_0.min_players,g1_0.name,g1_0.popularity_score,g1_0.release_year,g1_0.supported_player_count,g1_0.tag,g1_0.updated_at from games g1_0 where g1_0.id in ($1,$2,$3,$4,$5,$6,$7,$8,$9,$10,$11,$12,$13,$14,$15,$16,$17,$18,$19,$20,$21,$22,$23,$24,$25,$26,$27,$28,$29,$30) and g1_0.min_players=$31 and g1_0.max_players=$32 order by g1_0.popularity_score desc,g1_0.name,g1_0.id offset $33 rows fetch first $34 rows only
2026-08-19T10:44:51.017898217Z 2026-08-19 10:44:51.017 UTC [188] app1 LOG:  duration: 0.354 ms  bind <unnamed>: select g1_0.id,g1_0.alias,g1_0.bgg_id,g1_0.complexity,g1_0.created_at,g1_0.description,g1_0.detail_description,g1_0.english_name,g1_0.estimated_play_time,g1_0.image_url,g1_0.max_play_time_minutes,g1_0.max_players,g1_0.min_age,g1_0.min_play_time_minutes,g1_0.min_players,g1_0.name,g1_0.popularity_score,g1_0.release_year,g1_0.supported_player_count,g1_0.tag,g1_0.updated_at from games g1_0 where g1_0.id in ($1,$2,$3,$4,$5,$6,$7,$8,$9,$10,$11,$12,$13,$14,$15,$16,$17,$18,$19,$20,$21,$22,$23,$24,$25,$26,$27,$28,$29,$30) and g1_0.min_players=$31 and g1_0.max_players=$32 order by g1_0.popularity_score desc,g1_0.name,g1_0.id offset $33 rows fetch first $34 rows only
2026-08-19T10:44:51.017906384Z 2026-08-19 10:44:51.017 UTC [188] app1 DETAIL:  Parameters: $1 = '31', $2 = '32', $3 = '33', $4 = '34', $5 = '35', $6 = '36', $7 = '37', $8 = '38', $9 = '39', $10 = '40', $11 = '41', $12 = '42', $13 = '43', $14 = '44', $15 = '45', $16 = '46', $17 = '47', $18 = '48', $19 = '49', $20 = '50', $21 = '51', $22 = '52', $23 = '53', $24 = '54', $25 = '55', $26 = '56', $27 = '57', $28 = '58', $29 = '59', $30 = '60', $31 = '4', $32 = '4', $33 = '0', $34 = '25'
2026-08-19T10:44:51.020131884Z 2026-08-19 10:44:51.019 UTC [188] app1 LOG:  duration: 1.675 ms  execute <unnamed>: select g1_0.id,g1_0.alias,g1_0.bgg_id,g1_0.complexity,g1_0.created_at,g1_0.description,g1_0.detail_description,g1_0.english_name,g1_0.estimated_play_time,g1_0.image_url,g1_0.max_play_time_minutes,g1_0.max_players,g1_0.min_age,g1_0.min_play_time_minutes,g1_0.min_players,g1_0.name,g1_0.popularity_score,g1_0.release_year,g1_0.supported_player_count,g1_0.tag,g1_0.updated_at from games g1_0 where g1_0.id in ($1,$2,$3,$4,$5,$6,$7,$8,$9,$10,$11,$12,$13,$14,$15,$16,$17,$18,$19,$20,$21,$22,$23,$24,$25,$26,$27,$28,$29,$30) and g1_0.min_players=$31 and g1_0.max_players=$32 order by g1_0.popularity_score desc,g1_0.name,g1_0.id offset $33 rows fetch first $34 rows only
2026-08-19T10:44:51.020155509Z 2026-08-19 10:44:51.019 UTC [188] app1 DETAIL:  Parameters: $1 = '31', $2 = '32', $3 = '33', $4 = '34', $5 = '35', $6 = '36', $7 = '37', $8 = '38', $9 = '39', $10 = '40', $11 = '41', $12 = '42', $13 = '43', $14 = '44', $15 = '45', $16 = '46', $17 = '47', $18 = '48', $19 = '49', $20 = '50', $21 = '51', $22 = '52', $23 = '53', $24 = '54', $25 = '55', $26 = '56', $27 = '57', $28 = '58', $29 = '59', $30 = '60', $31 = '4', $32 = '4', $33 = '0', $34 = '25'
2026-08-19T10:44:51.020259300Z 2026-08-19 10:44:51.020 UTC [188] app1 LOG:  duration: 0.013 ms  bind S_1: COMMIT
2026-08-19T10:44:51.020262967Z 2026-08-19 10:44:51.020 UTC [188] app1 LOG:  duration: 0.015 ms  execute S_1: COMMIT
