
         /\      Grafana   /‾‾/  
    /\  /  \     |\  __   /  /   
   /  \/    \    | |/ /  /   ‾‾\ 
  /          \   |   (  |  (‾)  |
 / __________ \  |_|\_\  \_____/ 

     execution: local
        script: /opt/albam-mate-load/room-k6/room-lock-786-minimal-v1-t1-constant-mixed-c8-p5-b/room-k6-t1-06d831bd0278/scenario.js
        output: -

     scenarios: (100.00%) 1 scenario, 32 max VUs, 1m30s max duration (incl. graceful stop):
              * room_write: 8.00 iterations/s for 1m0s (maxVUs: 16-32, gracefulStop: 30s)


Run          [ 100% ] setup()
room_write   [   0% ]

running (0m01.9s), 00/16 VUs, 3 complete and 0 interrupted iterations
room_write   [   1% ] 00/16 VUs  0m00.3s/1m0s  8.00 iters/s

running (0m02.9s), 00/16 VUs, 11 complete and 0 interrupted iterations
room_write   [   2% ] 00/16 VUs  0m01.3s/1m0s  8.00 iters/s

running (0m03.9s), 00/16 VUs, 19 complete and 0 interrupted iterations
room_write   [   4% ] 00/16 VUs  0m02.3s/1m0s  8.00 iters/s

running (0m04.9s), 00/16 VUs, 27 complete and 0 interrupted iterations
room_write   [   6% ] 00/16 VUs  0m03.3s/1m0s  8.00 iters/s

running (0m05.9s), 00/16 VUs, 35 complete and 0 interrupted iterations
room_write   [   7% ] 00/16 VUs  0m04.3s/1m0s  8.00 iters/s

running (0m06.9s), 00/16 VUs, 43 complete and 0 interrupted iterations
room_write   [   9% ] 00/16 VUs  0m05.3s/1m0s  8.00 iters/s

running (0m07.9s), 00/16 VUs, 51 complete and 0 interrupted iterations
room_write   [  11% ] 00/16 VUs  0m06.3s/1m0s  8.00 iters/s

running (0m08.9s), 00/16 VUs, 59 complete and 0 interrupted iterations
room_write   [  12% ] 00/16 VUs  0m07.3s/1m0s  8.00 iters/s

running (0m09.9s), 00/16 VUs, 67 complete and 0 interrupted iterations
room_write   [  14% ] 00/16 VUs  0m08.3s/1m0s  8.00 iters/s

running (0m10.9s), 00/16 VUs, 75 complete and 0 interrupted iterations
room_write   [  16% ] 00/16 VUs  0m09.3s/1m0s  8.00 iters/s

running (0m11.9s), 00/16 VUs, 83 complete and 0 interrupted iterations
room_write   [  17% ] 00/16 VUs  0m10.3s/1m0s  8.00 iters/s

running (0m12.9s), 00/16 VUs, 91 complete and 0 interrupted iterations
room_write   [  19% ] 00/16 VUs  0m11.3s/1m0s  8.00 iters/s

running (0m13.9s), 00/16 VUs, 99 complete and 0 interrupted iterations
room_write   [  21% ] 00/16 VUs  0m12.3s/1m0s  8.00 iters/s

running (0m14.9s), 00/16 VUs, 107 complete and 0 interrupted iterations
room_write   [  22% ] 00/16 VUs  0m13.3s/1m0s  8.00 iters/s

running (0m15.9s), 00/16 VUs, 115 complete and 0 interrupted iterations
room_write   [  24% ] 00/16 VUs  0m14.3s/1m0s  8.00 iters/s

running (0m16.9s), 00/16 VUs, 123 complete and 0 interrupted iterations
room_write   [  26% ] 00/16 VUs  0m15.3s/1m0s  8.00 iters/s

running (0m17.9s), 00/16 VUs, 131 complete and 0 interrupted iterations
room_write   [  27% ] 00/16 VUs  0m16.3s/1m0s  8.00 iters/s

running (0m18.9s), 00/16 VUs, 139 complete and 0 interrupted iterations
room_write   [  29% ] 00/16 VUs  0m17.3s/1m0s  8.00 iters/s

running (0m19.9s), 00/16 VUs, 147 complete and 0 interrupted iterations
room_write   [  31% ] 00/16 VUs  0m18.3s/1m0s  8.00 iters/s

running (0m20.9s), 00/16 VUs, 155 complete and 0 interrupted iterations
room_write   [  32% ] 00/16 VUs  0m19.3s/1m0s  8.00 iters/s

running (0m21.9s), 00/16 VUs, 163 complete and 0 interrupted iterations
room_write   [  34% ] 00/16 VUs  0m20.3s/1m0s  8.00 iters/s

running (0m22.9s), 00/16 VUs, 171 complete and 0 interrupted iterations
room_write   [  36% ] 00/16 VUs  0m21.3s/1m0s  8.00 iters/s

running (0m23.9s), 00/16 VUs, 179 complete and 0 interrupted iterations
room_write   [  37% ] 00/16 VUs  0m22.3s/1m0s  8.00 iters/s

running (0m24.9s), 00/16 VUs, 187 complete and 0 interrupted iterations
room_write   [  39% ] 00/16 VUs  0m23.3s/1m0s  8.00 iters/s

running (0m25.9s), 00/16 VUs, 195 complete and 0 interrupted iterations
room_write   [  41% ] 00/16 VUs  0m24.3s/1m0s  8.00 iters/s

running (0m26.9s), 00/16 VUs, 203 complete and 0 interrupted iterations
room_write   [  42% ] 00/16 VUs  0m25.3s/1m0s  8.00 iters/s

running (0m27.9s), 00/16 VUs, 211 complete and 0 interrupted iterations
room_write   [  44% ] 00/16 VUs  0m26.3s/1m0s  8.00 iters/s

running (0m28.9s), 00/16 VUs, 219 complete and 0 interrupted iterations
room_write   [  46% ] 00/16 VUs  0m27.3s/1m0s  8.00 iters/s

running (0m29.9s), 00/16 VUs, 227 complete and 0 interrupted iterations
room_write   [  47% ] 00/16 VUs  0m28.3s/1m0s  8.00 iters/s

running (0m30.9s), 00/16 VUs, 235 complete and 0 interrupted iterations
room_write   [  49% ] 00/16 VUs  0m29.3s/1m0s  8.00 iters/s

running (0m31.9s), 00/16 VUs, 243 complete and 0 interrupted iterations
room_write   [  51% ] 00/16 VUs  0m30.3s/1m0s  8.00 iters/s

running (0m32.9s), 00/16 VUs, 251 complete and 0 interrupted iterations
room_write   [  52% ] 00/16 VUs  0m31.3s/1m0s  8.00 iters/s

running (0m33.9s), 00/16 VUs, 259 complete and 0 interrupted iterations
room_write   [  54% ] 00/16 VUs  0m32.3s/1m0s  8.00 iters/s

running (0m34.9s), 00/16 VUs, 267 complete and 0 interrupted iterations
room_write   [  56% ] 00/16 VUs  0m33.3s/1m0s  8.00 iters/s

running (0m35.9s), 00/16 VUs, 275 complete and 0 interrupted iterations
room_write   [  57% ] 00/16 VUs  0m34.3s/1m0s  8.00 iters/s

running (0m36.9s), 00/16 VUs, 283 complete and 0 interrupted iterations
room_write   [  59% ] 00/16 VUs  0m35.3s/1m0s  8.00 iters/s

running (0m37.9s), 00/16 VUs, 291 complete and 0 interrupted iterations
room_write   [  61% ] 00/16 VUs  0m36.3s/1m0s  8.00 iters/s

running (0m38.9s), 00/16 VUs, 299 complete and 0 interrupted iterations
room_write   [  62% ] 00/16 VUs  0m37.3s/1m0s  8.00 iters/s

running (0m39.9s), 00/16 VUs, 307 complete and 0 interrupted iterations
room_write   [  64% ] 00/16 VUs  0m38.3s/1m0s  8.00 iters/s

running (0m40.9s), 00/16 VUs, 315 complete and 0 interrupted iterations
room_write   [  66% ] 00/16 VUs  0m39.3s/1m0s  8.00 iters/s

running (0m41.9s), 00/16 VUs, 323 complete and 0 interrupted iterations
room_write   [  67% ] 00/16 VUs  0m40.3s/1m0s  8.00 iters/s

running (0m42.9s), 00/16 VUs, 331 complete and 0 interrupted iterations
room_write   [  69% ] 00/16 VUs  0m41.3s/1m0s  8.00 iters/s

running (0m43.9s), 00/16 VUs, 339 complete and 0 interrupted iterations
room_write   [  71% ] 00/16 VUs  0m42.3s/1m0s  8.00 iters/s

running (0m44.9s), 00/16 VUs, 347 complete and 0 interrupted iterations
room_write   [  72% ] 00/16 VUs  0m43.3s/1m0s  8.00 iters/s

running (0m45.9s), 01/16 VUs, 354 complete and 0 interrupted iterations
room_write   [  74% ] 01/16 VUs  0m44.3s/1m0s  8.00 iters/s

running (0m46.9s), 00/16 VUs, 363 complete and 0 interrupted iterations
room_write   [  76% ] 00/16 VUs  0m45.3s/1m0s  8.00 iters/s

running (0m47.9s), 00/16 VUs, 371 complete and 0 interrupted iterations
room_write   [  77% ] 00/16 VUs  0m46.3s/1m0s  8.00 iters/s

running (0m48.9s), 00/16 VUs, 379 complete and 0 interrupted iterations
room_write   [  79% ] 00/16 VUs  0m47.3s/1m0s  8.00 iters/s

running (0m49.9s), 00/16 VUs, 387 complete and 0 interrupted iterations
room_write   [  81% ] 00/16 VUs  0m48.3s/1m0s  8.00 iters/s

running (0m50.9s), 00/16 VUs, 395 complete and 0 interrupted iterations
room_write   [  82% ] 00/16 VUs  0m49.3s/1m0s  8.00 iters/s

running (0m51.9s), 00/16 VUs, 403 complete and 0 interrupted iterations
room_write   [  84% ] 00/16 VUs  0m50.3s/1m0s  8.00 iters/s

running (0m52.9s), 00/16 VUs, 411 complete and 0 interrupted iterations
room_write   [  86% ] 00/16 VUs  0m51.3s/1m0s  8.00 iters/s

running (0m53.9s), 00/16 VUs, 419 complete and 0 interrupted iterations
room_write   [  87% ] 00/16 VUs  0m52.3s/1m0s  8.00 iters/s

running (0m54.9s), 00/16 VUs, 427 complete and 0 interrupted iterations
room_write   [  89% ] 00/16 VUs  0m53.3s/1m0s  8.00 iters/s

running (0m55.9s), 00/16 VUs, 435 complete and 0 interrupted iterations
room_write   [  91% ] 00/16 VUs  0m54.3s/1m0s  8.00 iters/s

running (0m56.9s), 00/16 VUs, 443 complete and 0 interrupted iterations
room_write   [  92% ] 00/16 VUs  0m55.3s/1m0s  8.00 iters/s

running (0m57.9s), 00/16 VUs, 451 complete and 0 interrupted iterations
room_write   [  94% ] 00/16 VUs  0m56.3s/1m0s  8.00 iters/s

running (0m58.9s), 00/16 VUs, 459 complete and 0 interrupted iterations
room_write   [  96% ] 00/16 VUs  0m57.3s/1m0s  8.00 iters/s

running (0m59.9s), 00/16 VUs, 467 complete and 0 interrupted iterations
room_write   [  97% ] 00/16 VUs  0m58.3s/1m0s  8.00 iters/s

running (1m00.9s), 00/16 VUs, 475 complete and 0 interrupted iterations
room_write   [  99% ] 00/16 VUs  0m59.3s/1m0s  8.00 iters/s


  █ THRESHOLDS 

    room_contract_failures
    ✓ 'count==0' count=0

    room_request_duration{outcome:business}
    ✓ 'p(99)>=0' p(99)=0s

    room_request_duration{outcome:concurrency}
    ✓ 'p(99)>=0' p(99)=0s

    room_request_duration{outcome:success}
    ✓ 'p(99)>=0' p(99)=80.33ms

    room_request_duration{outcome:unexpected}
    ✓ 'p(99)>=0' p(99)=0s

    room_server_failures
    ✓ 'count==0' count=0

    room_start_skew_ms
    ✓ 'max<1000' max=0s

    room_unexpected_4xx
    ✓ 'count==0' count=0


  █ TOTAL RESULTS 

    checks_total.......: 480     7.799429/s
    checks_succeeded...: 100.00% 480 out of 480
    checks_failed......: 0.00%   0 out of 480

    ✓ ROOM-LOCK-CMP T1 cancel participation response contract

    CUSTOM
    room_business_failures.........: 0      0/s
    room_concurrent_failures.......: 0      0/s
    room_contract_failures.........: 0      0/s
    room_created...................: 0      0/s
    room_request_duration..........: avg=45.4ms  min=29.82ms med=43.4ms  max=111.52ms p(90)=60.38ms p(95)=65.66ms p(99)=80.33ms  count=480
      { outcome:business }.........: avg=0s      min=0s      med=0s      max=0s       p(90)=0s      p(95)=0s      p(99)=0s       count=0  
      { outcome:concurrency }......: avg=0s      min=0s      med=0s      max=0s       p(90)=0s      p(95)=0s      p(99)=0s       count=0  
      { outcome:success }..........: avg=45.4ms  min=29.82ms med=43.4ms  max=111.52ms p(90)=60.38ms p(95)=65.66ms p(99)=80.33ms  count=480
      { outcome:unexpected }.......: avg=0s      min=0s      med=0s      max=0s       p(90)=0s      p(95)=0s      p(99)=0s       count=0  
    room_requests..................: 480    7.799429/s
    room_server_failures...........: 0      0/s
    room_start_skew_ms.............: avg=0s      min=0s      med=0s      max=0s       p(90)=0s      p(95)=0s      p(99)=0s       count=480
    room_success...................: 480    7.799429/s
    room_unexpected_4xx............: 0      0/s

    HTTP
    http_req_duration..............: avg=46.25ms min=2.77ms  med=43.26ms max=314.57ms p(90)=61.29ms p(95)=67.68ms p(99)=141.23ms count=504
      { expected_response:true }...: avg=46.25ms min=2.77ms  med=43.26ms max=314.57ms p(90)=61.29ms p(95)=67.68ms p(99)=141.23ms count=504
    http_req_failed................: 0.00%  0 out of 504
    http_reqs......................: 504    8.189401/s

    EXECUTION
    iteration_duration.............: avg=46.09ms min=30.26ms med=44.31ms max=111.98ms p(90)=61.21ms p(95)=66.45ms p(99)=80.82ms  count=480
    iterations.....................: 480    7.799429/s
    vus............................: 0      min=0        max=1 
    vus_max........................: 16     min=16       max=16

    NETWORK
    data_received..................: 369 kB 6.0 kB/s
    data_sent......................: 45 kB  725 B/s




running (1m01.5s), 00/16 VUs, 480 complete and 0 interrupted iterations
room_write ✓ [ 100% ] 00/16 VUs  1m0s  8.00 iters/s