2026-08-19T10:37:13.191988339Z 2026-08-19T10:37:13.164Z  WARN 1 --- [albam-mate] [trics-publisher] [                                                 ] i.m.registry.otlp.OtlpMeterRegistry      : Failed to publish metrics to OTLP receiver (context: url=http://localhost:4318/v1/metrics, resource-attributes={service.name=albam-mate})
2026-08-19T10:37:13.192107339Z 
2026-08-19T10:37:13.192113839Z java.lang.Exception: java.net.ConnectException
2026-08-19T10:37:13.192115756Z 	at io.micrometer.registry.otlp.OtlpHttpMetricsSender.send(OtlpHttpMetricsSender.java:64) ~[micrometer-registry-otlp-1.17.0.jar!/:1.17.0]
2026-08-19T10:37:13.192118172Z 	at io.micrometer.registry.otlp.OtlpMeterRegistry.publish(OtlpMeterRegistry.java:193) ~[micrometer-registry-otlp-1.17.0.jar!/:1.17.0]
2026-08-19T10:37:13.192120006Z 	at io.micrometer.core.instrument.push.PushMeterRegistry.publishSafelyOrSkipIfInProgress(PushMeterRegistry.java:63) ~[micrometer-core-1.17.0.jar!/:1.17.0]
2026-08-19T10:37:13.192121881Z 	at java.base/java.util.concurrent.Executors$RunnableAdapter.call(Unknown Source) ~[na:na]
2026-08-19T10:37:13.192123631Z 	at java.base/java.util.concurrent.FutureTask.runAndReset(Unknown Source) ~[na:na]
2026-08-19T10:37:13.192125381Z 	at java.base/java.util.concurrent.ScheduledThreadPoolExecutor$ScheduledFutureTask.run(Unknown Source) ~[na:na]
2026-08-19T10:37:13.192127172Z 	at java.base/java.util.concurrent.ThreadPoolExecutor.runWorker(Unknown Source) ~[na:na]
2026-08-19T10:37:13.192128839Z 	at java.base/java.util.concurrent.ThreadPoolExecutor$Worker.run(Unknown Source) ~[na:na]
2026-08-19T10:37:13.192130547Z 	at java.base/java.lang.Thread.run(Unknown Source) ~[na:na]
2026-08-19T10:37:13.192132214Z Caused by: java.net.ConnectException
2026-08-19T10:37:13.192134006Z 	at java.net.http/jdk.internal.net.http.HttpClientImpl.send(Unknown Source) ~[java.net.http:na]
2026-08-19T10:37:13.192135672Z 	at java.net.http/jdk.internal.net.http.HttpClientFacade.send(Unknown Source) ~[java.net.http:na]
2026-08-19T10:37:13.192137422Z 	at org.springframework.boot.micrometer.metrics.autoconfigure.export.otlp.JdkClientHttpSender.send(JdkClientHttpSender.java:83) ~[spring-boot-micrometer-metrics-4.1.0.jar!/:4.1.0]
2026-08-19T10:37:13.192139381Z 	at io.micrometer.core.ipc.http.HttpSender$Request$Builder.send(HttpSender.java:306) ~[micrometer-core-1.17.0.jar!/:1.17.0]
2026-08-19T10:37:13.192141131Z 	at io.micrometer.registry.otlp.OtlpHttpMetricsSender.send(OtlpHttpMetricsSender.java:61) ~[micrometer-registry-otlp-1.17.0.jar!/:1.17.0]
2026-08-19T10:37:13.192156547Z 	... 8 common frames omitted
2026-08-19T10:37:13.192158214Z Caused by: java.net.ConnectException
2026-08-19T10:37:13.192160922Z 	at java.net.http/jdk.internal.net.http.common.Utils.toConnectException(Unknown Source) ~[java.net.http:na]
2026-08-19T10:37:13.192162339Z 	at java.net.http/jdk.internal.net.http.PlainHttpConnection.connectAsync(Unknown Source) ~[java.net.http:na]
2026-08-19T10:37:13.192163756Z 	at java.net.http/jdk.internal.net.http.PlainHttpConnection.checkRetryConnect(Unknown Source) ~[java.net.http:na]
2026-08-19T10:37:13.192165131Z 	at java.net.http/jdk.internal.net.http.PlainHttpConnection.lambda$connectAsync$2(Unknown Source) ~[java.net.http:na]
2026-08-19T10:37:13.192166547Z 	at java.base/java.util.concurrent.CompletableFuture.uniHandle(Unknown Source) ~[na:na]
2026-08-19T10:37:13.192168339Z 	at java.base/java.util.concurrent.CompletableFuture$UniHandle.tryFire(Unknown Source) ~[na:na]
2026-08-19T10:37:13.192169714Z 	at java.base/java.util.concurrent.CompletableFuture.postComplete(Unknown Source) ~[na:na]
2026-08-19T10:37:13.192171089Z 	at java.base/java.util.concurrent.CompletableFuture$AsyncSupply.run(Unknown Source) ~[na:na]
2026-08-19T10:37:13.192172381Z 	... 3 common frames omitted
2026-08-19T10:37:13.192173589Z Caused by: java.nio.channels.ClosedChannelException
2026-08-19T10:37:13.192174839Z 	at java.base/sun.nio.ch.SocketChannelImpl.ensureOpen(Unknown Source) ~[na:na]
2026-08-19T10:37:13.192176131Z 	at java.base/sun.nio.ch.SocketChannelImpl.beginConnect(Unknown Source) ~[na:na]
2026-08-19T10:37:13.192177464Z 	at java.base/sun.nio.ch.SocketChannelImpl.connect(Unknown Source) ~[na:na]
2026-08-19T10:37:13.192178797Z 	at java.net.http/jdk.internal.net.http.PlainHttpConnection.lambda$connectAsync$1(Unknown Source) ~[java.net.http:na]
2026-08-19T10:37:13.192180172Z 	at java.base/java.security.AccessController.doPrivileged(Unknown Source) ~[na:na]
2026-08-19T10:37:13.192181506Z 	... 10 common frames omitted
2026-08-19T10:37:13.192182714Z 
