
         /\      Grafana   /‾‾/  
    /\  /  \     |\  __   /  /   
   /  \/    \    | |/ /  /   ‾‾\ 
  /          \   |   (  |  (‾)  |
 / __________ \  |_|\_\  \_____/ 

     execution: local
        script: /opt/albam-mate-load/room-k6/room-lock-786-minimal-v1-t1-constant-mixed-c8-p4-c/room-k6-t1-f1c47df7fdd1/scenario.js
        output: -

     scenarios: (100.00%) 1 scenario, 32 max VUs, 1m30s max duration (incl. graceful stop):
              * room_write: 8.00 iterations/s for 1m0s (maxVUs: 16-32, gracefulStop: 30s)


Run          [ 100% ] setup()
room_write   [   0% ]

Run          [ 100% ] setup()
room_write   [   0% ]

running (0m02.9s), 01/16 VUs, 4 complete and 0 interrupted iterations
room_write   [   1% ] 01/16 VUs  0m00.6s/1m0s  8.00 iters/s

running (0m03.9s), 01/16 VUs, 12 complete and 0 interrupted iterations
room_write   [   3% ] 01/16 VUs  0m01.6s/1m0s  8.00 iters/s

running (0m04.9s), 01/16 VUs, 20 complete and 0 interrupted iterations
room_write   [   4% ] 01/16 VUs  0m02.6s/1m0s  8.00 iters/s

running (0m05.9s), 01/16 VUs, 28 complete and 0 interrupted iterations
room_write   [   6% ] 01/16 VUs  0m03.6s/1m0s  8.00 iters/s

running (0m06.9s), 00/16 VUs, 37 complete and 0 interrupted iterations
room_write   [   8% ] 00/16 VUs  0m04.6s/1m0s  8.00 iters/s

running (0m07.9s), 01/16 VUs, 44 complete and 0 interrupted iterations
room_write   [   9% ] 01/16 VUs  0m05.6s/1m0s  8.00 iters/s

running (0m08.9s), 01/16 VUs, 52 complete and 0 interrupted iterations
room_write   [  11% ] 01/16 VUs  0m06.6s/1m0s  8.00 iters/s

running (0m09.9s), 00/16 VUs, 61 complete and 0 interrupted iterations
room_write   [  13% ] 00/16 VUs  0m07.6s/1m0s  8.00 iters/s

running (0m10.9s), 00/16 VUs, 69 complete and 0 interrupted iterations
room_write   [  14% ] 00/16 VUs  0m08.6s/1m0s  8.00 iters/s

running (0m11.9s), 00/16 VUs, 77 complete and 0 interrupted iterations
room_write   [  16% ] 00/16 VUs  0m09.6s/1m0s  8.00 iters/s

running (0m12.9s), 01/16 VUs, 84 complete and 0 interrupted iterations
room_write   [  18% ] 01/16 VUs  0m10.6s/1m0s  8.00 iters/s

running (0m13.9s), 00/16 VUs, 93 complete and 0 interrupted iterations
room_write   [  19% ] 00/16 VUs  0m11.6s/1m0s  8.00 iters/s

running (0m14.9s), 00/16 VUs, 101 complete and 0 interrupted iterations
room_write   [  21% ] 00/16 VUs  0m12.6s/1m0s  8.00 iters/s

running (0m15.9s), 00/16 VUs, 109 complete and 0 interrupted iterations
room_write   [  23% ] 00/16 VUs  0m13.6s/1m0s  8.00 iters/s

running (0m16.9s), 01/16 VUs, 116 complete and 0 interrupted iterations
room_write   [  24% ] 01/16 VUs  0m14.6s/1m0s  8.00 iters/s

running (0m17.9s), 01/16 VUs, 124 complete and 0 interrupted iterations
room_write   [  26% ] 01/16 VUs  0m15.6s/1m0s  8.00 iters/s

running (0m18.9s), 00/16 VUs, 133 complete and 0 interrupted iterations
room_write   [  28% ] 00/16 VUs  0m16.6s/1m0s  8.00 iters/s

running (0m19.9s), 00/16 VUs, 141 complete and 0 interrupted iterations
room_write   [  29% ] 00/16 VUs  0m17.6s/1m0s  8.00 iters/s

running (0m20.9s), 01/16 VUs, 148 complete and 0 interrupted iterations
room_write   [  31% ] 01/16 VUs  0m18.6s/1m0s  8.00 iters/s

running (0m21.9s), 01/16 VUs, 156 complete and 0 interrupted iterations
room_write   [  33% ] 01/16 VUs  0m19.6s/1m0s  8.00 iters/s

running (0m22.9s), 01/16 VUs, 164 complete and 0 interrupted iterations
room_write   [  34% ] 01/16 VUs  0m20.6s/1m0s  8.00 iters/s

running (0m23.9s), 00/16 VUs, 173 complete and 0 interrupted iterations
room_write   [  36% ] 00/16 VUs  0m21.6s/1m0s  8.00 iters/s

running (0m24.9s), 01/16 VUs, 180 complete and 0 interrupted iterations
room_write   [  38% ] 01/16 VUs  0m22.6s/1m0s  8.00 iters/s

running (0m25.9s), 00/16 VUs, 189 complete and 0 interrupted iterations
room_write   [  39% ] 00/16 VUs  0m23.6s/1m0s  8.00 iters/s

running (0m26.9s), 01/16 VUs, 196 complete and 0 interrupted iterations
room_write   [  41% ] 01/16 VUs  0m24.6s/1m0s  8.00 iters/s

running (0m27.9s), 00/16 VUs, 205 complete and 0 interrupted iterations
room_write   [  43% ] 00/16 VUs  0m25.6s/1m0s  8.00 iters/s

running (0m28.9s), 02/16 VUs, 211 complete and 0 interrupted iterations
room_write   [  44% ] 02/16 VUs  0m26.6s/1m0s  8.00 iters/s

running (0m29.9s), 00/16 VUs, 221 complete and 0 interrupted iterations
room_write   [  46% ] 00/16 VUs  0m27.6s/1m0s  8.00 iters/s

running (0m30.9s), 00/16 VUs, 229 complete and 0 interrupted iterations
room_write   [  48% ] 00/16 VUs  0m28.6s/1m0s  8.00 iters/s

running (0m31.9s), 01/16 VUs, 236 complete and 0 interrupted iterations
room_write   [  49% ] 01/16 VUs  0m29.6s/1m0s  8.00 iters/s

running (0m32.9s), 00/16 VUs, 245 complete and 0 interrupted iterations
room_write   [  51% ] 00/16 VUs  0m30.6s/1m0s  8.00 iters/s

running (0m33.9s), 00/16 VUs, 253 complete and 0 interrupted iterations
room_write   [  53% ] 00/16 VUs  0m31.6s/1m0s  8.00 iters/s

running (0m34.9s), 00/16 VUs, 261 complete and 0 interrupted iterations
room_write   [  54% ] 00/16 VUs  0m32.6s/1m0s  8.00 iters/s

running (0m35.9s), 02/16 VUs, 267 complete and 0 interrupted iterations
room_write   [  56% ] 02/16 VUs  0m33.6s/1m0s  8.00 iters/s

running (0m36.9s), 01/16 VUs, 276 complete and 0 interrupted iterations
room_write   [  58% ] 01/16 VUs  0m34.6s/1m0s  8.00 iters/s

running (0m37.9s), 00/16 VUs, 285 complete and 0 interrupted iterations
room_write   [  59% ] 00/16 VUs  0m35.6s/1m0s  8.00 iters/s

running (0m38.9s), 00/16 VUs, 293 complete and 0 interrupted iterations
room_write   [  61% ] 00/16 VUs  0m36.6s/1m0s  8.00 iters/s

running (0m39.9s), 00/16 VUs, 301 complete and 0 interrupted iterations
room_write   [  63% ] 00/16 VUs  0m37.6s/1m0s  8.00 iters/s

running (0m40.9s), 00/16 VUs, 309 complete and 0 interrupted iterations
room_write   [  64% ] 00/16 VUs  0m38.6s/1m0s  8.00 iters/s

running (0m41.9s), 01/16 VUs, 316 complete and 0 interrupted iterations
room_write   [  66% ] 01/16 VUs  0m39.6s/1m0s  8.00 iters/s

running (0m42.9s), 00/16 VUs, 325 complete and 0 interrupted iterations
room_write   [  68% ] 00/16 VUs  0m40.6s/1m0s  8.00 iters/s

running (0m43.9s), 00/16 VUs, 333 complete and 0 interrupted iterations
room_write   [  69% ] 00/16 VUs  0m41.6s/1m0s  8.00 iters/s

running (0m44.9s), 00/16 VUs, 341 complete and 0 interrupted iterations
room_write   [  71% ] 00/16 VUs  0m42.6s/1m0s  8.00 iters/s

running (0m45.9s), 00/16 VUs, 349 complete and 0 interrupted iterations
room_write   [  73% ] 00/16 VUs  0m43.6s/1m0s  8.00 iters/s

running (0m46.9s), 00/16 VUs, 357 complete and 0 interrupted iterations
room_write   [  74% ] 00/16 VUs  0m44.6s/1m0s  8.00 iters/s

running (0m47.9s), 00/16 VUs, 365 complete and 0 interrupted iterations
room_write   [  76% ] 00/16 VUs  0m45.6s/1m0s  8.00 iters/s

running (0m48.9s), 00/16 VUs, 373 complete and 0 interrupted iterations
room_write   [  78% ] 00/16 VUs  0m46.6s/1m0s  8.00 iters/s

running (0m49.9s), 00/16 VUs, 381 complete and 0 interrupted iterations
room_write   [  79% ] 00/16 VUs  0m47.6s/1m0s  8.00 iters/s

running (0m50.9s), 00/16 VUs, 389 complete and 0 interrupted iterations
room_write   [  81% ] 00/16 VUs  0m48.6s/1m0s  8.00 iters/s

running (0m51.9s), 01/16 VUs, 396 complete and 0 interrupted iterations
room_write   [  83% ] 01/16 VUs  0m49.6s/1m0s  8.00 iters/s

running (0m52.9s), 00/16 VUs, 405 complete and 0 interrupted iterations
room_write   [  84% ] 00/16 VUs  0m50.6s/1m0s  8.00 iters/s

running (0m53.9s), 00/16 VUs, 413 complete and 0 interrupted iterations
room_write   [  86% ] 00/16 VUs  0m51.6s/1m0s  8.00 iters/s

running (0m54.9s), 00/16 VUs, 421 complete and 0 interrupted iterations
room_write   [  88% ] 00/16 VUs  0m52.6s/1m0s  8.00 iters/s

running (0m55.9s), 00/16 VUs, 429 complete and 0 interrupted iterations
room_write   [  89% ] 00/16 VUs  0m53.6s/1m0s  8.00 iters/s

running (0m56.9s), 00/16 VUs, 437 complete and 0 interrupted iterations
room_write   [  91% ] 00/16 VUs  0m54.6s/1m0s  8.00 iters/s

running (0m57.9s), 00/16 VUs, 445 complete and 0 interrupted iterations
room_write   [  93% ] 00/16 VUs  0m55.6s/1m0s  8.00 iters/s

running (0m58.9s), 00/16 VUs, 453 complete and 0 interrupted iterations
room_write   [  94% ] 00/16 VUs  0m56.6s/1m0s  8.00 iters/s

running (0m59.9s), 00/16 VUs, 461 complete and 0 interrupted iterations
room_write   [  96% ] 00/16 VUs  0m57.6s/1m0s  8.00 iters/s

running (1m00.9s), 00/16 VUs, 469 complete and 0 interrupted iterations
room_write   [  98% ] 00/16 VUs  0m58.6s/1m0s  8.00 iters/s

running (1m01.9s), 00/16 VUs, 477 complete and 0 interrupted iterations
room_write   [  99% ] 00/16 VUs  0m59.6s/1m0s  8.00 iters/s


  █ THRESHOLDS 

    room_contract_failures
    ✗ 'count==0' count=4

    room_request_duration{outcome:business}
    ✓ 'p(99)>=0' p(99)=0s

    room_request_duration{outcome:concurrency}
    ✓ 'p(99)>=0' p(99)=0s

    room_request_duration{outcome:success}
    ✓ 'p(99)>=0' p(99)=317.39ms

    room_request_duration{outcome:unexpected}
    ✓ 'p(99)>=0' p(99)=212.32ms

    room_server_failures
    ✗ 'count==0' count=4

    room_start_skew_ms
    ✓ 'max<1000' max=0s

    room_unexpected_4xx
    ✓ 'count==0' count=0


  █ TOTAL RESULTS 

    checks_total.......: 480    7.703434/s
    checks_succeeded...: 99.16% 476 out of 480
    checks_failed......: 0.83%  4 out of 480

    ✗ ROOM-LOCK-CMP T1 cancel participation response contract
      ↳  99% — ✓ 476 / ✗ 4

    CUSTOM
    room_business_failures.........: 0      0/s
    room_concurrent_failures.......: 0      0/s
    room_contract_failures.........: 4      0.064195/s
    room_created...................: 0      0/s
    room_request_duration..........: avg=73.85ms  min=35.71ms  med=62ms     max=529.25ms p(90)=100.07ms p(95)=138.26ms p(99)=314.44ms count=480
      { outcome:business }.........: avg=0s       min=0s       med=0s       max=0s       p(90)=0s       p(95)=0s       p(99)=0s       count=0  
      { outcome:concurrency }......: avg=0s       min=0s       med=0s       max=0s       p(90)=0s       p(95)=0s       p(99)=0s       count=0  
      { outcome:success }..........: avg=72.86ms  min=35.71ms  med=61.86ms  max=529.25ms p(90)=97.85ms  p(95)=128.84ms p(99)=317.39ms count=476
      { outcome:unexpected }.......: avg=191.73ms min=164.55ms med=194.86ms max=212.65ms p(90)=209.33ms p(95)=210.99ms p(99)=212.32ms count=4  
    room_requests..................: 480    7.703434/s
    room_server_failures...........: 4      0.064195/s
    room_start_skew_ms.............: avg=0s       min=0s       med=0s       max=0s       p(90)=0s       p(95)=0s       p(99)=0s       count=480
    room_success...................: 476    7.639239/s
    room_unexpected_4xx............: 0      0/s

    HTTP
    http_req_duration..............: avg=74.87ms  min=4.16ms   med=61.86ms  max=554.77ms p(90)=104.94ms p(95)=145.25ms p(99)=372.11ms count=504
      { expected_response:true }...: avg=73.94ms  min=4.16ms   med=61.56ms  max=554.77ms p(90)=101.52ms p(95)=144.04ms p(99)=372.84ms count=500
    http_req_failed................: 0.79%  4 out of 504
    http_reqs......................: 504    8.088606/s

    EXECUTION
    iteration_duration.............: avg=74.38ms  min=69.32µs  med=62.52ms  max=535.58ms p(90)=101.68ms p(95)=143.13ms p(99)=314.18ms count=481
    iterations.....................: 481    7.719483/s
    vus............................: 0      min=0        max=2 
    vus_max........................: 16     min=16       max=16

    NETWORK
    data_received..................: 368 kB 5.9 kB/s
    data_sent......................: 47 kB  754 B/s




running (1m02.3s), 00/16 VUs, 481 complete and 0 interrupted iterations
room_write ✓ [ 100% ] 00/16 VUs  1m0s  8.00 iters/stime="2026-08-20T09:10:26Z" level=error msg="Error: constant-arrival-rate iteration에 대응하는 fixture target이 없습니다: 480\n\tat targetForConstantArrival (file:///opt/albam-mate-load/room-k6/room-lock-786-minimal-v1-t1-constant-mixed-c8-p4-c/room-k6-t1-f1c47df7fdd1/scenario.js:60:11(14))\n\tat measurementTarget (file:///opt/albam-mate-load/room-k6/room-lock-786-minimal-v1-t1-constant-mixed-c8-p4-c/room-k6-t1-f1c47df7fdd1/scenario.js:78:37(63))\n\tat default (file:///opt/albam-mate-load/room-k6/room-lock-786-minimal-v1-t1-constant-mixed-c8-p4-c/room-k6-t1-f1c47df7fdd1/scenario.js:86:39(4))\n" executor=constant-arrival-rate scenario=room_write source=stacktrace
time="2026-08-20T09:10:27Z" level=error msg="thresholds on metrics 'room_contract_failures, room_server_failures' have been crossed"