capturedAt=2026-08-19T02:35:00.088Z
capture_window_start=2026-08-19T02:35:00.021Z
capture_window_end=2026-08-19T02:35:00.088Z
serverCommit=044dd1bad7bfcfb3de45245233887a159691bcfb
server_image_id=sha256:dbad71e867ca17bd30f13a552a5ba94e24357e3dddaf8673e8339a79a28a9a1a
server_container.app1=b81cf903691d933194a4637d78d6127512c397b275c1e09c6f0776e504f1fee5 service=spring-1
server_container.app2=eaad83ea20fe8d6d59212b4aeb63a4a39416f5a3df4a158cad9c0a62e50fceb2 service=spring-2
postgres_log_line_prefix=%m [%p]
postgres_backend_pid=76
request=GET /api/games?upcomingOnly=false&playerCountExact=false&page=0&size=24
http_status=200
http_total_ms=32.379
upstream_role=app2
upstream_container=eaad83ea20fe8d6d59212b4aeb63a4a39416f5a3df4a158cad9c0a62e50fceb2
games_row_count=170005

response_header:
X-Albam-Mate-Upstream: app2

upstream controller log:
2026-08-19T02:35:00.063882626Z 2026-08-19T02:35:00.063Z  INFO 1 --- [albam-mate] [nio-8080-exec-9] [b3293986d9440f264f03fa2a0e9d77bd-061727a7d1702da1] c.b.a.game.controller.GameController     : game search completed

postgres raw window (Docker timestamp, PostgreSQL timestamp, and session PID are preserved):
2026-08-19T02:35:00.038689709Z 2026-08-19 02:35:00.038 UTC [76] LOG:  duration: 0.029 ms  statement: <empty>
2026-08-19T02:35:00.042189293Z 2026-08-19 02:35:00.042 UTC [76] LOG:  duration: 0.025 ms  statement: BEGIN READ ONLY
2026-08-19T02:35:00.042659293Z 2026-08-19 02:35:00.042 UTC [76] LOG:  duration: 0.449 ms  bind S_5: select g1_0.id,g1_0.alias,g1_0.bgg_id,g1_0.complexity,g1_0.created_at,g1_0.description,g1_0.detail_description,g1_0.english_name,g1_0.estimated_play_time,g1_0.image_url,g1_0.max_play_time_minutes,g1_0.max_players,g1_0.min_age,g1_0.min_play_time_minutes,g1_0.min_players,g1_0.name,g1_0.popularity_score,g1_0.release_year,g1_0.supported_player_count,g1_0.tag,g1_0.updated_at from games g1_0 where 1=1 order by g1_0.popularity_score desc,g1_0.name,g1_0.id offset $1 rows fetch first $2 rows only
2026-08-19T02:35:00.042669793Z 2026-08-19 02:35:00.042 UTC [76] DETAIL:  Parameters: $1 = '0', $2 = '24'
2026-08-19T02:35:00.043169459Z 2026-08-19 02:35:00.043 UTC [76] LOG:  duration: 0.527 ms  execute S_5: select g1_0.id,g1_0.alias,g1_0.bgg_id,g1_0.complexity,g1_0.created_at,g1_0.description,g1_0.detail_description,g1_0.english_name,g1_0.estimated_play_time,g1_0.image_url,g1_0.max_play_time_minutes,g1_0.max_players,g1_0.min_age,g1_0.min_play_time_minutes,g1_0.min_players,g1_0.name,g1_0.popularity_score,g1_0.release_year,g1_0.supported_player_count,g1_0.tag,g1_0.updated_at from games g1_0 where 1=1 order by g1_0.popularity_score desc,g1_0.name,g1_0.id offset $1 rows fetch first $2 rows only
2026-08-19T02:35:00.043177168Z 2026-08-19 02:35:00.043 UTC [76] DETAIL:  Parameters: $1 = '0', $2 = '24'
2026-08-19T02:35:00.044820501Z 2026-08-19 02:35:00.044 UTC [76] LOG:  duration: 0.068 ms  bind S_6: select count(g1_0.id) from games g1_0 where 1=1
2026-08-19T02:35:00.061115209Z 2026-08-19 02:35:00.061 UTC [76] LOG:  duration: 16.373 ms  execute S_6: select count(g1_0.id) from games g1_0 where 1=1
2026-08-19T02:35:00.062952418Z 2026-08-19 02:35:00.062 UTC [76] LOG:  duration: 0.103 ms  bind S_7: select r1_0.game_id,count(r1_0.id) from rooms r1_0 where r1_0.game_id in ($1,$2,$3,$4,$5,$6,$7,$8,$9,$10,$11,$12,$13,$14,$15,$16,$17,$18,$19,$20,$21,$22,$23,$24) and r1_0.room_type=$25 and r1_0.start_at>$26 and r1_0.status not in ($27,$28) group by r1_0.game_id
2026-08-19T02:35:00.062961876Z 2026-08-19 02:35:00.062 UTC [76] DETAIL:  Parameters: $1 = '138517', $2 = '203', $3 = '23911', $4 = '145', $5 = '638', $6 = '33222', $7 = '107437', $8 = '123465', $9 = '160082', $10 = '82563', $11 = '42', $12 = '137586', $13 = '37327', $14 = '2743', $15 = '42971', $16 = '133599', $17 = '1121', $18 = '103557', $19 = '134194', $20 = '1285', $21 = '20754', $22 = '36799', $23 = '59644', $24 = '93210', $25 = 'GAME_FOCUSED', $26 = '2026-08-19 02:35:00.038819+00', $27 = 'CANCELED', $28 = 'FINISHED'
2026-08-19T02:35:00.063030334Z 2026-08-19 02:35:00.063 UTC [76] LOG:  duration: 0.081 ms  execute S_7: select r1_0.game_id,count(r1_0.id) from rooms r1_0 where r1_0.game_id in ($1,$2,$3,$4,$5,$6,$7,$8,$9,$10,$11,$12,$13,$14,$15,$16,$17,$18,$19,$20,$21,$22,$23,$24) and r1_0.room_type=$25 and r1_0.start_at>$26 and r1_0.status not in ($27,$28) group by r1_0.game_id
2026-08-19T02:35:00.063033084Z 2026-08-19 02:35:00.063 UTC [76] DETAIL:  Parameters: $1 = '138517', $2 = '203', $3 = '23911', $4 = '145', $5 = '638', $6 = '33222', $7 = '107437', $8 = '123465', $9 = '160082', $10 = '82563', $11 = '42', $12 = '137586', $13 = '37327', $14 = '2743', $15 = '42971', $16 = '133599', $17 = '1121', $18 = '103557', $19 = '134194', $20 = '1285', $21 = '20754', $22 = '36799', $23 = '59644', $24 = '93210', $25 = 'GAME_FOCUSED', $26 = '2026-08-19 02:35:00.038819+00', $27 = 'CANCELED', $28 = 'FINISHED'
2026-08-19T02:35:00.063586959Z 2026-08-19 02:35:00.063 UTC [76] LOG:  duration: 0.007 ms  bind S_1: COMMIT
2026-08-19T02:35:00.063589668Z 2026-08-19 02:35:00.063 UTC [76] LOG:  duration: 0.008 ms  execute S_1: COMMIT
