2026-08-18T14:40:00.315167333Z Hibernate: select g1_0.id,g1_0.alias,g1_0.bgg_id,g1_0.complexity,g1_0.created_at,g1_0.description,g1_0.detail_description,g1_0.english_name,g1_0.estimated_play_time,g1_0.image_url,g1_0.max_play_time_minutes,g1_0.max_players,g1_0.min_age,g1_0.min_play_time_minutes,g1_0.min_players,g1_0.name,g1_0.popularity_score,g1_0.release_year,g1_0.supported_player_count,g1_0.tag,g1_0.updated_at from games g1_0 where 1=1 order by g1_0.popularity_score desc,g1_0.name,g1_0.id offset ? rows fetch first ? rows only
2026-08-18T14:40:00.315782167Z 2026-08-18T14:40:00.315Z TRACE 1 --- [albam-mate] [nio-8080-exec-8] org.hibernate.orm.jdbc.bind              : binding parameter (1:INTEGER) <- [0]
2026-08-18T14:40:00.315804667Z 2026-08-18T14:40:00.315Z TRACE 1 --- [albam-mate] [nio-8080-exec-8] org.hibernate.orm.jdbc.bind              : binding parameter (2:INTEGER) <- [24]
2026-08-18T14:40:00.327978958Z Hibernate: select count(g1_0.id) from games g1_0 where 1=1
2026-08-18T14:40:00.352369833Z Hibernate: select r1_0.game_id,count(r1_0.id) from rooms r1_0 where r1_0.game_id in (?,?,?,?,?,?,?,?,?,?,?,?,?,?,?,?,?,?,?,?,?,?,?,?) and r1_0.room_type=? and r1_0.start_at>? and r1_0.status not in (?,?) group by r1_0.game_id
2026-08-18T14:40:00.352545250Z 2026-08-18T14:40:00.352Z TRACE 1 --- [albam-mate] [nio-8080-exec-8] org.hibernate.orm.jdbc.bind              : binding parameter (1:BIGINT) <- [138517]
2026-08-18T14:40:00.352646500Z 2026-08-18T14:40:00.352Z TRACE 1 --- [albam-mate] [nio-8080-exec-8] org.hibernate.orm.jdbc.bind              : binding parameter (2:BIGINT) <- [203]
2026-08-18T14:40:00.352663250Z 2026-08-18T14:40:00.352Z TRACE 1 --- [albam-mate] [nio-8080-exec-8] org.hibernate.orm.jdbc.bind              : binding parameter (3:BIGINT) <- [23911]
2026-08-18T14:40:00.352683458Z 2026-08-18T14:40:00.352Z TRACE 1 --- [albam-mate] [nio-8080-exec-8] org.hibernate.orm.jdbc.bind              : binding parameter (4:BIGINT) <- [145]
2026-08-18T14:40:00.352721333Z 2026-08-18T14:40:00.352Z TRACE 1 --- [albam-mate] [nio-8080-exec-8] org.hibernate.orm.jdbc.bind              : binding parameter (5:BIGINT) <- [638]
2026-08-18T14:40:00.352751917Z 2026-08-18T14:40:00.352Z TRACE 1 --- [albam-mate] [nio-8080-exec-8] org.hibernate.orm.jdbc.bind              : binding parameter (6:BIGINT) <- [33222]
2026-08-18T14:40:00.352772417Z 2026-08-18T14:40:00.352Z TRACE 1 --- [albam-mate] [nio-8080-exec-8] org.hibernate.orm.jdbc.bind              : binding parameter (7:BIGINT) <- [107437]
2026-08-18T14:40:00.352791208Z 2026-08-18T14:40:00.352Z TRACE 1 --- [albam-mate] [nio-8080-exec-8] org.hibernate.orm.jdbc.bind              : binding parameter (8:BIGINT) <- [123465]
2026-08-18T14:40:00.352803417Z 2026-08-18T14:40:00.352Z TRACE 1 --- [albam-mate] [nio-8080-exec-8] org.hibernate.orm.jdbc.bind              : binding parameter (9:BIGINT) <- [160082]
2026-08-18T14:40:00.353611417Z 2026-08-18T14:40:00.352Z TRACE 1 --- [albam-mate] [nio-8080-exec-8] org.hibernate.orm.jdbc.bind              : binding parameter (10:BIGINT) <- [82563]
2026-08-18T14:40:00.353614875Z 2026-08-18T14:40:00.352Z TRACE 1 --- [albam-mate] [nio-8080-exec-8] org.hibernate.orm.jdbc.bind              : binding parameter (11:BIGINT) <- [42]
2026-08-18T14:40:00.353615750Z 2026-08-18T14:40:00.352Z TRACE 1 --- [albam-mate] [nio-8080-exec-8] org.hibernate.orm.jdbc.bind              : binding parameter (12:BIGINT) <- [137586]
2026-08-18T14:40:00.353616542Z 2026-08-18T14:40:00.352Z TRACE 1 --- [albam-mate] [nio-8080-exec-8] org.hibernate.orm.jdbc.bind              : binding parameter (13:BIGINT) <- [37327]
2026-08-18T14:40:00.353617250Z 2026-08-18T14:40:00.352Z TRACE 1 --- [albam-mate] [nio-8080-exec-8] org.hibernate.orm.jdbc.bind              : binding parameter (14:BIGINT) <- [2743]
2026-08-18T14:40:00.353618000Z 2026-08-18T14:40:00.352Z TRACE 1 --- [albam-mate] [nio-8080-exec-8] org.hibernate.orm.jdbc.bind              : binding parameter (15:BIGINT) <- [42971]
2026-08-18T14:40:00.353618750Z 2026-08-18T14:40:00.352Z TRACE 1 --- [albam-mate] [nio-8080-exec-8] org.hibernate.orm.jdbc.bind              : binding parameter (16:BIGINT) <- [133599]
2026-08-18T14:40:00.353619458Z 2026-08-18T14:40:00.352Z TRACE 1 --- [albam-mate] [nio-8080-exec-8] org.hibernate.orm.jdbc.bind              : binding parameter (17:BIGINT) <- [1121]
2026-08-18T14:40:00.353620167Z 2026-08-18T14:40:00.352Z TRACE 1 --- [albam-mate] [nio-8080-exec-8] org.hibernate.orm.jdbc.bind              : binding parameter (18:BIGINT) <- [103557]
2026-08-18T14:40:00.353623708Z 2026-08-18T14:40:00.352Z TRACE 1 --- [albam-mate] [nio-8080-exec-8] org.hibernate.orm.jdbc.bind              : binding parameter (19:BIGINT) <- [134194]
2026-08-18T14:40:00.353624500Z 2026-08-18T14:40:00.352Z TRACE 1 --- [albam-mate] [nio-8080-exec-8] org.hibernate.orm.jdbc.bind              : binding parameter (20:BIGINT) <- [1285]
2026-08-18T14:40:00.353625250Z 2026-08-18T14:40:00.352Z TRACE 1 --- [albam-mate] [nio-8080-exec-8] org.hibernate.orm.jdbc.bind              : binding parameter (21:BIGINT) <- [20754]
2026-08-18T14:40:00.353625958Z 2026-08-18T14:40:00.352Z TRACE 1 --- [albam-mate] [nio-8080-exec-8] org.hibernate.orm.jdbc.bind              : binding parameter (22:BIGINT) <- [36799]
2026-08-18T14:40:00.353626792Z 2026-08-18T14:40:00.352Z TRACE 1 --- [albam-mate] [nio-8080-exec-8] org.hibernate.orm.jdbc.bind              : binding parameter (23:BIGINT) <- [59644]
2026-08-18T14:40:00.353627500Z 2026-08-18T14:40:00.352Z TRACE 1 --- [albam-mate] [nio-8080-exec-8] org.hibernate.orm.jdbc.bind              : binding parameter (24:BIGINT) <- [93210]
2026-08-18T14:40:00.353628208Z 2026-08-18T14:40:00.352Z TRACE 1 --- [albam-mate] [nio-8080-exec-8] org.hibernate.orm.jdbc.bind              : binding parameter (25:VARCHAR) <- [GAME_FOCUSED]
2026-08-18T14:40:00.353628958Z 2026-08-18T14:40:00.353Z TRACE 1 --- [albam-mate] [nio-8080-exec-8] org.hibernate.orm.jdbc.bind              : binding parameter (26:TIMESTAMP_UTC) <- [2026-08-18T14:40:00.308863875Z]
2026-08-18T14:40:00.353629792Z 2026-08-18T14:40:00.353Z TRACE 1 --- [albam-mate] [nio-8080-exec-8] org.hibernate.orm.jdbc.bind              : binding parameter (27:VARCHAR) <- [CANCELED]
2026-08-18T14:40:00.353630542Z 2026-08-18T14:40:00.353Z TRACE 1 --- [albam-mate] [nio-8080-exec-8] org.hibernate.orm.jdbc.bind              : binding parameter (28:VARCHAR) <- [FINISHED]
2026-08-18T14:40:00.359116000Z 2026-08-18T14:40:00.358Z  INFO 1 --- [albam-mate] [nio-8080-exec-8] c.b.a.game.controller.GameController     : event=game_search_completed outcome=success resultCount=24 durationMs=52
2026-08-18T14:40:00.376576125Z Hibernate: select g1_0.id,g1_0.alias,g1_0.bgg_id,g1_0.complexity,g1_0.created_at,g1_0.description,g1_0.detail_description,g1_0.english_name,g1_0.estimated_play_time,g1_0.image_url,g1_0.max_play_time_minutes,g1_0.max_players,g1_0.min_age,g1_0.min_play_time_minutes,g1_0.min_players,g1_0.name,g1_0.popularity_score,g1_0.release_year,g1_0.supported_player_count,g1_0.tag,g1_0.updated_at from games g1_0 where lower(g1_0.name) like ? escape '\' order by g1_0.popularity_score desc,g1_0.name,g1_0.id offset ? rows fetch first ? rows only
2026-08-18T14:40:00.376738750Z 2026-08-18T14:40:00.376Z TRACE 1 --- [albam-mate] [nio-8080-exec-9] org.hibernate.orm.jdbc.bind              : binding parameter (1:VARCHAR) <- [%gap%]
2026-08-18T14:40:00.377643042Z 2026-08-18T14:40:00.376Z TRACE 1 --- [albam-mate] [nio-8080-exec-9] org.hibernate.orm.jdbc.bind              : binding parameter (2:INTEGER) <- [0]
2026-08-18T14:40:00.377651625Z 2026-08-18T14:40:00.376Z TRACE 1 --- [albam-mate] [nio-8080-exec-9] org.hibernate.orm.jdbc.bind              : binding parameter (3:INTEGER) <- [24]
2026-08-18T14:40:00.381230750Z Hibernate: select r1_0.game_id,count(r1_0.id) from rooms r1_0 where r1_0.game_id in (?) and r1_0.room_type=? and r1_0.start_at>? and r1_0.status not in (?,?) group by r1_0.game_id
2026-08-18T14:40:00.381343042Z 2026-08-18T14:40:00.381Z TRACE 1 --- [albam-mate] [nio-8080-exec-9] org.hibernate.orm.jdbc.bind              : binding parameter (1:BIGINT) <- [43541]
2026-08-18T14:40:00.381381125Z 2026-08-18T14:40:00.381Z TRACE 1 --- [albam-mate] [nio-8080-exec-9] org.hibernate.orm.jdbc.bind              : binding parameter (2:VARCHAR) <- [GAME_FOCUSED]
2026-08-18T14:40:00.381475167Z 2026-08-18T14:40:00.381Z TRACE 1 --- [albam-mate] [nio-8080-exec-9] org.hibernate.orm.jdbc.bind              : binding parameter (3:TIMESTAMP_UTC) <- [2026-08-18T14:40:00.374416208Z]
2026-08-18T14:40:00.382650792Z 2026-08-18T14:40:00.381Z TRACE 1 --- [albam-mate] [nio-8080-exec-9] org.hibernate.orm.jdbc.bind              : binding parameter (4:VARCHAR) <- [CANCELED]
2026-08-18T14:40:00.382666125Z 2026-08-18T14:40:00.381Z TRACE 1 --- [albam-mate] [nio-8080-exec-9] org.hibernate.orm.jdbc.bind              : binding parameter (5:VARCHAR) <- [FINISHED]
2026-08-18T14:40:00.383942792Z 2026-08-18T14:40:00.383Z  INFO 1 --- [albam-mate] [nio-8080-exec-9] c.b.a.game.controller.GameController     : event=game_search_completed outcome=success resultCount=1 durationMs=9
2026-08-18T14:40:00.393330292Z Hibernate: select g1_0.id,g1_0.alias,g1_0.bgg_id,g1_0.complexity,g1_0.created_at,g1_0.description,g1_0.detail_description,g1_0.english_name,g1_0.estimated_play_time,g1_0.image_url,g1_0.max_play_time_minutes,g1_0.max_players,g1_0.min_age,g1_0.min_play_time_minutes,g1_0.min_players,g1_0.name,g1_0.popularity_score,g1_0.release_year,g1_0.supported_player_count,g1_0.tag,g1_0.updated_at from games g1_0 where g1_0.min_players<=? and g1_0.max_players>=? order by g1_0.popularity_score desc,g1_0.name,g1_0.id offset ? rows fetch first ? rows only
2026-08-18T14:40:00.393525333Z 2026-08-18T14:40:00.393Z TRACE 1 --- [albam-mate] [io-8080-exec-10] org.hibernate.orm.jdbc.bind              : binding parameter (1:INTEGER) <- [4]
2026-08-18T14:40:00.393645375Z 2026-08-18T14:40:00.393Z TRACE 1 --- [albam-mate] [io-8080-exec-10] org.hibernate.orm.jdbc.bind              : binding parameter (2:INTEGER) <- [4]
2026-08-18T14:40:00.393661458Z 2026-08-18T14:40:00.393Z TRACE 1 --- [albam-mate] [io-8080-exec-10] org.hibernate.orm.jdbc.bind              : binding parameter (3:INTEGER) <- [0]
2026-08-18T14:40:00.394614500Z 2026-08-18T14:40:00.393Z TRACE 1 --- [albam-mate] [io-8080-exec-10] org.hibernate.orm.jdbc.bind              : binding parameter (4:INTEGER) <- [24]
2026-08-18T14:40:00.398155375Z Hibernate: select count(g1_0.id) from games g1_0 where g1_0.min_players<=? and g1_0.max_players>=?
2026-08-18T14:40:00.398600833Z 2026-08-18T14:40:00.398Z TRACE 1 --- [albam-mate] [io-8080-exec-10] org.hibernate.orm.jdbc.bind              : binding parameter (1:INTEGER) <- [4]
2026-08-18T14:40:00.398605917Z 2026-08-18T14:40:00.398Z TRACE 1 --- [albam-mate] [io-8080-exec-10] org.hibernate.orm.jdbc.bind              : binding parameter (2:INTEGER) <- [4]
2026-08-18T14:40:00.538045875Z Hibernate: select r1_0.game_id,count(r1_0.id) from rooms r1_0 where r1_0.game_id in (?,?,?,?,?,?,?,?,?,?,?,?,?,?,?,?,?,?,?,?,?,?,?,?) and r1_0.room_type=? and r1_0.start_at>? and r1_0.status not in (?,?) group by r1_0.game_id
2026-08-18T14:40:00.538237625Z 2026-08-18T14:40:00.538Z TRACE 1 --- [albam-mate] [io-8080-exec-10] org.hibernate.orm.jdbc.bind              : binding parameter (1:BIGINT) <- [138517]
2026-08-18T14:40:00.538257542Z 2026-08-18T14:40:00.538Z TRACE 1 --- [albam-mate] [io-8080-exec-10] org.hibernate.orm.jdbc.bind              : binding parameter (2:BIGINT) <- [145]
2026-08-18T14:40:00.538290083Z 2026-08-18T14:40:00.538Z TRACE 1 --- [albam-mate] [io-8080-exec-10] org.hibernate.orm.jdbc.bind              : binding parameter (3:BIGINT) <- [638]
2026-08-18T14:40:00.538298917Z 2026-08-18T14:40:00.538Z TRACE 1 --- [albam-mate] [io-8080-exec-10] org.hibernate.orm.jdbc.bind              : binding parameter (4:BIGINT) <- [33222]
2026-08-18T14:40:00.538303500Z 2026-08-18T14:40:00.538Z TRACE 1 --- [albam-mate] [io-8080-exec-10] org.hibernate.orm.jdbc.bind              : binding parameter (5:BIGINT) <- [107437]
2026-08-18T14:40:00.538308708Z 2026-08-18T14:40:00.538Z TRACE 1 --- [albam-mate] [io-8080-exec-10] org.hibernate.orm.jdbc.bind              : binding parameter (6:BIGINT) <- [123465]
2026-08-18T14:40:00.538338708Z 2026-08-18T14:40:00.538Z TRACE 1 --- [albam-mate] [io-8080-exec-10] org.hibernate.orm.jdbc.bind              : binding parameter (7:BIGINT) <- [160082]
2026-08-18T14:40:00.538340750Z 2026-08-18T14:40:00.538Z TRACE 1 --- [albam-mate] [io-8080-exec-10] org.hibernate.orm.jdbc.bind              : binding parameter (8:BIGINT) <- [82563]
2026-08-18T14:40:00.538345000Z 2026-08-18T14:40:00.538Z TRACE 1 --- [albam-mate] [io-8080-exec-10] org.hibernate.orm.jdbc.bind              : binding parameter (9:BIGINT) <- [42]
2026-08-18T14:40:00.538375042Z 2026-08-18T14:40:00.538Z TRACE 1 --- [albam-mate] [io-8080-exec-10] org.hibernate.orm.jdbc.bind              : binding parameter (10:BIGINT) <- [137586]
2026-08-18T14:40:00.538377292Z 2026-08-18T14:40:00.538Z TRACE 1 --- [albam-mate] [io-8080-exec-10] org.hibernate.orm.jdbc.bind              : binding parameter (11:BIGINT) <- [2743]
2026-08-18T14:40:00.538382333Z 2026-08-18T14:40:00.538Z TRACE 1 --- [albam-mate] [io-8080-exec-10] org.hibernate.orm.jdbc.bind              : binding parameter (12:BIGINT) <- [42971]
2026-08-18T14:40:00.538413583Z 2026-08-18T14:40:00.538Z TRACE 1 --- [albam-mate] [io-8080-exec-10] org.hibernate.orm.jdbc.bind              : binding parameter (13:BIGINT) <- [133599]
2026-08-18T14:40:00.538415667Z 2026-08-18T14:40:00.538Z TRACE 1 --- [albam-mate] [io-8080-exec-10] org.hibernate.orm.jdbc.bind              : binding parameter (14:BIGINT) <- [1121]
2026-08-18T14:40:00.538830208Z 2026-08-18T14:40:00.538Z TRACE 1 --- [albam-mate] [io-8080-exec-10] org.hibernate.orm.jdbc.bind              : binding parameter (15:BIGINT) <- [103557]
2026-08-18T14:40:00.538835333Z 2026-08-18T14:40:00.538Z TRACE 1 --- [albam-mate] [io-8080-exec-10] org.hibernate.orm.jdbc.bind              : binding parameter (16:BIGINT) <- [134194]
2026-08-18T14:40:00.538836250Z 2026-08-18T14:40:00.538Z TRACE 1 --- [albam-mate] [io-8080-exec-10] org.hibernate.orm.jdbc.bind              : binding parameter (17:BIGINT) <- [1285]
2026-08-18T14:40:00.538837042Z 2026-08-18T14:40:00.538Z TRACE 1 --- [albam-mate] [io-8080-exec-10] org.hibernate.orm.jdbc.bind              : binding parameter (18:BIGINT) <- [20754]
2026-08-18T14:40:00.538838042Z 2026-08-18T14:40:00.538Z TRACE 1 --- [albam-mate] [io-8080-exec-10] org.hibernate.orm.jdbc.bind              : binding parameter (19:BIGINT) <- [36799]
2026-08-18T14:40:00.538838708Z 2026-08-18T14:40:00.538Z TRACE 1 --- [albam-mate] [io-8080-exec-10] org.hibernate.orm.jdbc.bind              : binding parameter (20:BIGINT) <- [59644]
2026-08-18T14:40:00.538842833Z 2026-08-18T14:40:00.538Z TRACE 1 --- [albam-mate] [io-8080-exec-10] org.hibernate.orm.jdbc.bind              : binding parameter (21:BIGINT) <- [93210]
2026-08-18T14:40:00.538843542Z 2026-08-18T14:40:00.538Z TRACE 1 --- [albam-mate] [io-8080-exec-10] org.hibernate.orm.jdbc.bind              : binding parameter (22:BIGINT) <- [82709]
2026-08-18T14:40:00.538844292Z 2026-08-18T14:40:00.538Z TRACE 1 --- [albam-mate] [io-8080-exec-10] org.hibernate.orm.jdbc.bind              : binding parameter (23:BIGINT) <- [102855]
2026-08-18T14:40:00.538844958Z 2026-08-18T14:40:00.538Z TRACE 1 --- [albam-mate] [io-8080-exec-10] org.hibernate.orm.jdbc.bind              : binding parameter (24:BIGINT) <- [28067]
2026-08-18T14:40:00.538845625Z 2026-08-18T14:40:00.538Z TRACE 1 --- [albam-mate] [io-8080-exec-10] org.hibernate.orm.jdbc.bind              : binding parameter (25:VARCHAR) <- [GAME_FOCUSED]
2026-08-18T14:40:00.538846375Z 2026-08-18T14:40:00.538Z TRACE 1 --- [albam-mate] [io-8080-exec-10] org.hibernate.orm.jdbc.bind              : binding parameter (26:TIMESTAMP_UTC) <- [2026-08-18T14:40:00.391160042Z]
2026-08-18T14:40:00.538847125Z 2026-08-18T14:40:00.538Z TRACE 1 --- [albam-mate] [io-8080-exec-10] org.hibernate.orm.jdbc.bind              : binding parameter (27:VARCHAR) <- [CANCELED]
2026-08-18T14:40:00.538862542Z 2026-08-18T14:40:00.538Z TRACE 1 --- [albam-mate] [io-8080-exec-10] org.hibernate.orm.jdbc.bind              : binding parameter (28:VARCHAR) <- [FINISHED]
2026-08-18T14:40:00.540750417Z 2026-08-18T14:40:00.540Z  INFO 1 --- [albam-mate] [io-8080-exec-10] c.b.a.game.controller.GameController     : event=game_search_completed outcome=success resultCount=24 durationMs=149
2026-08-18T14:40:00.546692625Z Hibernate: select count(gm1_0.id) from game_mechanisms gm1_0 where gm1_0.code in (?) and gm1_0.is_public=true
2026-08-18T14:40:00.546810333Z 2026-08-18T14:40:00.546Z TRACE 1 --- [albam-mate] [nio-8080-exec-1] org.hibernate.orm.jdbc.bind              : binding parameter (1:VARCHAR) <- [HAND_MANAGEMENT]
2026-08-18T14:40:00.548602917Z Hibernate: select count(gt1_0.id) from game_themes gt1_0 where gt1_0.code in (?)
2026-08-18T14:40:00.548611958Z 2026-08-18T14:40:00.547Z TRACE 1 --- [albam-mate] [nio-8080-exec-1] org.hibernate.orm.jdbc.bind              : binding parameter (1:VARCHAR) <- [BOOK_BGG_1117]
2026-08-18T14:40:00.550147833Z Hibernate: select g1_0.id,g1_0.alias,g1_0.bgg_id,g1_0.complexity,g1_0.created_at,g1_0.description,g1_0.detail_description,g1_0.english_name,g1_0.estimated_play_time,g1_0.image_url,g1_0.max_play_time_minutes,g1_0.max_players,g1_0.min_age,g1_0.min_play_time_minutes,g1_0.min_players,g1_0.name,g1_0.popularity_score,g1_0.release_year,g1_0.supported_player_count,g1_0.tag,g1_0.updated_at from games g1_0 where exists(select 1 from game_mechanism_relations gmr1_0 join game_mechanisms m1_0 on m1_0.id=gmr1_0.mechanism_id where gmr1_0.game_id=g1_0.id and m1_0.code in (?) and m1_0.is_public) and exists(select 1 from game_theme_relations gtr1_0 join game_themes t1_0 on t1_0.id=gtr1_0.theme_id where gtr1_0.game_id=g1_0.id and t1_0.code in (?)) order by g1_0.popularity_score desc,g1_0.name,g1_0.id offset ? rows fetch first ? rows only
2026-08-18T14:40:00.550238125Z 2026-08-18T14:40:00.550Z TRACE 1 --- [albam-mate] [nio-8080-exec-1] org.hibernate.orm.jdbc.bind              : binding parameter (1:VARCHAR) <- [HAND_MANAGEMENT]
2026-08-18T14:40:00.550259208Z 2026-08-18T14:40:00.550Z TRACE 1 --- [albam-mate] [nio-8080-exec-1] org.hibernate.orm.jdbc.bind              : binding parameter (2:VARCHAR) <- [BOOK_BGG_1117]
2026-08-18T14:40:00.550273375Z 2026-08-18T14:40:00.550Z TRACE 1 --- [albam-mate] [nio-8080-exec-1] org.hibernate.orm.jdbc.bind              : binding parameter (3:INTEGER) <- [0]
2026-08-18T14:40:00.550290292Z 2026-08-18T14:40:00.550Z TRACE 1 --- [albam-mate] [nio-8080-exec-1] org.hibernate.orm.jdbc.bind              : binding parameter (4:INTEGER) <- [24]
2026-08-18T14:40:00.754087792Z Hibernate: select count(g1_0.id) from games g1_0 where exists(select 1 from game_mechanism_relations gmr1_0 join game_mechanisms m1_0 on m1_0.id=gmr1_0.mechanism_id where gmr1_0.game_id=g1_0.id and m1_0.code in (?) and m1_0.is_public) and exists(select 1 from game_theme_relations gtr1_0 join game_themes t1_0 on t1_0.id=gtr1_0.theme_id where gtr1_0.game_id=g1_0.id and t1_0.code in (?))
2026-08-18T14:40:00.754110167Z 2026-08-18T14:40:00.753Z TRACE 1 --- [albam-mate] [nio-8080-exec-1] org.hibernate.orm.jdbc.bind              : binding parameter (1:VARCHAR) <- [HAND_MANAGEMENT]
2026-08-18T14:40:00.754111833Z 2026-08-18T14:40:00.753Z TRACE 1 --- [albam-mate] [nio-8080-exec-1] org.hibernate.orm.jdbc.bind              : binding parameter (2:VARCHAR) <- [BOOK_BGG_1117]
2026-08-18T14:40:00.828908459Z Hibernate: select r1_0.game_id,count(r1_0.id) from rooms r1_0 where r1_0.game_id in (?,?,?,?,?,?,?,?,?,?,?,?,?,?,?,?,?,?,?,?,?,?,?,?) and r1_0.room_type=? and r1_0.start_at>? and r1_0.status not in (?,?) group by r1_0.game_id
2026-08-18T14:40:00.829076584Z 2026-08-18T14:40:00.828Z TRACE 1 --- [albam-mate] [nio-8080-exec-1] org.hibernate.orm.jdbc.bind              : binding parameter (1:BIGINT) <- [3168]
2026-08-18T14:40:00.829131250Z 2026-08-18T14:40:00.829Z TRACE 1 --- [albam-mate] [nio-8080-exec-1] org.hibernate.orm.jdbc.bind              : binding parameter (2:BIGINT) <- [142524]
2026-08-18T14:40:00.829171792Z 2026-08-18T14:40:00.829Z TRACE 1 --- [albam-mate] [nio-8080-exec-1] org.hibernate.orm.jdbc.bind              : binding parameter (3:BIGINT) <- [105006]
2026-08-18T14:40:00.829205875Z 2026-08-18T14:40:00.829Z TRACE 1 --- [albam-mate] [nio-8080-exec-1] org.hibernate.orm.jdbc.bind              : binding parameter (4:BIGINT) <- [93910]
2026-08-18T14:40:00.829242000Z 2026-08-18T14:40:00.829Z TRACE 1 --- [albam-mate] [nio-8080-exec-1] org.hibernate.orm.jdbc.bind              : binding parameter (5:BIGINT) <- [103694]
2026-08-18T14:40:00.829276792Z 2026-08-18T14:40:00.829Z TRACE 1 --- [albam-mate] [nio-8080-exec-1] org.hibernate.orm.jdbc.bind              : binding parameter (6:BIGINT) <- [90533]
2026-08-18T14:40:00.829305209Z 2026-08-18T14:40:00.829Z TRACE 1 --- [albam-mate] [nio-8080-exec-1] org.hibernate.orm.jdbc.bind              : binding parameter (7:BIGINT) <- [168913]
2026-08-18T14:40:00.829341084Z 2026-08-18T14:40:00.829Z TRACE 1 --- [albam-mate] [nio-8080-exec-1] org.hibernate.orm.jdbc.bind              : binding parameter (8:BIGINT) <- [50653]
2026-08-18T14:40:00.829373125Z 2026-08-18T14:40:00.829Z TRACE 1 --- [albam-mate] [nio-8080-exec-1] org.hibernate.orm.jdbc.bind              : binding parameter (9:BIGINT) <- [52044]
2026-08-18T14:40:00.829405042Z 2026-08-18T14:40:00.829Z TRACE 1 --- [albam-mate] [nio-8080-exec-1] org.hibernate.orm.jdbc.bind              : binding parameter (10:BIGINT) <- [47071]
2026-08-18T14:40:00.829428417Z 2026-08-18T14:40:00.829Z TRACE 1 --- [albam-mate] [nio-8080-exec-1] org.hibernate.orm.jdbc.bind              : binding parameter (11:BIGINT) <- [60360]
2026-08-18T14:40:00.829462834Z 2026-08-18T14:40:00.829Z TRACE 1 --- [albam-mate] [nio-8080-exec-1] org.hibernate.orm.jdbc.bind              : binding parameter (12:BIGINT) <- [107826]
2026-08-18T14:40:00.829494125Z 2026-08-18T14:40:00.829Z TRACE 1 --- [albam-mate] [nio-8080-exec-1] org.hibernate.orm.jdbc.bind              : binding parameter (13:BIGINT) <- [23521]
2026-08-18T14:40:00.829530084Z 2026-08-18T14:40:00.829Z TRACE 1 --- [albam-mate] [nio-8080-exec-1] org.hibernate.orm.jdbc.bind              : binding parameter (14:BIGINT) <- [64067]
2026-08-18T14:40:00.829561125Z 2026-08-18T14:40:00.829Z TRACE 1 --- [albam-mate] [nio-8080-exec-1] org.hibernate.orm.jdbc.bind              : binding parameter (15:BIGINT) <- [110001]
2026-08-18T14:40:00.829607750Z 2026-08-18T14:40:00.829Z TRACE 1 --- [albam-mate] [nio-8080-exec-1] org.hibernate.orm.jdbc.bind              : binding parameter (16:BIGINT) <- [19287]
2026-08-18T14:40:00.829634167Z 2026-08-18T14:40:00.829Z TRACE 1 --- [albam-mate] [nio-8080-exec-1] org.hibernate.orm.jdbc.bind              : binding parameter (17:BIGINT) <- [160645]
2026-08-18T14:40:00.829651459Z 2026-08-18T14:40:00.829Z TRACE 1 --- [albam-mate] [nio-8080-exec-1] org.hibernate.orm.jdbc.bind              : binding parameter (18:BIGINT) <- [17040]
2026-08-18T14:40:00.829666667Z 2026-08-18T14:40:00.829Z TRACE 1 --- [albam-mate] [nio-8080-exec-1] org.hibernate.orm.jdbc.bind              : binding parameter (19:BIGINT) <- [100472]
2026-08-18T14:40:00.829688875Z 2026-08-18T14:40:00.829Z TRACE 1 --- [albam-mate] [nio-8080-exec-1] org.hibernate.orm.jdbc.bind              : binding parameter (20:BIGINT) <- [115610]
2026-08-18T14:40:00.829704125Z 2026-08-18T14:40:00.829Z TRACE 1 --- [albam-mate] [nio-8080-exec-1] org.hibernate.orm.jdbc.bind              : binding parameter (21:BIGINT) <- [106945]
2026-08-18T14:40:00.829722542Z 2026-08-18T14:40:00.829Z TRACE 1 --- [albam-mate] [nio-8080-exec-1] org.hibernate.orm.jdbc.bind              : binding parameter (22:BIGINT) <- [108019]
2026-08-18T14:40:00.829737875Z 2026-08-18T14:40:00.829Z TRACE 1 --- [albam-mate] [nio-8080-exec-1] org.hibernate.orm.jdbc.bind              : binding parameter (23:BIGINT) <- [107989]
2026-08-18T14:40:00.829752750Z 2026-08-18T14:40:00.829Z TRACE 1 --- [albam-mate] [nio-8080-exec-1] org.hibernate.orm.jdbc.bind              : binding parameter (24:BIGINT) <- [39435]
2026-08-18T14:40:00.829774709Z 2026-08-18T14:40:00.829Z TRACE 1 --- [albam-mate] [nio-8080-exec-1] org.hibernate.orm.jdbc.bind              : binding parameter (25:VARCHAR) <- [GAME_FOCUSED]
2026-08-18T14:40:00.829828625Z 2026-08-18T14:40:00.829Z TRACE 1 --- [albam-mate] [nio-8080-exec-1] org.hibernate.orm.jdbc.bind              : binding parameter (26:TIMESTAMP_UTC) <- [2026-08-18T14:40:00.545477458Z]
2026-08-18T14:40:00.829891959Z 2026-08-18T14:40:00.829Z TRACE 1 --- [albam-mate] [nio-8080-exec-1] org.hibernate.orm.jdbc.bind              : binding parameter (27:VARCHAR) <- [CANCELED]
2026-08-18T14:40:00.829911417Z 2026-08-18T14:40:00.829Z TRACE 1 --- [albam-mate] [nio-8080-exec-1] org.hibernate.orm.jdbc.bind              : binding parameter (28:VARCHAR) <- [FINISHED]
2026-08-18T14:40:00.831587667Z 2026-08-18T14:40:00.830Z  INFO 1 --- [albam-mate] [nio-8080-exec-1] c.b.a.game.controller.GameController     : event=game_search_completed outcome=success resultCount=24 durationMs=285
2026-08-18T14:40:00.836767125Z Hibernate: select count(gm1_0.id) from game_mechanisms gm1_0 where gm1_0.code in (?) and gm1_0.is_public=true
2026-08-18T14:40:00.836919542Z 2026-08-18T14:40:00.836Z TRACE 1 --- [albam-mate] [nio-8080-exec-2] org.hibernate.orm.jdbc.bind              : binding parameter (1:VARCHAR) <- [HAND_MANAGEMENT]
2026-08-18T14:40:00.837736292Z Hibernate: select count(gt1_0.id) from game_themes gt1_0 where gt1_0.code in (?)
2026-08-18T14:40:00.837796834Z 2026-08-18T14:40:00.837Z TRACE 1 --- [albam-mate] [nio-8080-exec-2] org.hibernate.orm.jdbc.bind              : binding parameter (1:VARCHAR) <- [BOOK_BGG_1117]
2026-08-18T14:40:00.841223959Z Hibernate: select g1_0.id,g1_0.alias,g1_0.bgg_id,g1_0.complexity,g1_0.created_at,g1_0.description,g1_0.detail_description,g1_0.english_name,g1_0.estimated_play_time,g1_0.image_url,g1_0.max_play_time_minutes,g1_0.max_players,g1_0.min_age,g1_0.min_play_time_minutes,g1_0.min_players,g1_0.name,g1_0.popularity_score,g1_0.release_year,g1_0.supported_player_count,g1_0.tag,g1_0.updated_at from games g1_0 where g1_0.min_players<=? and g1_0.max_players>=? and g1_0.complexity>=? and g1_0.complexity<=? and exists(select 1 from game_mechanism_relations gmr1_0 join game_mechanisms m1_0 on m1_0.id=gmr1_0.mechanism_id where gmr1_0.game_id=g1_0.id and m1_0.code in (?) and m1_0.is_public) and exists(select 1 from game_theme_relations gtr1_0 join game_themes t1_0 on t1_0.id=gtr1_0.theme_id where gtr1_0.game_id=g1_0.id and t1_0.code in (?)) order by g1_0.popularity_score desc,g1_0.name,g1_0.id offset ? rows fetch first ? rows only
2026-08-18T14:40:00.841316000Z 2026-08-18T14:40:00.841Z TRACE 1 --- [albam-mate] [nio-8080-exec-2] org.hibernate.orm.jdbc.bind              : binding parameter (1:INTEGER) <- [4]
2026-08-18T14:40:00.841335459Z 2026-08-18T14:40:00.841Z TRACE 1 --- [albam-mate] [nio-8080-exec-2] org.hibernate.orm.jdbc.bind              : binding parameter (2:INTEGER) <- [4]
2026-08-18T14:40:00.841373084Z 2026-08-18T14:40:00.841Z TRACE 1 --- [albam-mate] [nio-8080-exec-2] org.hibernate.orm.jdbc.bind              : binding parameter (3:NUMERIC) <- [2.00]
2026-08-18T14:40:00.841475625Z 2026-08-18T14:40:00.841Z TRACE 1 --- [albam-mate] [nio-8080-exec-2] org.hibernate.orm.jdbc.bind              : binding parameter (4:NUMERIC) <- [4.00]
2026-08-18T14:40:00.841508459Z 2026-08-18T14:40:00.841Z TRACE 1 --- [albam-mate] [nio-8080-exec-2] org.hibernate.orm.jdbc.bind              : binding parameter (5:VARCHAR) <- [HAND_MANAGEMENT]
2026-08-18T14:40:00.841513000Z 2026-08-18T14:40:00.841Z TRACE 1 --- [albam-mate] [nio-8080-exec-2] org.hibernate.orm.jdbc.bind              : binding parameter (6:VARCHAR) <- [BOOK_BGG_1117]
2026-08-18T14:40:00.841548959Z 2026-08-18T14:40:00.841Z TRACE 1 --- [albam-mate] [nio-8080-exec-2] org.hibernate.orm.jdbc.bind              : binding parameter (7:INTEGER) <- [0]
2026-08-18T14:40:00.841550667Z 2026-08-18T14:40:00.841Z TRACE 1 --- [albam-mate] [nio-8080-exec-2] org.hibernate.orm.jdbc.bind              : binding parameter (8:INTEGER) <- [24]
2026-08-18T14:40:00.956017792Z Hibernate: select count(g1_0.id) from games g1_0 where g1_0.min_players<=? and g1_0.max_players>=? and g1_0.complexity>=? and g1_0.complexity<=? and exists(select 1 from game_mechanism_relations gmr1_0 join game_mechanisms m1_0 on m1_0.id=gmr1_0.mechanism_id where gmr1_0.game_id=g1_0.id and m1_0.code in (?) and m1_0.is_public) and exists(select 1 from game_theme_relations gtr1_0 join game_themes t1_0 on t1_0.id=gtr1_0.theme_id where gtr1_0.game_id=g1_0.id and t1_0.code in (?))
2026-08-18T14:40:00.956089542Z 2026-08-18T14:40:00.955Z TRACE 1 --- [albam-mate] [nio-8080-exec-2] org.hibernate.orm.jdbc.bind              : binding parameter (1:INTEGER) <- [4]
2026-08-18T14:40:00.956102750Z 2026-08-18T14:40:00.956Z TRACE 1 --- [albam-mate] [nio-8080-exec-2] org.hibernate.orm.jdbc.bind              : binding parameter (2:INTEGER) <- [4]
2026-08-18T14:40:00.956115000Z 2026-08-18T14:40:00.956Z TRACE 1 --- [albam-mate] [nio-8080-exec-2] org.hibernate.orm.jdbc.bind              : binding parameter (3:NUMERIC) <- [2.00]
2026-08-18T14:40:00.956206084Z 2026-08-18T14:40:00.956Z TRACE 1 --- [albam-mate] [nio-8080-exec-2] org.hibernate.orm.jdbc.bind              : binding parameter (4:NUMERIC) <- [4.00]
2026-08-18T14:40:00.956208000Z 2026-08-18T14:40:00.956Z TRACE 1 --- [albam-mate] [nio-8080-exec-2] org.hibernate.orm.jdbc.bind              : binding parameter (5:VARCHAR) <- [HAND_MANAGEMENT]
2026-08-18T14:40:00.956208750Z 2026-08-18T14:40:00.956Z TRACE 1 --- [albam-mate] [nio-8080-exec-2] org.hibernate.orm.jdbc.bind              : binding parameter (6:VARCHAR) <- [BOOK_BGG_1117]
2026-08-18T14:40:01.057847375Z Hibernate: select r1_0.game_id,count(r1_0.id) from rooms r1_0 where r1_0.game_id in (?,?,?,?,?,?,?,?,?,?,?,?,?,?,?,?,?,?,?,?,?,?,?,?) and r1_0.room_type=? and r1_0.start_at>? and r1_0.status not in (?,?) group by r1_0.game_id
2026-08-18T14:40:01.057982334Z 2026-08-18T14:40:01.057Z TRACE 1 --- [albam-mate] [nio-8080-exec-2] org.hibernate.orm.jdbc.bind              : binding parameter (1:BIGINT) <- [105006]
2026-08-18T14:40:01.058009250Z 2026-08-18T14:40:01.057Z TRACE 1 --- [albam-mate] [nio-8080-exec-2] org.hibernate.orm.jdbc.bind              : binding parameter (2:BIGINT) <- [93910]
2026-08-18T14:40:01.058051209Z 2026-08-18T14:40:01.058Z TRACE 1 --- [albam-mate] [nio-8080-exec-2] org.hibernate.orm.jdbc.bind              : binding parameter (3:BIGINT) <- [103694]
2026-08-18T14:40:01.058060834Z 2026-08-18T14:40:01.058Z TRACE 1 --- [albam-mate] [nio-8080-exec-2] org.hibernate.orm.jdbc.bind              : binding parameter (4:BIGINT) <- [90533]
2026-08-18T14:40:01.058062292Z 2026-08-18T14:40:01.058Z TRACE 1 --- [albam-mate] [nio-8080-exec-2] org.hibernate.orm.jdbc.bind              : binding parameter (5:BIGINT) <- [168913]
2026-08-18T14:40:01.058066709Z 2026-08-18T14:40:01.058Z TRACE 1 --- [albam-mate] [nio-8080-exec-2] org.hibernate.orm.jdbc.bind              : binding parameter (6:BIGINT) <- [52044]
2026-08-18T14:40:01.058088875Z 2026-08-18T14:40:01.058Z TRACE 1 --- [albam-mate] [nio-8080-exec-2] org.hibernate.orm.jdbc.bind              : binding parameter (7:BIGINT) <- [47071]
2026-08-18T14:40:01.058102334Z 2026-08-18T14:40:01.058Z TRACE 1 --- [albam-mate] [nio-8080-exec-2] org.hibernate.orm.jdbc.bind              : binding parameter (8:BIGINT) <- [60360]
2026-08-18T14:40:01.058113625Z 2026-08-18T14:40:01.058Z TRACE 1 --- [albam-mate] [nio-8080-exec-2] org.hibernate.orm.jdbc.bind              : binding parameter (9:BIGINT) <- [107826]
2026-08-18T14:40:01.058125125Z 2026-08-18T14:40:01.058Z TRACE 1 --- [albam-mate] [nio-8080-exec-2] org.hibernate.orm.jdbc.bind              : binding parameter (10:BIGINT) <- [23521]
2026-08-18T14:40:01.058132042Z 2026-08-18T14:40:01.058Z TRACE 1 --- [albam-mate] [nio-8080-exec-2] org.hibernate.orm.jdbc.bind              : binding parameter (11:BIGINT) <- [64067]
2026-08-18T14:40:01.058145917Z 2026-08-18T14:40:01.058Z TRACE 1 --- [albam-mate] [nio-8080-exec-2] org.hibernate.orm.jdbc.bind              : binding parameter (12:BIGINT) <- [110001]
2026-08-18T14:40:01.058162167Z 2026-08-18T14:40:01.058Z TRACE 1 --- [albam-mate] [nio-8080-exec-2] org.hibernate.orm.jdbc.bind              : binding parameter (13:BIGINT) <- [19287]
2026-08-18T14:40:01.058188584Z 2026-08-18T14:40:01.058Z TRACE 1 --- [albam-mate] [nio-8080-exec-2] org.hibernate.orm.jdbc.bind              : binding parameter (14:BIGINT) <- [160645]
2026-08-18T14:40:01.058199584Z 2026-08-18T14:40:01.058Z TRACE 1 --- [albam-mate] [nio-8080-exec-2] org.hibernate.orm.jdbc.bind              : binding parameter (15:BIGINT) <- [100472]
2026-08-18T14:40:01.058214042Z 2026-08-18T14:40:01.058Z TRACE 1 --- [albam-mate] [nio-8080-exec-2] org.hibernate.orm.jdbc.bind              : binding parameter (16:BIGINT) <- [108019]
2026-08-18T14:40:01.058224542Z 2026-08-18T14:40:01.058Z TRACE 1 --- [albam-mate] [nio-8080-exec-2] org.hibernate.orm.jdbc.bind              : binding parameter (17:BIGINT) <- [39435]
2026-08-18T14:40:01.058229209Z 2026-08-18T14:40:01.058Z TRACE 1 --- [albam-mate] [nio-8080-exec-2] org.hibernate.orm.jdbc.bind              : binding parameter (18:BIGINT) <- [108619]
2026-08-18T14:40:01.058248750Z 2026-08-18T14:40:01.058Z TRACE 1 --- [albam-mate] [nio-8080-exec-2] org.hibernate.orm.jdbc.bind              : binding parameter (19:BIGINT) <- [103538]
2026-08-18T14:40:01.058270000Z 2026-08-18T14:40:01.058Z TRACE 1 --- [albam-mate] [nio-8080-exec-2] org.hibernate.orm.jdbc.bind              : binding parameter (20:BIGINT) <- [50762]
2026-08-18T14:40:01.058281459Z 2026-08-18T14:40:01.058Z TRACE 1 --- [albam-mate] [nio-8080-exec-2] org.hibernate.orm.jdbc.bind              : binding parameter (21:BIGINT) <- [92010]
2026-08-18T14:40:01.058295500Z 2026-08-18T14:40:01.058Z TRACE 1 --- [albam-mate] [nio-8080-exec-2] org.hibernate.orm.jdbc.bind              : binding parameter (22:BIGINT) <- [133672]
2026-08-18T14:40:01.058299792Z 2026-08-18T14:40:01.058Z TRACE 1 --- [albam-mate] [nio-8080-exec-2] org.hibernate.orm.jdbc.bind              : binding parameter (23:BIGINT) <- [143792]
2026-08-18T14:40:01.058317667Z 2026-08-18T14:40:01.058Z TRACE 1 --- [albam-mate] [nio-8080-exec-2] org.hibernate.orm.jdbc.bind              : binding parameter (24:BIGINT) <- [2444]
2026-08-18T14:40:01.058328542Z 2026-08-18T14:40:01.058Z TRACE 1 --- [albam-mate] [nio-8080-exec-2] org.hibernate.orm.jdbc.bind              : binding parameter (25:VARCHAR) <- [GAME_FOCUSED]
2026-08-18T14:40:01.058357042Z 2026-08-18T14:40:01.058Z TRACE 1 --- [albam-mate] [nio-8080-exec-2] org.hibernate.orm.jdbc.bind              : binding parameter (26:TIMESTAMP_UTC) <- [2026-08-18T14:40:00.835969334Z]
2026-08-18T14:40:01.058423209Z 2026-08-18T14:40:01.058Z TRACE 1 --- [albam-mate] [nio-8080-exec-2] org.hibernate.orm.jdbc.bind              : binding parameter (27:VARCHAR) <- [CANCELED]
2026-08-18T14:40:01.058429792Z 2026-08-18T14:40:01.058Z TRACE 1 --- [albam-mate] [nio-8080-exec-2] org.hibernate.orm.jdbc.bind              : binding parameter (28:VARCHAR) <- [FINISHED]
2026-08-18T14:40:01.059277542Z 2026-08-18T14:40:01.059Z  INFO 1 --- [albam-mate] [nio-8080-exec-2] c.b.a.game.controller.GameController     : event=game_search_completed outcome=success resultCount=24 durationMs=223
2026-08-18T14:40:01.064256625Z Hibernate: select r1_0.game_id,count(r1_0.id) from rooms r1_0 where r1_0.room_type=? and r1_0.start_at>? and r1_0.status not in (?,?) group by r1_0.game_id
2026-08-18T14:40:01.065121959Z 2026-08-18T14:40:01.064Z TRACE 1 --- [albam-mate] [nio-8080-exec-3] org.hibernate.orm.jdbc.bind              : binding parameter (1:VARCHAR) <- [GAME_FOCUSED]
2026-08-18T14:40:01.065128042Z 2026-08-18T14:40:01.065Z TRACE 1 --- [albam-mate] [nio-8080-exec-3] org.hibernate.orm.jdbc.bind              : binding parameter (2:TIMESTAMP_UTC) <- [2026-08-18T14:40:01.063417334Z]
2026-08-18T14:40:01.065316667Z 2026-08-18T14:40:01.065Z TRACE 1 --- [albam-mate] [nio-8080-exec-3] org.hibernate.orm.jdbc.bind              : binding parameter (3:VARCHAR) <- [CANCELED]
2026-08-18T14:40:01.065318875Z 2026-08-18T14:40:01.065Z TRACE 1 --- [albam-mate] [nio-8080-exec-3] org.hibernate.orm.jdbc.bind              : binding parameter (4:VARCHAR) <- [FINISHED]
2026-08-18T14:40:01.068872417Z Hibernate: select g1_0.id,g1_0.alias,g1_0.bgg_id,g1_0.complexity,g1_0.created_at,g1_0.description,g1_0.detail_description,g1_0.english_name,g1_0.estimated_play_time,g1_0.image_url,g1_0.max_play_time_minutes,g1_0.max_players,g1_0.min_age,g1_0.min_play_time_minutes,g1_0.min_players,g1_0.name,g1_0.popularity_score,g1_0.release_year,g1_0.supported_player_count,g1_0.tag,g1_0.updated_at from games g1_0 where g1_0.id in (?,?,?,?,?,?,?,?,?,?,?,?,?,?,?,?,?,?,?,?,?,?,?,?,?,?,?,?,?,?) and g1_0.min_players=? and g1_0.max_players=? order by g1_0.popularity_score desc,g1_0.name,g1_0.id offset ? rows fetch first ? rows only
2026-08-18T14:40:01.068889917Z 2026-08-18T14:40:01.068Z TRACE 1 --- [albam-mate] [nio-8080-exec-3] org.hibernate.orm.jdbc.bind              : binding parameter (1:BIGINT) <- [31]
2026-08-18T14:40:01.068891334Z 2026-08-18T14:40:01.068Z TRACE 1 --- [albam-mate] [nio-8080-exec-3] org.hibernate.orm.jdbc.bind              : binding parameter (2:BIGINT) <- [32]
2026-08-18T14:40:01.068892167Z 2026-08-18T14:40:01.068Z TRACE 1 --- [albam-mate] [nio-8080-exec-3] org.hibernate.orm.jdbc.bind              : binding parameter (3:BIGINT) <- [33]
2026-08-18T14:40:01.068892875Z 2026-08-18T14:40:01.068Z TRACE 1 --- [albam-mate] [nio-8080-exec-3] org.hibernate.orm.jdbc.bind              : binding parameter (4:BIGINT) <- [34]
2026-08-18T14:40:01.068893500Z 2026-08-18T14:40:01.068Z TRACE 1 --- [albam-mate] [nio-8080-exec-3] org.hibernate.orm.jdbc.bind              : binding parameter (5:BIGINT) <- [35]
2026-08-18T14:40:01.068894167Z 2026-08-18T14:40:01.068Z TRACE 1 --- [albam-mate] [nio-8080-exec-3] org.hibernate.orm.jdbc.bind              : binding parameter (6:BIGINT) <- [36]
2026-08-18T14:40:01.068894792Z 2026-08-18T14:40:01.068Z TRACE 1 --- [albam-mate] [nio-8080-exec-3] org.hibernate.orm.jdbc.bind              : binding parameter (7:BIGINT) <- [37]
2026-08-18T14:40:01.068901209Z 2026-08-18T14:40:01.068Z TRACE 1 --- [albam-mate] [nio-8080-exec-3] org.hibernate.orm.jdbc.bind              : binding parameter (8:BIGINT) <- [38]
2026-08-18T14:40:01.068901959Z 2026-08-18T14:40:01.068Z TRACE 1 --- [albam-mate] [nio-8080-exec-3] org.hibernate.orm.jdbc.bind              : binding parameter (9:BIGINT) <- [39]
2026-08-18T14:40:01.068903250Z 2026-08-18T14:40:01.068Z TRACE 1 --- [albam-mate] [nio-8080-exec-3] org.hibernate.orm.jdbc.bind              : binding parameter (10:BIGINT) <- [40]
2026-08-18T14:40:01.068903875Z 2026-08-18T14:40:01.068Z TRACE 1 --- [albam-mate] [nio-8080-exec-3] org.hibernate.orm.jdbc.bind              : binding parameter (11:BIGINT) <- [41]
2026-08-18T14:40:01.068904584Z 2026-08-18T14:40:01.068Z TRACE 1 --- [albam-mate] [nio-8080-exec-3] org.hibernate.orm.jdbc.bind              : binding parameter (12:BIGINT) <- [42]
2026-08-18T14:40:01.068905250Z 2026-08-18T14:40:01.068Z TRACE 1 --- [albam-mate] [nio-8080-exec-3] org.hibernate.orm.jdbc.bind              : binding parameter (13:BIGINT) <- [43]
2026-08-18T14:40:01.068905875Z 2026-08-18T14:40:01.068Z TRACE 1 --- [albam-mate] [nio-8080-exec-3] org.hibernate.orm.jdbc.bind              : binding parameter (14:BIGINT) <- [44]
2026-08-18T14:40:01.068906542Z 2026-08-18T14:40:01.068Z TRACE 1 --- [albam-mate] [nio-8080-exec-3] org.hibernate.orm.jdbc.bind              : binding parameter (15:BIGINT) <- [45]
2026-08-18T14:40:01.068907167Z 2026-08-18T14:40:01.068Z TRACE 1 --- [albam-mate] [nio-8080-exec-3] org.hibernate.orm.jdbc.bind              : binding parameter (16:BIGINT) <- [46]
2026-08-18T14:40:01.068907750Z 2026-08-18T14:40:01.068Z TRACE 1 --- [albam-mate] [nio-8080-exec-3] org.hibernate.orm.jdbc.bind              : binding parameter (17:BIGINT) <- [47]
2026-08-18T14:40:01.068908417Z 2026-08-18T14:40:01.068Z TRACE 1 --- [albam-mate] [nio-8080-exec-3] org.hibernate.orm.jdbc.bind              : binding parameter (18:BIGINT) <- [48]
2026-08-18T14:40:01.068909042Z 2026-08-18T14:40:01.068Z TRACE 1 --- [albam-mate] [nio-8080-exec-3] org.hibernate.orm.jdbc.bind              : binding parameter (19:BIGINT) <- [49]
2026-08-18T14:40:01.068909667Z 2026-08-18T14:40:01.068Z TRACE 1 --- [albam-mate] [nio-8080-exec-3] org.hibernate.orm.jdbc.bind              : binding parameter (20:BIGINT) <- [50]
2026-08-18T14:40:01.068980334Z 2026-08-18T14:40:01.068Z TRACE 1 --- [albam-mate] [nio-8080-exec-3] org.hibernate.orm.jdbc.bind              : binding parameter (21:BIGINT) <- [51]
2026-08-18T14:40:01.068982500Z 2026-08-18T14:40:01.068Z TRACE 1 --- [albam-mate] [nio-8080-exec-3] org.hibernate.orm.jdbc.bind              : binding parameter (22:BIGINT) <- [52]
2026-08-18T14:40:01.068983250Z 2026-08-18T14:40:01.068Z TRACE 1 --- [albam-mate] [nio-8080-exec-3] org.hibernate.orm.jdbc.bind              : binding parameter (23:BIGINT) <- [53]
2026-08-18T14:40:01.068983917Z 2026-08-18T14:40:01.068Z TRACE 1 --- [albam-mate] [nio-8080-exec-3] org.hibernate.orm.jdbc.bind              : binding parameter (24:BIGINT) <- [54]
2026-08-18T14:40:01.068984584Z 2026-08-18T14:40:01.068Z TRACE 1 --- [albam-mate] [nio-8080-exec-3] org.hibernate.orm.jdbc.bind              : binding parameter (25:BIGINT) <- [55]
2026-08-18T14:40:01.068986542Z 2026-08-18T14:40:01.068Z TRACE 1 --- [albam-mate] [nio-8080-exec-3] org.hibernate.orm.jdbc.bind              : binding parameter (26:BIGINT) <- [56]
2026-08-18T14:40:01.068987209Z 2026-08-18T14:40:01.068Z TRACE 1 --- [albam-mate] [nio-8080-exec-3] org.hibernate.orm.jdbc.bind              : binding parameter (27:BIGINT) <- [57]
2026-08-18T14:40:01.068987792Z 2026-08-18T14:40:01.068Z TRACE 1 --- [albam-mate] [nio-8080-exec-3] org.hibernate.orm.jdbc.bind              : binding parameter (28:BIGINT) <- [58]
2026-08-18T14:40:01.068988459Z 2026-08-18T14:40:01.068Z TRACE 1 --- [albam-mate] [nio-8080-exec-3] org.hibernate.orm.jdbc.bind              : binding parameter (29:BIGINT) <- [59]
2026-08-18T14:40:01.068989042Z 2026-08-18T14:40:01.068Z TRACE 1 --- [albam-mate] [nio-8080-exec-3] org.hibernate.orm.jdbc.bind              : binding parameter (30:BIGINT) <- [60]
2026-08-18T14:40:01.069090084Z 2026-08-18T14:40:01.068Z TRACE 1 --- [albam-mate] [nio-8080-exec-3] org.hibernate.orm.jdbc.bind              : binding parameter (31:INTEGER) <- [4]
2026-08-18T14:40:01.069092000Z 2026-08-18T14:40:01.068Z TRACE 1 --- [albam-mate] [nio-8080-exec-3] org.hibernate.orm.jdbc.bind              : binding parameter (32:INTEGER) <- [4]
2026-08-18T14:40:01.069092709Z 2026-08-18T14:40:01.068Z TRACE 1 --- [albam-mate] [nio-8080-exec-3] org.hibernate.orm.jdbc.bind              : binding parameter (33:INTEGER) <- [0]
2026-08-18T14:40:01.069093375Z 2026-08-18T14:40:01.068Z TRACE 1 --- [albam-mate] [nio-8080-exec-3] org.hibernate.orm.jdbc.bind              : binding parameter (34:INTEGER) <- [24]
2026-08-18T14:40:01.070116125Z 2026-08-18T14:40:01.070Z  INFO 1 --- [albam-mate] [nio-8080-exec-3] c.b.a.game.controller.GameController     : event=game_search_completed outcome=success resultCount=0 durationMs=6
