capturedAt=2026-08-19T06:35:06.562Z
capture_id=game-list-770-base-bdc23f4
capture_window_start=2026-08-19T06:35:06.492Z
capture_window_end=2026-08-19T06:35:06.562Z
serverCommit=bdc23f4901f80c0d0bcbbb6b6430f90dabc73cae
server_image_id=sha256:72b4981b9ee66584ac0e20eaab578600a0d3f21b21451dfd5907a0382901a5c1
proxy_container=19d139fff88e36fe9acdc9d735e161ea911ea8a5e3925a85d64434c9e46104a7 service=proxy
server_container.app1=b1eb47a741d057469ed2cb88daf9b4f1c79826cb5d83cec118128b7c668c1cca service=spring-1 network_address=172.18.0.5
server_container.app2=31e4cf4308c4a40c5e3ad64bd69791ff87a3a09d702b7c9a4507080e73399706 service=spring-2 network_address=172.18.0.4
postgres_container=8441d9d2b566 compose_project=albam-mate-771
postgres_log_line_prefix=%m [%p] %a
postgres_log_min_duration_statement=0
postgres_backend_pid=66
postgres_application_name=app1
request=GET /api/games?upcomingOnly=false&playerCountExact=false&page=0&size=24
http_status=200
http_total_ms=71.241
upstream_role=app1
upstream_address=172.18.0.5:8080
response_data_fields=content,hasNext,page,size
response_totalElements_present=false
response_totalPages_present=false
games_row_count=170005

proxy raw request:
2026-08-19T06:35:06+00:00 measurement_id=game-list-770-base-bdc23f4 request="GET /api/games?upcomingOnly=false&playerCountExact=false&page=0&size=24 HTTP/1.1" status=200 upstream=172.18.0.5:8080

upstream controller log:
2026-08-19T06:35:06.546Z  INFO 1 --- [albam-mate] [nio-8080-exec-7] [fab3c9153839ef33b578c2ce32451ce0-d219a6dde959ca43] c.b.a.game.controller.GameController     : game search completed

postgres raw window for the capture session only:
2026-08-19 06:35:06.531 UTC [66] app1 LOG:  duration: 0.023 ms  statement:
2026-08-19 06:35:06.537 UTC [66] app1 LOG:  duration: 0.273 ms  statement: BEGIN READ ONLY
2026-08-19 06:35:06.538 UTC [66] app1 LOG:  duration: 0.594 ms  bind S_5: select g1_0.id,g1_0.alias,g1_0.bgg_id,g1_0.complexity,g1_0.created_at,g1_0.description,g1_0.detail_description,g1_0.english_name,g1_0.estimated_play_time,g1_0.image_url,g1_0.max_play_time_minutes,g1_0.max_players,g1_0.min_age,g1_0.min_play_time_minutes,g1_0.min_players,g1_0.name,g1_0.popularity_score,g1_0.release_year,g1_0.supported_player_count,g1_0.tag,g1_0.updated_at from games g1_0 where 1=1 order by g1_0.popularity_score desc,g1_0.name,g1_0.id offset $1 rows fetch first $2 rows only
2026-08-19 06:35:06.538 UTC [66] app1 DETAIL:  Parameters: $1 = '0', $2 = '25'
2026-08-19 06:35:06.539 UTC [66] app1 LOG:  duration: 1.154 ms  execute S_5: select g1_0.id,g1_0.alias,g1_0.bgg_id,g1_0.complexity,g1_0.created_at,g1_0.description,g1_0.detail_description,g1_0.english_name,g1_0.estimated_play_time,g1_0.image_url,g1_0.max_play_time_minutes,g1_0.max_players,g1_0.min_age,g1_0.min_play_time_minutes,g1_0.min_players,g1_0.name,g1_0.popularity_score,g1_0.release_year,g1_0.supported_player_count,g1_0.tag,g1_0.updated_at from games g1_0 where 1=1 order by g1_0.popularity_score desc,g1_0.name,g1_0.id offset $1 rows fetch first $2 rows only
2026-08-19 06:35:06.539 UTC [66] app1 DETAIL:  Parameters: $1 = '0', $2 = '25'
2026-08-19 06:35:06.544 UTC [66] app1 LOG:  duration: 0.110 ms  bind S_6: select r1_0.game_id,count(r1_0.id) from rooms r1_0 where r1_0.game_id in ($1,$2,$3,$4,$5,$6,$7,$8,$9,$10,$11,$12,$13,$14,$15,$16,$17,$18,$19,$20,$21,$22,$23,$24) and r1_0.room_type=$25 and r1_0.start_at>$26 and r1_0.status not in ($27,$28) group by r1_0.game_id
2026-08-19 06:35:06.544 UTC [66] app1 DETAIL:  Parameters: $1 = '138517', $2 = '203', $3 = '23911', $4 = '145', $5 = '638', $6 = '33222', $7 = '107437', $8 = '123465', $9 = '160082', $10 = '82563', $11 = '42', $12 = '137586', $13 = '37327', $14 = '2743', $15 = '42971', $16 = '133599', $17 = '1121', $18 = '103557', $19 = '134194', $20 = '1285', $21 = '20754', $22 = '36799', $23 = '59644', $24 = '93210', $25 = 'GAME_FOCUSED', $26 = '2026-08-19 06:35:06.531728+00', $27 = 'CANCELED', $28 = 'FINISHED'
2026-08-19 06:35:06.544 UTC [66] app1 LOG:  duration: 0.157 ms  execute S_6: select r1_0.game_id,count(r1_0.id) from rooms r1_0 where r1_0.game_id in ($1,$2,$3,$4,$5,$6,$7,$8,$9,$10,$11,$12,$13,$14,$15,$16,$17,$18,$19,$20,$21,$22,$23,$24) and r1_0.room_type=$25 and r1_0.start_at>$26 and r1_0.status not in ($27,$28) group by r1_0.game_id
2026-08-19 06:35:06.544 UTC [66] app1 DETAIL:  Parameters: $1 = '138517', $2 = '203', $3 = '23911', $4 = '145', $5 = '638', $6 = '33222', $7 = '107437', $8 = '123465', $9 = '160082', $10 = '82563', $11 = '42', $12 = '137586', $13 = '37327', $14 = '2743', $15 = '42971', $16 = '133599', $17 = '1121', $18 = '103557', $19 = '134194', $20 = '1285', $21 = '20754', $22 = '36799', $23 = '59644', $24 = '93210', $25 = 'GAME_FOCUSED', $26 = '2026-08-19 06:35:06.531728+00', $27 = 'CANCELED', $28 = 'FINISHED'
2026-08-19 06:35:06.545 UTC [66] app1 LOG:  duration: 0.017 ms  bind S_1: COMMIT
2026-08-19 06:35:06.545 UTC [66] app1 LOG:  duration: 0.016 ms  execute S_1: COMMIT
