
         /\      Grafana   /‾‾/  
    /\  /  \     |\  __   /  /   
   /  \/    \    | |/ /  /   ‾‾\ 
  /          \   |   (  |  (‾)  |
 / __________ \  |_|\_\  \_____/ 

     execution: local
        script: /opt/albam-mate-load/room-k6/room-lock-786-minimal-v1-t1-constant-mixed-c8-p3-a-r1/room-k6-t1-2d4b211eb513/scenario.js
        output: -

     scenarios: (100.00%) 1 scenario, 32 max VUs, 1m30s max duration (incl. graceful stop):
              * room_write: 8.00 iterations/s for 1m0s (maxVUs: 16-32, gracefulStop: 30s)


Run          [ 100% ] setup()
room_write   [   0% ]

Run          [ 100% ] setup()
room_write   [   0% ]

running (0m02.9s), 04/16 VUs, 1 complete and 0 interrupted iterations
room_write   [   1% ] 04/16 VUs  0m00.6s/1m0s  8.00 iters/s

running (0m03.9s), 00/16 VUs, 13 complete and 0 interrupted iterations
room_write   [   3% ] 00/16 VUs  0m01.6s/1m0s  8.00 iters/s

running (0m04.9s), 01/16 VUs, 20 complete and 0 interrupted iterations
room_write   [   4% ] 01/16 VUs  0m02.6s/1m0s  8.00 iters/s

running (0m05.9s), 01/16 VUs, 28 complete and 0 interrupted iterations
room_write   [   6% ] 01/16 VUs  0m03.6s/1m0s  8.00 iters/s

running (0m06.9s), 00/16 VUs, 37 complete and 0 interrupted iterations
room_write   [   8% ] 00/16 VUs  0m04.6s/1m0s  8.00 iters/s

running (0m07.9s), 00/16 VUs, 45 complete and 0 interrupted iterations
room_write   [   9% ] 00/16 VUs  0m05.6s/1m0s  8.00 iters/s

running (0m08.9s), 00/16 VUs, 53 complete and 0 interrupted iterations
room_write   [  11% ] 00/16 VUs  0m06.6s/1m0s  8.00 iters/s

running (0m09.9s), 01/16 VUs, 60 complete and 0 interrupted iterations
room_write   [  13% ] 01/16 VUs  0m07.6s/1m0s  8.00 iters/s

running (0m10.9s), 00/16 VUs, 69 complete and 0 interrupted iterations
room_write   [  14% ] 00/16 VUs  0m08.6s/1m0s  8.00 iters/s

running (0m11.9s), 00/16 VUs, 77 complete and 0 interrupted iterations
room_write   [  16% ] 00/16 VUs  0m09.6s/1m0s  8.00 iters/s

running (0m12.9s), 00/16 VUs, 85 complete and 0 interrupted iterations
room_write   [  18% ] 00/16 VUs  0m10.6s/1m0s  8.00 iters/s

running (0m13.9s), 01/16 VUs, 92 complete and 0 interrupted iterations
room_write   [  19% ] 01/16 VUs  0m11.6s/1m0s  8.00 iters/s

running (0m14.9s), 00/16 VUs, 101 complete and 0 interrupted iterations
room_write   [  21% ] 00/16 VUs  0m12.6s/1m0s  8.00 iters/s

running (0m15.9s), 00/16 VUs, 109 complete and 0 interrupted iterations
room_write   [  23% ] 00/16 VUs  0m13.6s/1m0s  8.00 iters/s

running (0m16.9s), 00/16 VUs, 117 complete and 0 interrupted iterations
room_write   [  24% ] 00/16 VUs  0m14.6s/1m0s  8.00 iters/s

running (0m17.9s), 00/16 VUs, 125 complete and 0 interrupted iterations
room_write   [  26% ] 00/16 VUs  0m15.6s/1m0s  8.00 iters/s

running (0m18.9s), 03/16 VUs, 130 complete and 0 interrupted iterations
room_write   [  28% ] 03/16 VUs  0m16.6s/1m0s  8.00 iters/s

running (0m19.9s), 01/16 VUs, 140 complete and 0 interrupted iterations
room_write   [  29% ] 01/16 VUs  0m17.6s/1m0s  8.00 iters/s

running (0m20.9s), 00/16 VUs, 149 complete and 0 interrupted iterations
room_write   [  31% ] 00/16 VUs  0m18.6s/1m0s  8.00 iters/s

running (0m21.9s), 00/16 VUs, 157 complete and 0 interrupted iterations
room_write   [  33% ] 00/16 VUs  0m19.6s/1m0s  8.00 iters/s

running (0m22.9s), 00/16 VUs, 165 complete and 0 interrupted iterations
room_write   [  34% ] 00/16 VUs  0m20.6s/1m0s  8.00 iters/s

running (0m23.9s), 00/16 VUs, 173 complete and 0 interrupted iterations
room_write   [  36% ] 00/16 VUs  0m21.6s/1m0s  8.00 iters/s

running (0m24.9s), 00/16 VUs, 181 complete and 0 interrupted iterations
room_write   [  38% ] 00/16 VUs  0m22.6s/1m0s  8.00 iters/s

running (0m25.9s), 00/16 VUs, 189 complete and 0 interrupted iterations
room_write   [  39% ] 00/16 VUs  0m23.6s/1m0s  8.00 iters/s

running (0m26.9s), 00/16 VUs, 197 complete and 0 interrupted iterations
room_write   [  41% ] 00/16 VUs  0m24.6s/1m0s  8.00 iters/s

running (0m27.9s), 00/16 VUs, 205 complete and 0 interrupted iterations
room_write   [  43% ] 00/16 VUs  0m25.6s/1m0s  8.00 iters/s

running (0m28.9s), 00/16 VUs, 213 complete and 0 interrupted iterations
room_write   [  44% ] 00/16 VUs  0m26.6s/1m0s  8.00 iters/s

running (0m29.9s), 00/16 VUs, 221 complete and 0 interrupted iterations
room_write   [  46% ] 00/16 VUs  0m27.6s/1m0s  8.00 iters/s

running (0m30.9s), 00/16 VUs, 229 complete and 0 interrupted iterations
room_write   [  48% ] 00/16 VUs  0m28.6s/1m0s  8.00 iters/s

running (0m31.9s), 00/16 VUs, 237 complete and 0 interrupted iterations
room_write   [  49% ] 00/16 VUs  0m29.6s/1m0s  8.00 iters/s

running (0m32.9s), 00/16 VUs, 245 complete and 0 interrupted iterations
room_write   [  51% ] 00/16 VUs  0m30.6s/1m0s  8.00 iters/s

running (0m33.9s), 00/16 VUs, 253 complete and 0 interrupted iterations
room_write   [  53% ] 00/16 VUs  0m31.6s/1m0s  8.00 iters/s

running (0m34.9s), 00/16 VUs, 261 complete and 0 interrupted iterations
room_write   [  54% ] 00/16 VUs  0m32.6s/1m0s  8.00 iters/s

running (0m35.9s), 00/16 VUs, 269 complete and 0 interrupted iterations
room_write   [  56% ] 00/16 VUs  0m33.6s/1m0s  8.00 iters/s

running (0m36.9s), 00/16 VUs, 277 complete and 0 interrupted iterations
room_write   [  58% ] 00/16 VUs  0m34.6s/1m0s  8.00 iters/s

running (0m37.9s), 00/16 VUs, 285 complete and 0 interrupted iterations
room_write   [  59% ] 00/16 VUs  0m35.6s/1m0s  8.00 iters/s

running (0m38.9s), 00/16 VUs, 293 complete and 0 interrupted iterations
room_write   [  61% ] 00/16 VUs  0m36.6s/1m0s  8.00 iters/s

running (0m39.9s), 00/16 VUs, 301 complete and 0 interrupted iterations
room_write   [  63% ] 00/16 VUs  0m37.6s/1m0s  8.00 iters/s

running (0m40.9s), 00/16 VUs, 309 complete and 0 interrupted iterations
room_write   [  64% ] 00/16 VUs  0m38.6s/1m0s  8.00 iters/s

running (0m41.9s), 00/16 VUs, 317 complete and 0 interrupted iterations
room_write   [  66% ] 00/16 VUs  0m39.6s/1m0s  8.00 iters/s

running (0m42.9s), 00/16 VUs, 325 complete and 0 interrupted iterations
room_write   [  68% ] 00/16 VUs  0m40.6s/1m0s  8.00 iters/s

running (0m43.9s), 00/16 VUs, 333 complete and 0 interrupted iterations
room_write   [  69% ] 00/16 VUs  0m41.6s/1m0s  8.00 iters/s

running (0m44.9s), 00/16 VUs, 341 complete and 0 interrupted iterations
room_write   [  71% ] 00/16 VUs  0m42.6s/1m0s  8.00 iters/s

running (0m45.9s), 00/16 VUs, 349 complete and 0 interrupted iterations
room_write   [  73% ] 00/16 VUs  0m43.6s/1m0s  8.00 iters/s

running (0m46.9s), 00/16 VUs, 357 complete and 0 interrupted iterations
room_write   [  74% ] 00/16 VUs  0m44.6s/1m0s  8.00 iters/s

running (0m47.9s), 00/16 VUs, 365 complete and 0 interrupted iterations
room_write   [  76% ] 00/16 VUs  0m45.6s/1m0s  8.00 iters/s

running (0m48.9s), 00/16 VUs, 373 complete and 0 interrupted iterations
room_write   [  78% ] 00/16 VUs  0m46.6s/1m0s  8.00 iters/s

running (0m49.9s), 00/16 VUs, 381 complete and 0 interrupted iterations
room_write   [  79% ] 00/16 VUs  0m47.6s/1m0s  8.00 iters/s

running (0m50.9s), 00/16 VUs, 389 complete and 0 interrupted iterations
room_write   [  81% ] 00/16 VUs  0m48.6s/1m0s  8.00 iters/s

running (0m51.9s), 00/16 VUs, 397 complete and 0 interrupted iterations
room_write   [  83% ] 00/16 VUs  0m49.6s/1m0s  8.00 iters/s

running (0m52.9s), 00/16 VUs, 405 complete and 0 interrupted iterations
room_write   [  84% ] 00/16 VUs  0m50.6s/1m0s  8.00 iters/s

running (0m53.9s), 00/16 VUs, 413 complete and 0 interrupted iterations
room_write   [  86% ] 00/16 VUs  0m51.6s/1m0s  8.00 iters/s

running (0m54.9s), 00/16 VUs, 421 complete and 0 interrupted iterations
room_write   [  88% ] 00/16 VUs  0m52.6s/1m0s  8.00 iters/s

running (0m55.9s), 00/16 VUs, 429 complete and 0 interrupted iterations
room_write   [  89% ] 00/16 VUs  0m53.6s/1m0s  8.00 iters/s

running (0m56.9s), 00/16 VUs, 437 complete and 0 interrupted iterations
room_write   [  91% ] 00/16 VUs  0m54.6s/1m0s  8.00 iters/s

running (0m57.9s), 02/16 VUs, 443 complete and 0 interrupted iterations
room_write   [  93% ] 02/16 VUs  0m55.6s/1m0s  8.00 iters/s

running (0m58.9s), 00/16 VUs, 453 complete and 0 interrupted iterations
room_write   [  94% ] 00/16 VUs  0m56.6s/1m0s  8.00 iters/s

running (0m59.9s), 00/16 VUs, 461 complete and 0 interrupted iterations
room_write   [  96% ] 00/16 VUs  0m57.6s/1m0s  8.00 iters/s

running (1m00.9s), 00/16 VUs, 469 complete and 0 interrupted iterations
room_write   [  98% ] 00/16 VUs  0m58.6s/1m0s  8.00 iters/s

running (1m01.9s), 00/16 VUs, 477 complete and 0 interrupted iterations
room_write   [  99% ] 00/16 VUs  0m59.6s/1m0s  8.00 iters/s


  █ THRESHOLDS 

    room_contract_failures
    ✓ 'count==0' count=0

    room_request_duration{outcome:business}
    ✓ 'p(99)>=0' p(99)=0s

    room_request_duration{outcome:concurrency}
    ✓ 'p(99)>=0' p(99)=592.73ms

    room_request_duration{outcome:success}
    ✓ 'p(99)>=0' p(99)=331.01ms

    room_request_duration{outcome:unexpected}
    ✓ 'p(99)>=0' p(99)=0s

    room_server_failures
    ✓ 'count==0' count=0

    room_start_skew_ms
    ✓ 'max<1000' max=0s

    room_unexpected_4xx
    ✓ 'count==0' count=0


  █ TOTAL RESULTS 

    checks_total.......: 480     7.705105/s
    checks_succeeded...: 100.00% 480 out of 480
    checks_failed......: 0.00%   0 out of 480

    ✓ ROOM-LOCK-CMP T1 cancel participation response contract

    CUSTOM
    room_business_failures.........: 0      0/s
    room_concurrent_failures.......: 1      0.016052/s
    room_contract_failures.........: 0      0/s
    room_created...................: 0      0/s
    room_request_duration..........: avg=69.98ms  min=35.75ms  med=58.88ms  max=592.73ms p(90)=89.89ms  p(95)=110.85ms p(99)=358.6ms  count=480
      { outcome:business }.........: avg=0s       min=0s       med=0s       max=0s       p(90)=0s       p(95)=0s       p(99)=0s       count=0  
      { outcome:concurrency }......: avg=592.73ms min=592.73ms med=592.73ms max=592.73ms p(90)=592.73ms p(95)=592.73ms p(99)=592.73ms count=1  
      { outcome:success }..........: avg=68.89ms  min=35.75ms  med=58.88ms  max=516.82ms p(90)=89.83ms  p(95)=107.86ms p(99)=331.01ms count=479
      { outcome:unexpected }.......: avg=0s       min=0s       med=0s       max=0s       p(90)=0s       p(95)=0s       p(99)=0s       count=0  
    room_requests..................: 480    7.705105/s
    room_server_failures...........: 0      0/s
    room_start_skew_ms.............: avg=0s       min=0s       med=0s       max=0s       p(90)=0s       p(95)=0s       p(99)=0s       count=480
    room_success...................: 479    7.689053/s
    room_unexpected_4xx............: 0      0/s

    HTTP
    http_req_duration..............: avg=71.15ms  min=4.31ms   med=58.66ms  max=593.57ms p(90)=93.31ms  p(95)=133.85ms p(99)=396.27ms count=504
      { expected_response:true }...: avg=70.12ms  min=4.31ms   med=58.58ms  max=593.57ms p(90)=92.36ms  p(95)=128.38ms p(99)=347.75ms count=503
    http_req_failed................: 0.19%  1 out of 504
    http_reqs......................: 504    8.09036/s

    EXECUTION
    iteration_duration.............: avg=70.67ms  min=36.37ms  med=59.34ms  max=599.44ms p(90)=90.5ms   p(95)=112.61ms p(99)=359.06ms count=480
    iterations.....................: 480    7.705105/s
    vus............................: 0      min=0        max=4 
    vus_max........................: 16     min=16       max=16

    NETWORK
    data_received..................: 369 kB 5.9 kB/s
    data_sent......................: 46 kB  744 B/s




running (1m02.3s), 00/16 VUs, 480 complete and 0 interrupted iterations
room_write ✓ [ 100% ] 00/16 VUs  1m0s  8.00 iters/s