
         /\      Grafana   /‾‾/  
    /\  /  \     |\  __   /  /   
   /  \/    \    | |/ /  /   ‾‾\ 
  /          \   |   (  |  (‾)  |
 / __________ \  |_|\_\  \_____/ 

     execution: local
        script: /opt/albam-mate-load/room-k6/room-lock-786-minimal-v1-t1-constant-mixed-c8-p6-a/room-k6-t1-2eeeb8fc27f1/scenario.js
        output: -

     scenarios: (100.00%) 1 scenario, 32 max VUs, 1m30s max duration (incl. graceful stop):
              * room_write: 8.00 iterations/s for 1m0s (maxVUs: 16-32, gracefulStop: 30s)


Run          [ 100% ] setup()
room_write   [   0% ]

running (0m01.9s), 00/16 VUs, 5 complete and 0 interrupted iterations
room_write   [   1% ] 00/16 VUs  0m00.6s/1m0s  8.00 iters/s

running (0m02.9s), 00/16 VUs, 13 complete and 0 interrupted iterations
room_write   [   3% ] 00/16 VUs  0m01.6s/1m0s  8.00 iters/s

running (0m03.9s), 00/16 VUs, 21 complete and 0 interrupted iterations
room_write   [   4% ] 00/16 VUs  0m02.6s/1m0s  8.00 iters/s

running (0m04.9s), 00/16 VUs, 29 complete and 0 interrupted iterations
room_write   [   6% ] 00/16 VUs  0m03.6s/1m0s  8.00 iters/s

running (0m05.9s), 00/16 VUs, 37 complete and 0 interrupted iterations
room_write   [   8% ] 00/16 VUs  0m04.6s/1m0s  8.00 iters/s

running (0m06.9s), 00/16 VUs, 45 complete and 0 interrupted iterations
room_write   [   9% ] 00/16 VUs  0m05.6s/1m0s  8.00 iters/s

running (0m07.9s), 00/16 VUs, 53 complete and 0 interrupted iterations
room_write   [  11% ] 00/16 VUs  0m06.6s/1m0s  8.00 iters/s

running (0m08.9s), 00/16 VUs, 61 complete and 0 interrupted iterations
room_write   [  13% ] 00/16 VUs  0m07.6s/1m0s  8.00 iters/s

running (0m09.9s), 00/16 VUs, 69 complete and 0 interrupted iterations
room_write   [  14% ] 00/16 VUs  0m08.6s/1m0s  8.00 iters/s

running (0m10.9s), 00/16 VUs, 77 complete and 0 interrupted iterations
room_write   [  16% ] 00/16 VUs  0m09.6s/1m0s  8.00 iters/s

running (0m11.9s), 00/16 VUs, 85 complete and 0 interrupted iterations
room_write   [  18% ] 00/16 VUs  0m10.6s/1m0s  8.00 iters/s

running (0m12.9s), 00/16 VUs, 93 complete and 0 interrupted iterations
room_write   [  19% ] 00/16 VUs  0m11.6s/1m0s  8.00 iters/s

running (0m13.9s), 01/16 VUs, 100 complete and 0 interrupted iterations
room_write   [  21% ] 01/16 VUs  0m12.6s/1m0s  8.00 iters/s

running (0m14.9s), 00/16 VUs, 109 complete and 0 interrupted iterations
room_write   [  23% ] 00/16 VUs  0m13.6s/1m0s  8.00 iters/s

running (0m15.9s), 00/16 VUs, 117 complete and 0 interrupted iterations
room_write   [  24% ] 00/16 VUs  0m14.6s/1m0s  8.00 iters/s

running (0m16.9s), 00/16 VUs, 125 complete and 0 interrupted iterations
room_write   [  26% ] 00/16 VUs  0m15.6s/1m0s  8.00 iters/s

running (0m17.9s), 00/16 VUs, 133 complete and 0 interrupted iterations
room_write   [  28% ] 00/16 VUs  0m16.6s/1m0s  8.00 iters/s

running (0m18.9s), 00/16 VUs, 141 complete and 0 interrupted iterations
room_write   [  29% ] 00/16 VUs  0m17.6s/1m0s  8.00 iters/s

running (0m19.9s), 00/16 VUs, 149 complete and 0 interrupted iterations
room_write   [  31% ] 00/16 VUs  0m18.6s/1m0s  8.00 iters/s

running (0m20.9s), 00/16 VUs, 157 complete and 0 interrupted iterations
room_write   [  33% ] 00/16 VUs  0m19.6s/1m0s  8.00 iters/s

running (0m21.9s), 00/16 VUs, 165 complete and 0 interrupted iterations
room_write   [  34% ] 00/16 VUs  0m20.6s/1m0s  8.00 iters/s

running (0m22.9s), 00/16 VUs, 173 complete and 0 interrupted iterations
room_write   [  36% ] 00/16 VUs  0m21.6s/1m0s  8.00 iters/s

running (0m23.9s), 00/16 VUs, 181 complete and 0 interrupted iterations
room_write   [  38% ] 00/16 VUs  0m22.6s/1m0s  8.00 iters/s

running (0m24.9s), 00/16 VUs, 189 complete and 0 interrupted iterations
room_write   [  39% ] 00/16 VUs  0m23.6s/1m0s  8.00 iters/s

running (0m25.9s), 00/16 VUs, 197 complete and 0 interrupted iterations
room_write   [  41% ] 00/16 VUs  0m24.6s/1m0s  8.00 iters/s

running (0m26.9s), 00/16 VUs, 205 complete and 0 interrupted iterations
room_write   [  43% ] 00/16 VUs  0m25.6s/1m0s  8.00 iters/s

running (0m27.9s), 00/16 VUs, 213 complete and 0 interrupted iterations
room_write   [  44% ] 00/16 VUs  0m26.6s/1m0s  8.00 iters/s

running (0m28.9s), 01/16 VUs, 220 complete and 0 interrupted iterations
room_write   [  46% ] 01/16 VUs  0m27.6s/1m0s  8.00 iters/s

running (0m29.9s), 01/16 VUs, 228 complete and 0 interrupted iterations
room_write   [  48% ] 01/16 VUs  0m28.6s/1m0s  8.00 iters/s

running (0m30.9s), 00/16 VUs, 237 complete and 0 interrupted iterations
room_write   [  49% ] 00/16 VUs  0m29.6s/1m0s  8.00 iters/s

running (0m31.9s), 00/16 VUs, 245 complete and 0 interrupted iterations
room_write   [  51% ] 00/16 VUs  0m30.6s/1m0s  8.00 iters/s

running (0m32.9s), 00/16 VUs, 253 complete and 0 interrupted iterations
room_write   [  53% ] 00/16 VUs  0m31.6s/1m0s  8.00 iters/s

running (0m33.9s), 00/16 VUs, 261 complete and 0 interrupted iterations
room_write   [  54% ] 00/16 VUs  0m32.6s/1m0s  8.00 iters/s

running (0m34.9s), 00/16 VUs, 269 complete and 0 interrupted iterations
room_write   [  56% ] 00/16 VUs  0m33.6s/1m0s  8.00 iters/s

running (0m35.9s), 00/16 VUs, 277 complete and 0 interrupted iterations
room_write   [  58% ] 00/16 VUs  0m34.6s/1m0s  8.00 iters/s

running (0m36.9s), 00/16 VUs, 285 complete and 0 interrupted iterations
room_write   [  59% ] 00/16 VUs  0m35.6s/1m0s  8.00 iters/s

running (0m37.9s), 00/16 VUs, 293 complete and 0 interrupted iterations
room_write   [  61% ] 00/16 VUs  0m36.6s/1m0s  8.00 iters/s

running (0m38.9s), 00/16 VUs, 301 complete and 0 interrupted iterations
room_write   [  63% ] 00/16 VUs  0m37.6s/1m0s  8.00 iters/s

running (0m39.9s), 00/16 VUs, 309 complete and 0 interrupted iterations
room_write   [  64% ] 00/16 VUs  0m38.6s/1m0s  8.00 iters/s

running (0m40.9s), 00/16 VUs, 317 complete and 0 interrupted iterations
room_write   [  66% ] 00/16 VUs  0m39.6s/1m0s  8.00 iters/s

running (0m41.9s), 00/16 VUs, 325 complete and 0 interrupted iterations
room_write   [  68% ] 00/16 VUs  0m40.6s/1m0s  8.00 iters/s

running (0m42.9s), 00/16 VUs, 333 complete and 0 interrupted iterations
room_write   [  69% ] 00/16 VUs  0m41.6s/1m0s  8.00 iters/s

running (0m43.9s), 00/16 VUs, 341 complete and 0 interrupted iterations
room_write   [  71% ] 00/16 VUs  0m42.6s/1m0s  8.00 iters/s

running (0m44.9s), 00/16 VUs, 349 complete and 0 interrupted iterations
room_write   [  73% ] 00/16 VUs  0m43.6s/1m0s  8.00 iters/s

running (0m45.9s), 00/16 VUs, 357 complete and 0 interrupted iterations
room_write   [  74% ] 00/16 VUs  0m44.6s/1m0s  8.00 iters/s

running (0m46.9s), 00/16 VUs, 365 complete and 0 interrupted iterations
room_write   [  76% ] 00/16 VUs  0m45.6s/1m0s  8.00 iters/s

running (0m47.9s), 00/16 VUs, 373 complete and 0 interrupted iterations
room_write   [  78% ] 00/16 VUs  0m46.6s/1m0s  8.00 iters/s

running (0m48.9s), 00/16 VUs, 381 complete and 0 interrupted iterations
room_write   [  79% ] 00/16 VUs  0m47.6s/1m0s  8.00 iters/s

running (0m49.9s), 00/16 VUs, 389 complete and 0 interrupted iterations
room_write   [  81% ] 00/16 VUs  0m48.6s/1m0s  8.00 iters/s

running (0m50.9s), 00/16 VUs, 397 complete and 0 interrupted iterations
room_write   [  83% ] 00/16 VUs  0m49.6s/1m0s  8.00 iters/s

running (0m51.9s), 00/16 VUs, 405 complete and 0 interrupted iterations
room_write   [  84% ] 00/16 VUs  0m50.6s/1m0s  8.00 iters/s

running (0m52.9s), 00/16 VUs, 413 complete and 0 interrupted iterations
room_write   [  86% ] 00/16 VUs  0m51.6s/1m0s  8.00 iters/s

running (0m53.9s), 00/16 VUs, 421 complete and 0 interrupted iterations
room_write   [  88% ] 00/16 VUs  0m52.6s/1m0s  8.00 iters/s

running (0m54.9s), 00/16 VUs, 429 complete and 0 interrupted iterations
room_write   [  89% ] 00/16 VUs  0m53.6s/1m0s  8.00 iters/s

running (0m55.9s), 00/16 VUs, 437 complete and 0 interrupted iterations
room_write   [  91% ] 00/16 VUs  0m54.6s/1m0s  8.00 iters/s

running (0m56.9s), 00/16 VUs, 445 complete and 0 interrupted iterations
room_write   [  93% ] 00/16 VUs  0m55.6s/1m0s  8.00 iters/s

running (0m57.9s), 00/16 VUs, 453 complete and 0 interrupted iterations
room_write   [  94% ] 00/16 VUs  0m56.6s/1m0s  8.00 iters/s

running (0m58.9s), 00/16 VUs, 461 complete and 0 interrupted iterations
room_write   [  96% ] 00/16 VUs  0m57.6s/1m0s  8.00 iters/s

running (0m59.9s), 00/16 VUs, 469 complete and 0 interrupted iterations
room_write   [  98% ] 00/16 VUs  0m58.6s/1m0s  8.00 iters/s

running (1m00.9s), 00/16 VUs, 477 complete and 0 interrupted iterations
room_write   [  99% ] 00/16 VUs  0m59.6s/1m0s  8.00 iters/s


  █ THRESHOLDS 

    room_contract_failures
    ✓ 'count==0' count=0

    room_request_duration{outcome:business}
    ✓ 'p(99)>=0' p(99)=0s

    room_request_duration{outcome:concurrency}
    ✓ 'p(99)>=0' p(99)=0s

    room_request_duration{outcome:success}
    ✓ 'p(99)>=0' p(99)=102.3ms

    room_request_duration{outcome:unexpected}
    ✓ 'p(99)>=0' p(99)=0s

    room_server_failures
    ✓ 'count==0' count=0

    room_start_skew_ms
    ✓ 'max<1000' max=0s

    room_unexpected_4xx
    ✓ 'count==0' count=0


  █ TOTAL RESULTS 

    checks_total.......: 480     7.830156/s
    checks_succeeded...: 100.00% 480 out of 480
    checks_failed......: 0.00%   0 out of 480

    ✓ ROOM-LOCK-CMP T1 cancel participation response contract

    CUSTOM
    room_business_failures.........: 0      0/s
    room_concurrent_failures.......: 0      0/s
    room_contract_failures.........: 0      0/s
    room_created...................: 0      0/s
    room_request_duration..........: avg=46.5ms  min=30.11ms med=43.93ms max=193.83ms p(90)=58.98ms p(95)=67.59ms p(99)=102.3ms  count=480
      { outcome:business }.........: avg=0s      min=0s      med=0s      max=0s       p(90)=0s      p(95)=0s      p(99)=0s       count=0  
      { outcome:concurrency }......: avg=0s      min=0s      med=0s      max=0s       p(90)=0s      p(95)=0s      p(99)=0s       count=0  
      { outcome:success }..........: avg=46.5ms  min=30.11ms med=43.93ms max=193.83ms p(90)=58.98ms p(95)=67.59ms p(99)=102.3ms  count=480
      { outcome:unexpected }.......: avg=0s      min=0s      med=0s      max=0s       p(90)=0s      p(95)=0s      p(99)=0s       count=0  
    room_requests..................: 480    7.830156/s
    room_server_failures...........: 0      0/s
    room_start_skew_ms.............: avg=0s      min=0s      med=0s      max=0s       p(90)=0s      p(95)=0s      p(99)=0s       count=480
    room_success...................: 480    7.830156/s
    room_unexpected_4xx............: 0      0/s

    HTTP
    http_req_duration..............: avg=46.83ms min=2.86ms  med=43.79ms max=193.83ms p(90)=59.65ms p(95)=72.51ms p(99)=148.46ms count=504
      { expected_response:true }...: avg=46.83ms min=2.86ms  med=43.79ms max=193.83ms p(90)=59.65ms p(95)=72.51ms p(99)=148.46ms count=504
    http_req_failed................: 0.00%  0 out of 504
    http_reqs......................: 504    8.221664/s

    EXECUTION
    iteration_duration.............: avg=47.09ms min=68.43µs med=44.41ms max=194.29ms p(90)=59.77ms p(95)=68.05ms p(99)=102.62ms count=481
    iterations.....................: 481    7.846469/s
    vus............................: 0      min=0        max=1 
    vus_max........................: 16     min=16       max=16

    NETWORK
    data_received..................: 369 kB 6.0 kB/s
    data_sent......................: 45 kB  728 B/s




running (1m01.3s), 00/16 VUs, 481 complete and 0 interrupted iterations
room_write ✓ [ 100% ] 00/16 VUs  1m0s  8.00 iters/stime="2026-08-20T09:50:32Z" level=error msg="Error: constant-arrival-rate iteration에 대응하는 fixture target이 없습니다: 480\n\tat targetForConstantArrival (file:///opt/albam-mate-load/room-k6/room-lock-786-minimal-v1-t1-constant-mixed-c8-p6-a/room-k6-t1-2eeeb8fc27f1/scenario.js:60:11(14))\n\tat measurementTarget (file:///opt/albam-mate-load/room-k6/room-lock-786-minimal-v1-t1-constant-mixed-c8-p6-a/room-k6-t1-2eeeb8fc27f1/scenario.js:78:37(63))\n\tat default (file:///opt/albam-mate-load/room-k6/room-lock-786-minimal-v1-t1-constant-mixed-c8-p6-a/room-k6-t1-2eeeb8fc27f1/scenario.js:86:39(4))\n" executor=constant-arrival-rate scenario=room_write source=stacktrace