2026-08-19T10:31:35.021188377Z 2026-08-19T10:31:34.978Z  WARN 1 --- [albam-mate] [trics-publisher] [                                                 ] i.m.registry.otlp.OtlpMeterRegistry      : Failed to publish metrics to OTLP receiver (context: url=http://localhost:4318/v1/metrics, resource-attributes={service.name=albam-mate})
2026-08-19T10:31:35.021295294Z 
2026-08-19T10:31:35.021300752Z java.lang.Exception: java.net.ConnectException
2026-08-19T10:31:35.021302544Z 	at io.micrometer.registry.otlp.OtlpHttpMetricsSender.send(OtlpHttpMetricsSender.java:64) ~[micrometer-registry-otlp-1.17.0.jar!/:1.17.0]
2026-08-19T10:31:35.021304752Z 	at io.micrometer.registry.otlp.OtlpMeterRegistry.publish(OtlpMeterRegistry.java:193) ~[micrometer-registry-otlp-1.17.0.jar!/:1.17.0]
2026-08-19T10:31:35.021306544Z 	at io.micrometer.core.instrument.push.PushMeterRegistry.publishSafelyOrSkipIfInProgress(PushMeterRegistry.java:63) ~[micrometer-core-1.17.0.jar!/:1.17.0]
2026-08-19T10:31:35.021308127Z 	at java.base/java.util.concurrent.Executors$RunnableAdapter.call(Unknown Source) ~[na:na]
2026-08-19T10:31:35.021324919Z 	at java.base/java.util.concurrent.FutureTask.runAndReset(Unknown Source) ~[na:na]
2026-08-19T10:31:35.021326502Z 	at java.base/java.util.concurrent.ScheduledThreadPoolExecutor$ScheduledFutureTask.run(Unknown Source) ~[na:na]
2026-08-19T10:31:35.021327752Z 	at java.base/java.util.concurrent.ThreadPoolExecutor.runWorker(Unknown Source) ~[na:na]
2026-08-19T10:31:35.021328960Z 	at java.base/java.util.concurrent.ThreadPoolExecutor$Worker.run(Unknown Source) ~[na:na]
2026-08-19T10:31:35.021330127Z 	at java.base/java.lang.Thread.run(Unknown Source) ~[na:na]
2026-08-19T10:31:35.021331419Z Caused by: java.net.ConnectException
2026-08-19T10:31:35.021332502Z 	at java.net.http/jdk.internal.net.http.HttpClientImpl.send(Unknown Source) ~[java.net.http:na]
2026-08-19T10:31:35.021333710Z 	at java.net.http/jdk.internal.net.http.HttpClientFacade.send(Unknown Source) ~[java.net.http:na]
2026-08-19T10:31:35.021335002Z 	at org.springframework.boot.micrometer.metrics.autoconfigure.export.otlp.JdkClientHttpSender.send(JdkClientHttpSender.java:83) ~[spring-boot-micrometer-metrics-4.1.0.jar!/:4.1.0]
2026-08-19T10:31:35.021336335Z 	at io.micrometer.core.ipc.http.HttpSender$Request$Builder.send(HttpSender.java:306) ~[micrometer-core-1.17.0.jar!/:1.17.0]
2026-08-19T10:31:35.021337627Z 	at io.micrometer.registry.otlp.OtlpHttpMetricsSender.send(OtlpHttpMetricsSender.java:61) ~[micrometer-registry-otlp-1.17.0.jar!/:1.17.0]
2026-08-19T10:31:35.021338877Z 	... 8 common frames omitted
2026-08-19T10:31:35.021339919Z Caused by: java.net.ConnectException
2026-08-19T10:31:35.021342502Z 	at java.net.http/jdk.internal.net.http.common.Utils.toConnectException(Unknown Source) ~[java.net.http:na]
2026-08-19T10:31:35.021343794Z 	at java.net.http/jdk.internal.net.http.PlainHttpConnection.connectAsync(Unknown Source) ~[java.net.http:na]
2026-08-19T10:31:35.021345044Z 	at java.net.http/jdk.internal.net.http.PlainHttpConnection.checkRetryConnect(Unknown Source) ~[java.net.http:na]
2026-08-19T10:31:35.021346252Z 	at java.net.http/jdk.internal.net.http.PlainHttpConnection.lambda$connectAsync$2(Unknown Source) ~[java.net.http:na]
2026-08-19T10:31:35.021347460Z 	at java.base/java.util.concurrent.CompletableFuture.uniHandle(Unknown Source) ~[na:na]
2026-08-19T10:31:35.021348669Z 	at java.base/java.util.concurrent.CompletableFuture$UniHandle.tryFire(Unknown Source) ~[na:na]
2026-08-19T10:31:35.021349877Z 	at java.base/java.util.concurrent.CompletableFuture.postComplete(Unknown Source) ~[na:na]
2026-08-19T10:31:35.021351044Z 	at java.base/java.util.concurrent.CompletableFuture$AsyncSupply.run(Unknown Source) ~[na:na]
2026-08-19T10:31:35.021352210Z 	... 3 common frames omitted
2026-08-19T10:31:35.021353294Z Caused by: java.nio.channels.ClosedChannelException
2026-08-19T10:31:35.021354419Z 	at java.base/sun.nio.ch.SocketChannelImpl.ensureOpen(Unknown Source) ~[na:na]
2026-08-19T10:31:35.021355585Z 	at java.base/sun.nio.ch.SocketChannelImpl.beginConnect(Unknown Source) ~[na:na]
2026-08-19T10:31:35.021359210Z 	at java.base/sun.nio.ch.SocketChannelImpl.connect(Unknown Source) ~[na:na]
2026-08-19T10:31:35.021360502Z 	at java.net.http/jdk.internal.net.http.PlainHttpConnection.lambda$connectAsync$1(Unknown Source) ~[java.net.http:na]
2026-08-19T10:31:35.021361794Z 	at java.base/java.security.AccessController.doPrivileged(Unknown Source) ~[na:na]
2026-08-19T10:31:35.021363002Z 	... 10 common frames omitted
2026-08-19T10:31:35.021364085Z 
2026-08-19T10:31:35.798962211Z 2026-08-19T10:31:35.797Z  INFO 1 --- [albam-mate] [nio-8080-exec-6] [1aff7bed888a1c6c9ed5466f88aff3e2-5bd52bc3970d649f] c.b.a.game.controller.GameController     : game search completed
