2026-08-19T10:31:40.253314171Z 2026-08-19 10:31:40.249 UTC [84] app2 LOG:  duration: 1.693 ms  statement: 
2026-08-19T10:31:40.607799380Z 2026-08-19 10:31:40.607 UTC [84] app2 LOG:  duration: 1.986 ms  statement: BEGIN READ ONLY
2026-08-19T10:31:40.615217130Z 2026-08-19 10:31:40.614 UTC [84] app2 LOG:  duration: 5.377 ms  parse <unnamed>: select count(gm1_0.id) from game_mechanisms gm1_0 where gm1_0.code in ($1) and gm1_0.is_public=true
2026-08-19T10:31:40.630502671Z 2026-08-19 10:31:40.630 UTC [84] app2 LOG:  duration: 15.139 ms  bind <unnamed>: select count(gm1_0.id) from game_mechanisms gm1_0 where gm1_0.code in ($1) and gm1_0.is_public=true
2026-08-19T10:31:40.630547046Z 2026-08-19 10:31:40.630 UTC [84] app2 DETAIL:  Parameters: $1 = 'HAND_MANAGEMENT'
2026-08-19T10:31:40.634775588Z 2026-08-19 10:31:40.633 UTC [84] app2 LOG:  duration: 1.091 ms  execute <unnamed>: select count(gm1_0.id) from game_mechanisms gm1_0 where gm1_0.code in ($1) and gm1_0.is_public=true
2026-08-19T10:31:40.634814338Z 2026-08-19 10:31:40.633 UTC [84] app2 DETAIL:  Parameters: $1 = 'HAND_MANAGEMENT'
2026-08-19T10:31:40.680841671Z 2026-08-19 10:31:40.680 UTC [84] app2 LOG:  duration: 0.926 ms  parse <unnamed>: select count(gt1_0.id) from game_themes gt1_0 where gt1_0.code in ($1)
2026-08-19T10:31:40.689064796Z 2026-08-19 10:31:40.688 UTC [84] app2 LOG:  duration: 7.289 ms  bind <unnamed>: select count(gt1_0.id) from game_themes gt1_0 where gt1_0.code in ($1)
2026-08-19T10:31:40.689107838Z 2026-08-19 10:31:40.688 UTC [84] app2 DETAIL:  Parameters: $1 = 'BOOK_BGG_1117'
2026-08-19T10:31:40.697558088Z 2026-08-19 10:31:40.697 UTC [84] app2 LOG:  duration: 5.977 ms  execute <unnamed>: select count(gt1_0.id) from game_themes gt1_0 where gt1_0.code in ($1)
2026-08-19T10:31:40.697761963Z 2026-08-19 10:31:40.697 UTC [84] app2 DETAIL:  Parameters: $1 = 'BOOK_BGG_1117'
2026-08-19T10:31:40.883985713Z 2026-08-19 10:31:40.882 UTC [84] app2 LOG:  duration: 1.529 ms  parse <unnamed>: select g1_0.id,g1_0.alias,g1_0.bgg_id,g1_0.complexity,g1_0.created_at,g1_0.description,g1_0.detail_description,g1_0.english_name,g1_0.estimated_play_time,g1_0.image_url,g1_0.max_play_time_minutes,g1_0.max_players,g1_0.min_age,g1_0.min_play_time_minutes,g1_0.min_players,g1_0.name,g1_0.popularity_score,g1_0.release_year,g1_0.supported_player_count,g1_0.tag,g1_0.updated_at from games g1_0 where g1_0.id in ((select gmr1_0.game_id from game_mechanism_relations gmr1_0 join game_mechanisms m1_0 on m1_0.id=gmr1_0.mechanism_id where m1_0.code in ($1) and m1_0.is_public)) and g1_0.id in ((select gtr1_0.game_id from game_theme_relations gtr1_0 join game_themes t1_0 on t1_0.id=gtr1_0.theme_id where t1_0.code in ($2))) order by g1_0.popularity_score desc,g1_0.name,g1_0.id offset $3 rows fetch first $4 rows only
2026-08-19T10:31:40.906187672Z 2026-08-19 10:31:40.905 UTC [84] app2 LOG:  duration: 23.380 ms  bind <unnamed>: select g1_0.id,g1_0.alias,g1_0.bgg_id,g1_0.complexity,g1_0.created_at,g1_0.description,g1_0.detail_description,g1_0.english_name,g1_0.estimated_play_time,g1_0.image_url,g1_0.max_play_time_minutes,g1_0.max_players,g1_0.min_age,g1_0.min_play_time_minutes,g1_0.min_players,g1_0.name,g1_0.popularity_score,g1_0.release_year,g1_0.supported_player_count,g1_0.tag,g1_0.updated_at from games g1_0 where g1_0.id in ((select gmr1_0.game_id from game_mechanism_relations gmr1_0 join game_mechanisms m1_0 on m1_0.id=gmr1_0.mechanism_id where m1_0.code in ($1) and m1_0.is_public)) and g1_0.id in ((select gtr1_0.game_id from game_theme_relations gtr1_0 join game_themes t1_0 on t1_0.id=gtr1_0.theme_id where t1_0.code in ($2))) order by g1_0.popularity_score desc,g1_0.name,g1_0.id offset $3 rows fetch first $4 rows only
2026-08-19T10:31:40.906296922Z 2026-08-19 10:31:40.905 UTC [84] app2 DETAIL:  Parameters: $1 = 'HAND_MANAGEMENT', $2 = 'BOOK_BGG_1117', $3 = '0', $4 = '25'
2026-08-19T10:31:41.396689338Z 2026-08-19 10:31:41.396 UTC [86] app2 LOG:  duration: 0.306 ms  statement: 
2026-08-19T10:31:41.399142463Z 2026-08-19 10:31:41.399 UTC [86] app2 LOG:  duration: 0.039 ms  statement: 
2026-08-19T10:31:41.718228839Z 2026-08-19 10:31:41.717 UTC [86] app2 LOG:  duration: 0.133 ms  statement: BEGIN
2026-08-19T10:31:41.723563464Z 2026-08-19 10:31:41.723 UTC [86] app2 LOG:  duration: 5.384 ms  parse <unnamed>: with operation as materialized (
2026-08-19T10:31:41.723606630Z 	    select clock_timestamp() as operation_time
2026-08-19T10:31:41.723612214Z 	), claimable as (
2026-08-19T10:31:41.723613589Z 	    select event.id as id, event.available_at as available_at, operation.operation_time as operation_time
2026-08-19T10:31:41.723615005Z 	    from notification_outbox_events event
2026-08-19T10:31:41.723616089Z 	    cross join operation
2026-08-19T10:31:41.723617130Z 	    where event.status in ('PENDING', 'RETRY_WAIT')
2026-08-19T10:31:41.723618255Z 	      and event.available_at <= operation.operation_time
2026-08-19T10:31:41.723619422Z 	    order by event.available_at asc, event.id asc
2026-08-19T10:31:41.723620464Z 	    limit 1
2026-08-19T10:31:41.723621464Z 	    for update of event skip locked
2026-08-19T10:31:41.723622505Z 	)
2026-08-19T10:31:41.723623505Z 	select id as id, available_at as "availableAt", operation_time as "operationTime"
2026-08-19T10:31:41.723624880Z 	from claimable
2026-08-19T10:31:41.723625880Z 	
2026-08-19T10:31:41.725001214Z 2026-08-19 10:31:41.724 UTC [86] app2 LOG:  duration: 1.355 ms  bind <unnamed>: with operation as materialized (
2026-08-19T10:31:41.725043297Z 	    select clock_timestamp() as operation_time
2026-08-19T10:31:41.725066505Z 	), claimable as (
2026-08-19T10:31:41.725068380Z 	    select event.id as id, event.available_at as available_at, operation.operation_time as operation_time
2026-08-19T10:31:41.725069797Z 	    from notification_outbox_events event
2026-08-19T10:31:41.725070922Z 	    cross join operation
2026-08-19T10:31:41.725088380Z 	    where event.status in ('PENDING', 'RETRY_WAIT')
2026-08-19T10:31:41.725090464Z 	      and event.available_at <= operation.operation_time
2026-08-19T10:31:41.725091714Z 	    order by event.available_at asc, event.id asc
2026-08-19T10:31:41.725092839Z 	    limit 1
2026-08-19T10:31:41.725093880Z 	    for update of event skip locked
2026-08-19T10:31:41.725094922Z 	)
2026-08-19T10:31:41.725095922Z 	select id as id, available_at as "availableAt", operation_time as "operationTime"
2026-08-19T10:31:41.725097297Z 	from claimable
2026-08-19T10:31:41.725098589Z 	
2026-08-19T10:31:41.725099589Z 2026-08-19 10:31:41.724 UTC [86] app2 LOG:  duration: 0.082 ms  execute <unnamed>: with operation as materialized (
2026-08-19T10:31:41.725100964Z 	    select clock_timestamp() as operation_time
2026-08-19T10:31:41.725102089Z 	), claimable as (
2026-08-19T10:31:41.725103130Z 	    select event.id as id, event.available_at as available_at, operation.operation_time as operation_time
2026-08-19T10:31:41.725104297Z 	    from notification_outbox_events event
2026-08-19T10:31:41.725105339Z 	    cross join operation
2026-08-19T10:31:41.725106339Z 	    where event.status in ('PENDING', 'RETRY_WAIT')
2026-08-19T10:31:41.725107380Z 	      and event.available_at <= operation.operation_time
2026-08-19T10:31:41.725108464Z 	    order by event.available_at asc, event.id asc
2026-08-19T10:31:41.725109547Z 	    limit 1
2026-08-19T10:31:41.725110547Z 	    for update of event skip locked
2026-08-19T10:31:41.725111589Z 	)
2026-08-19T10:31:41.725112547Z 	select id as id, available_at as "availableAt", operation_time as "operationTime"
2026-08-19T10:31:41.725113797Z 	from claimable
2026-08-19T10:31:41.725114755Z 	
2026-08-19T10:31:41.726952089Z 2026-08-19 10:31:41.726 UTC [86] app2 LOG:  duration: 0.638 ms  parse <unnamed>: SELECT c.oid, a.attnum, a.attname, c.relname, n.nspname, a.attnotnull OR (t.typtype = 'd' AND t.typnotnull), a.attidentity != '' OR pg_catalog.pg_get_expr(d.adbin, d.adrelid) LIKE '%nextval(%' FROM pg_catalog.pg_class c JOIN pg_catalog.pg_namespace n ON (c.relnamespace = n.oid) JOIN pg_catalog.pg_attribute a ON (c.oid = a.attrelid) JOIN pg_catalog.pg_type t ON (a.atttypid = t.oid) LEFT JOIN pg_catalog.pg_attrdef d ON (d.adrelid = a.attrelid AND d.adnum = a.attnum) JOIN (SELECT 16509 AS oid , 1 AS attnum UNION ALL SELECT 16509, 7) vals ON (c.oid = vals.oid AND a.attnum = vals.attnum) where c.oid in (16509)
2026-08-19T10:31:41.731708922Z 2026-08-19 10:31:41.731 UTC [86] app2 LOG:  duration: 4.806 ms  bind <unnamed>: SELECT c.oid, a.attnum, a.attname, c.relname, n.nspname, a.attnotnull OR (t.typtype = 'd' AND t.typnotnull), a.attidentity != '' OR pg_catalog.pg_get_expr(d.adbin, d.adrelid) LIKE '%nextval(%' FROM pg_catalog.pg_class c JOIN pg_catalog.pg_namespace n ON (c.relnamespace = n.oid) JOIN pg_catalog.pg_attribute a ON (c.oid = a.attrelid) JOIN pg_catalog.pg_type t ON (a.atttypid = t.oid) LEFT JOIN pg_catalog.pg_attrdef d ON (d.adrelid = a.attrelid AND d.adnum = a.attnum) JOIN (SELECT 16509 AS oid , 1 AS attnum UNION ALL SELECT 16509, 7) vals ON (c.oid = vals.oid AND a.attnum = vals.attnum) where c.oid in (16509)
2026-08-19T10:31:41.732102130Z 2026-08-19 10:31:41.731 UTC [86] app2 LOG:  duration: 0.281 ms  execute <unnamed>: SELECT c.oid, a.attnum, a.attname, c.relname, n.nspname, a.attnotnull OR (t.typtype = 'd' AND t.typnotnull), a.attidentity != '' OR pg_catalog.pg_get_expr(d.adbin, d.adrelid) LIKE '%nextval(%' FROM pg_catalog.pg_class c JOIN pg_catalog.pg_namespace n ON (c.relnamespace = n.oid) JOIN pg_catalog.pg_attribute a ON (c.oid = a.attrelid) JOIN pg_catalog.pg_type t ON (a.atttypid = t.oid) LEFT JOIN pg_catalog.pg_attrdef d ON (d.adrelid = a.attrelid AND d.adnum = a.attnum) JOIN (SELECT 16509 AS oid , 1 AS attnum UNION ALL SELECT 16509, 7) vals ON (c.oid = vals.oid AND a.attnum = vals.attnum) where c.oid in (16509)
2026-08-19T10:31:41.734702130Z 2026-08-19 10:31:41.734 UTC [86] app2 LOG:  duration: 0.052 ms  bind S_1: COMMIT
2026-08-19T10:31:41.734813589Z 2026-08-19 10:31:41.734 UTC [86] app2 LOG:  duration: 0.078 ms  execute S_1: COMMIT
2026-08-19T10:31:41.738278755Z 2026-08-19 10:31:41.738 UTC [86] app2 LOG:  duration: 0.650 ms  parse <unnamed>: with operation as materialized (
2026-08-19T10:31:41.738301839Z 	    select clock_timestamp() as operation_time
2026-08-19T10:31:41.738304422Z 	)
2026-08-19T10:31:41.738306130Z 	select extract(epoch from (
2026-08-19T10:31:41.738307547Z 	    operation.operation_time - (
2026-08-19T10:31:41.738308839Z 	        select min(event.available_at)
2026-08-19T10:31:41.738310172Z 	        from notification_outbox_events event
2026-08-19T10:31:41.738311505Z 	        where event.status in ('PENDING', 'RETRY_WAIT')
2026-08-19T10:31:41.738312714Z 	          and event.available_at <= operation.operation_time
2026-08-19T10:31:41.738314089Z 	    )
2026-08-19T10:31:41.738315380Z 	)) * 1000
2026-08-19T10:31:41.738316547Z 	from operation
2026-08-19T10:31:41.738317714Z 	
2026-08-19T10:31:41.738540089Z 2026-08-19 10:31:41.738 UTC [86] app2 LOG:  duration: 0.295 ms  bind <unnamed>: with operation as materialized (
2026-08-19T10:31:41.738544922Z 	    select clock_timestamp() as operation_time
2026-08-19T10:31:41.738546464Z 	)
2026-08-19T10:31:41.738547672Z 	select extract(epoch from (
2026-08-19T10:31:41.738548880Z 	    operation.operation_time - (
2026-08-19T10:31:41.738550089Z 	        select min(event.available_at)
2026-08-19T10:31:41.738551297Z 	        from notification_outbox_events event
2026-08-19T10:31:41.738552589Z 	        where event.status in ('PENDING', 'RETRY_WAIT')
2026-08-19T10:31:41.738599130Z 	          and event.available_at <= operation.operation_time
2026-08-19T10:31:41.738601672Z 	    )
2026-08-19T10:31:41.738602922Z 	)) * 1000
2026-08-19T10:31:41.738624589Z 	from operation
2026-08-19T10:31:41.738626297Z 	
2026-08-19T10:31:41.738627589Z 2026-08-19 10:31:41.738 UTC [86] app2 LOG:  duration: 0.013 ms  execute <unnamed>: with operation as materialized (
2026-08-19T10:31:41.738629130Z 	    select clock_timestamp() as operation_time
2026-08-19T10:31:41.738630422Z 	)
2026-08-19T10:31:41.738631547Z 	select extract(epoch from (
2026-08-19T10:31:41.738632714Z 	    operation.operation_time - (
2026-08-19T10:31:41.738633922Z 	        select min(event.available_at)
2026-08-19T10:31:41.738635089Z 	        from notification_outbox_events event
2026-08-19T10:31:41.738636297Z 	        where event.status in ('PENDING', 'RETRY_WAIT')
2026-08-19T10:31:41.738637505Z 	          and event.available_at <= operation.operation_time
2026-08-19T10:31:41.738638755Z 	    )
2026-08-19T10:31:41.738639880Z 	)) * 1000
2026-08-19T10:31:41.738641005Z 	from operation
2026-08-19T10:31:41.738642130Z 	
2026-08-19T10:31:43.033298423Z 2026-08-19 10:31:43.028 UTC [89] app1 LOG:  duration: 0.652 ms  statement: 
2026-08-19T10:31:43.065722381Z 2026-08-19 10:31:43.062 UTC [89] app1 LOG:  duration: 0.049 ms  statement: 
2026-08-19T10:31:43.308283506Z 2026-08-19 10:31:43.307 UTC [85] app1 LOG:  duration: 0.406 ms  statement: 
2026-08-19T10:31:43.416354131Z 2026-08-19 10:31:43.415 UTC [85] app1 LOG:  duration: 0.229 ms  statement: BEGIN
2026-08-19T10:31:43.419046089Z 2026-08-19 10:31:43.418 UTC [85] app1 LOG:  duration: 1.495 ms  bind S_3: with operation as materialized (
2026-08-19T10:31:43.419075464Z 	    select clock_timestamp() as operation_time
2026-08-19T10:31:43.419095964Z 	), claimable as (
2026-08-19T10:31:43.419099714Z 	    select event.id as id, event.available_at as available_at, operation.operation_time as operation_time
2026-08-19T10:31:43.419101173Z 	    from notification_outbox_events event
2026-08-19T10:31:43.419102506Z 	    cross join operation
2026-08-19T10:31:43.419103881Z 	    where event.status in ('PENDING', 'RETRY_WAIT')
2026-08-19T10:31:43.419111798Z 	      and event.available_at <= operation.operation_time
2026-08-19T10:31:43.419113548Z 	    order by event.available_at asc, event.id asc
2026-08-19T10:31:43.419114923Z 	    limit 1
2026-08-19T10:31:43.419116173Z 	    for update of event skip locked
2026-08-19T10:31:43.419117589Z 	)
2026-08-19T10:31:43.419121756Z 	select id as id, available_at as "availableAt", operation_time as "operationTime"
2026-08-19T10:31:43.419123381Z 	from claimable
2026-08-19T10:31:43.419124589Z 	
2026-08-19T10:31:43.419757589Z 2026-08-19 10:31:43.419 UTC [85] app1 LOG:  duration: 0.347 ms  execute S_3: with operation as materialized (
2026-08-19T10:31:43.420189006Z 	    select clock_timestamp() as operation_time
2026-08-19T10:31:43.420198089Z 	), claimable as (
2026-08-19T10:31:43.420200339Z 	    select event.id as id, event.available_at as available_at, operation.operation_time as operation_time
2026-08-19T10:31:43.420202006Z 	    from notification_outbox_events event
2026-08-19T10:31:43.420203339Z 	    cross join operation
2026-08-19T10:31:43.420204631Z 	    where event.status in ('PENDING', 'RETRY_WAIT')
2026-08-19T10:31:43.420206006Z 	      and event.available_at <= operation.operation_time
2026-08-19T10:31:43.420207548Z 	    order by event.available_at asc, event.id asc
2026-08-19T10:31:43.420208881Z 	    limit 1
2026-08-19T10:31:43.420210173Z 	    for update of event skip locked
2026-08-19T10:31:43.420211423Z 	)
2026-08-19T10:31:43.420212714Z 	select id as id, available_at as "availableAt", operation_time as "operationTime"
2026-08-19T10:31:43.420214298Z 	from claimable
2026-08-19T10:31:43.420215548Z 	
2026-08-19T10:31:43.449005048Z 2026-08-19 10:31:43.448 UTC [85] app1 LOG:  duration: 0.120 ms  bind S_1: COMMIT
2026-08-19T10:31:43.449476923Z 2026-08-19 10:31:43.449 UTC [85] app1 LOG:  duration: 0.264 ms  execute S_1: COMMIT
2026-08-19T10:31:43.488375298Z 2026-08-19 10:31:43.488 UTC [85] app1 LOG:  duration: 0.156 ms  bind S_4: with operation as materialized (
2026-08-19T10:31:43.488424589Z 	    select clock_timestamp() as operation_time
2026-08-19T10:31:43.488428548Z 	)
2026-08-19T10:31:43.488430006Z 	select extract(epoch from (
2026-08-19T10:31:43.488431464Z 	    operation.operation_time - (
2026-08-19T10:31:43.488432756Z 	        select min(event.available_at)
2026-08-19T10:31:43.488434006Z 	        from notification_outbox_events event
2026-08-19T10:31:43.488435339Z 	        where event.status in ('PENDING', 'RETRY_WAIT')
2026-08-19T10:31:43.488436881Z 	          and event.available_at <= operation.operation_time
2026-08-19T10:31:43.488438256Z 	    )
2026-08-19T10:31:43.488439464Z 	)) * 1000
2026-08-19T10:31:43.488440673Z 	from operation
2026-08-19T10:31:43.488441923Z 	
2026-08-19T10:31:43.490180673Z 2026-08-19 10:31:43.489 UTC [85] app1 LOG:  duration: 1.178 ms  execute S_4: with operation as materialized (
2026-08-19T10:31:43.490226089Z 	    select clock_timestamp() as operation_time
2026-08-19T10:31:43.490228839Z 	)
2026-08-19T10:31:43.490230589Z 	select extract(epoch from (
2026-08-19T10:31:43.490231881Z 	    operation.operation_time - (
2026-08-19T10:31:43.490260006Z 	        select min(event.available_at)
2026-08-19T10:31:43.490263714Z 	        from notification_outbox_events event
2026-08-19T10:31:43.490265006Z 	        where event.status in ('PENDING', 'RETRY_WAIT')
2026-08-19T10:31:43.490266589Z 	          and event.available_at <= operation.operation_time
2026-08-19T10:31:43.490268048Z 	    )
2026-08-19T10:31:43.490269381Z 	)) * 1000
2026-08-19T10:31:43.490270756Z 	from operation
2026-08-19T10:31:43.490272006Z 	
2026-08-19T10:31:45.203297090Z 2026-08-19 10:31:45.202 UTC [86] app2 LOG:  duration: 0.451 ms  statement: 
2026-08-19T10:31:45.205389257Z 2026-08-19 10:31:45.205 UTC [86] app2 LOG:  duration: 0.019 ms  statement: 
2026-08-19T10:31:46.125508299Z 2026-08-19 10:31:46.124 UTC [85] app1 LOG:  duration: 0.033 ms  statement: 
2026-08-19T10:31:46.182564466Z 2026-08-19 10:31:46.180 UTC [85] app1 LOG:  duration: 0.238 ms  statement: 
2026-08-19T10:31:46.755450174Z 2026-08-19 10:31:46.754 UTC [86] app2 LOG:  duration: 0.047 ms  statement: 
2026-08-19T10:31:46.770204883Z 2026-08-19 10:31:46.769 UTC [86] app2 LOG:  duration: 0.104 ms  statement: BEGIN
2026-08-19T10:31:46.776973549Z 2026-08-19 10:31:46.776 UTC [86] app2 LOG:  duration: 1.916 ms  parse <unnamed>: with operation as materialized (
2026-08-19T10:31:46.777041049Z 	    select clock_timestamp() as operation_time
2026-08-19T10:31:46.777048091Z 	), claimable as (
2026-08-19T10:31:46.777049924Z 	    select event.id as id, event.available_at as available_at, operation.operation_time as operation_time
2026-08-19T10:31:46.777051508Z 	    from notification_outbox_events event
2026-08-19T10:31:46.777052841Z 	    cross join operation
2026-08-19T10:31:46.777054299Z 	    where event.status in ('PENDING', 'RETRY_WAIT')
2026-08-19T10:31:46.777055633Z 	      and event.available_at <= operation.operation_time
2026-08-19T10:31:46.777057049Z 	    order by event.available_at asc, event.id asc
2026-08-19T10:31:46.777058383Z 	    limit 1
2026-08-19T10:31:46.777059633Z 	    for update of event skip locked
2026-08-19T10:31:46.777060924Z 	)
2026-08-19T10:31:46.777062174Z 	select id as id, available_at as "availableAt", operation_time as "operationTime"
2026-08-19T10:31:46.777063758Z 	from claimable
2026-08-19T10:31:46.777065008Z 	
2026-08-19T10:31:46.778300174Z 2026-08-19 10:31:46.778 UTC [86] app2 LOG:  duration: 1.469 ms  bind <unnamed>: with operation as materialized (
2026-08-19T10:31:46.778330716Z 	    select clock_timestamp() as operation_time
2026-08-19T10:31:46.778334299Z 	), claimable as (
2026-08-19T10:31:46.778335758Z 	    select event.id as id, event.available_at as available_at, operation.operation_time as operation_time
2026-08-19T10:31:46.778364216Z 	    from notification_outbox_events event
2026-08-19T10:31:46.778367466Z 	    cross join operation
2026-08-19T10:31:46.778368758Z 	    where event.status in ('PENDING', 'RETRY_WAIT')
2026-08-19T10:31:46.778370091Z 	      and event.available_at <= operation.operation_time
2026-08-19T10:31:46.778371466Z 	    order by event.available_at asc, event.id asc
2026-08-19T10:31:46.778372799Z 	    limit 1
2026-08-19T10:31:46.778374258Z 	    for update of event skip locked
2026-08-19T10:31:46.778375549Z 	)
2026-08-19T10:31:46.778376758Z 	select id as id, available_at as "availableAt", operation_time as "operationTime"
2026-08-19T10:31:46.778402299Z 	from claimable
2026-08-19T10:31:46.778857966Z 	
2026-08-19T10:31:46.778882966Z 2026-08-19 10:31:46.778 UTC [86] app2 LOG:  duration: 0.133 ms  execute <unnamed>: with operation as materialized (
2026-08-19T10:31:46.778886383Z 	    select clock_timestamp() as operation_time
2026-08-19T10:31:46.778888049Z 	), claimable as (
2026-08-19T10:31:46.778889508Z 	    select event.id as id, event.available_at as available_at, operation.operation_time as operation_time
2026-08-19T10:31:46.778891216Z 	    from notification_outbox_events event
2026-08-19T10:31:46.778892591Z 	    cross join operation
2026-08-19T10:31:46.778893799Z 	    where event.status in ('PENDING', 'RETRY_WAIT')
2026-08-19T10:31:46.778895049Z 	      and event.available_at <= operation.operation_time
2026-08-19T10:31:46.778896424Z 	    order by event.available_at asc, event.id asc
2026-08-19T10:31:46.778897674Z 	    limit 1
2026-08-19T10:31:46.778898883Z 	    for update of event skip locked
2026-08-19T10:31:46.778902549Z 	)
2026-08-19T10:31:46.778904383Z 	select id as id, available_at as "availableAt", operation_time as "operationTime"
2026-08-19T10:31:46.778906174Z 	from claimable
2026-08-19T10:31:46.778907633Z 	
2026-08-19T10:31:46.785136716Z 2026-08-19 10:31:46.784 UTC [86] app2 LOG:  duration: 0.056 ms  bind S_1: COMMIT
2026-08-19T10:31:46.785179966Z 2026-08-19 10:31:46.784 UTC [86] app2 LOG:  duration: 0.026 ms  execute S_1: COMMIT
2026-08-19T10:31:46.788612383Z 2026-08-19 10:31:46.788 UTC [86] app2 LOG:  duration: 0.523 ms  parse <unnamed>: with operation as materialized (
2026-08-19T10:31:46.788665924Z 	    select clock_timestamp() as operation_time
2026-08-19T10:31:46.788668341Z 	)
2026-08-19T10:31:46.788669883Z 	select extract(epoch from (
2026-08-19T10:31:46.788773216Z 	    operation.operation_time - (
2026-08-19T10:31:46.788776383Z 	        select min(event.available_at)
2026-08-19T10:31:46.788810674Z 	        from notification_outbox_events event
2026-08-19T10:31:46.788813799Z 	        where event.status in ('PENDING', 'RETRY_WAIT')
2026-08-19T10:31:46.788815258Z 	          and event.available_at <= operation.operation_time
2026-08-19T10:31:46.788816841Z 	    )
2026-08-19T10:31:46.788818049Z 	)) * 1000
2026-08-19T10:31:46.788819258Z 	from operation
2026-08-19T10:31:46.788846299Z 	
2026-08-19T10:31:46.789412091Z 2026-08-19 10:31:46.789 UTC [86] app2 LOG:  duration: 0.677 ms  bind <unnamed>: with operation as materialized (
2026-08-19T10:31:46.789435383Z 	    select clock_timestamp() as operation_time
2026-08-19T10:31:46.789437091Z 	)
2026-08-19T10:31:46.789438466Z 	select extract(epoch from (
2026-08-19T10:31:46.789439716Z 	    operation.operation_time - (
2026-08-19T10:31:46.789440966Z 	        select min(event.available_at)
2026-08-19T10:31:46.789442216Z 	        from notification_outbox_events event
2026-08-19T10:31:46.789443508Z 	        where event.status in ('PENDING', 'RETRY_WAIT')
2026-08-19T10:31:46.789444799Z 	          and event.available_at <= operation.operation_time
2026-08-19T10:31:46.789446174Z 	    )
2026-08-19T10:31:46.789447383Z 	)) * 1000
2026-08-19T10:31:46.789448633Z 	from operation
2026-08-19T10:31:46.789449883Z 	
2026-08-19T10:31:46.789451091Z 2026-08-19 10:31:46.789 UTC [86] app2 LOG:  duration: 0.028 ms  execute <unnamed>: with operation as materialized (
2026-08-19T10:31:46.789452633Z 	    select clock_timestamp() as operation_time
2026-08-19T10:31:46.789453924Z 	)
2026-08-19T10:31:46.789455133Z 	select extract(epoch from (
2026-08-19T10:31:46.789456299Z 	    operation.operation_time - (
2026-08-19T10:31:46.789457549Z 	        select min(event.available_at)
2026-08-19T10:31:46.789458799Z 	        from notification_outbox_events event
2026-08-19T10:31:46.789460008Z 	        where event.status in ('PENDING', 'RETRY_WAIT')
2026-08-19T10:31:46.789461299Z 	          and event.available_at <= operation.operation_time
2026-08-19T10:31:46.789462591Z 	    )
2026-08-19T10:31:46.789463841Z 	)) * 1000
2026-08-19T10:31:46.789465049Z 	from operation
2026-08-19T10:31:46.789466258Z 	
2026-08-19T10:31:48.539871384Z 2026-08-19 10:31:48.537 UTC [85] app1 LOG:  duration: 0.291 ms  statement: 
2026-08-19T10:31:48.548940634Z 2026-08-19 10:31:48.548 UTC [85] app1 LOG:  duration: 0.105 ms  statement: BEGIN
2026-08-19T10:31:48.549536967Z 2026-08-19 10:31:48.549 UTC [85] app1 LOG:  duration: 0.590 ms  bind S_3: with operation as materialized (
2026-08-19T10:31:48.549569842Z 	    select clock_timestamp() as operation_time
2026-08-19T10:31:48.549593634Z 	), claimable as (
2026-08-19T10:31:48.549595509Z 	    select event.id as id, event.available_at as available_at, operation.operation_time as operation_time
2026-08-19T10:31:48.549597050Z 	    from notification_outbox_events event
2026-08-19T10:31:48.549598342Z 	    cross join operation
2026-08-19T10:31:48.549599509Z 	    where event.status in ('PENDING', 'RETRY_WAIT')
2026-08-19T10:31:48.549600759Z 	      and event.available_at <= operation.operation_time
2026-08-19T10:31:48.549602134Z 	    order by event.available_at asc, event.id asc
2026-08-19T10:31:48.549603384Z 	    limit 1
2026-08-19T10:31:48.549604550Z 	    for update of event skip locked
2026-08-19T10:31:48.549605759Z 	)
2026-08-19T10:31:48.549607092Z 	select id as id, available_at as "availableAt", operation_time as "operationTime"
2026-08-19T10:31:48.549608675Z 	from claimable
2026-08-19T10:31:48.549609842Z 	
2026-08-19T10:31:48.550029592Z 2026-08-19 10:31:48.549 UTC [85] app1 LOG:  duration: 0.226 ms  execute S_3: with operation as materialized (
2026-08-19T10:31:48.550035717Z 	    select clock_timestamp() as operation_time
2026-08-19T10:31:48.550037259Z 	), claimable as (
2026-08-19T10:31:48.550038717Z 	    select event.id as id, event.available_at as available_at, operation.operation_time as operation_time
2026-08-19T10:31:48.550040217Z 	    from notification_outbox_events event
2026-08-19T10:31:48.550041592Z 	    cross join operation
2026-08-19T10:31:48.550042884Z 	    where event.status in ('PENDING', 'RETRY_WAIT')
2026-08-19T10:31:48.550044509Z 	      and event.available_at <= operation.operation_time
2026-08-19T10:31:48.550045967Z 	    order by event.available_at asc, event.id asc
2026-08-19T10:31:48.550047175Z 	    limit 1
2026-08-19T10:31:48.550048467Z 	    for update of event skip locked
2026-08-19T10:31:48.550049842Z 	)
2026-08-19T10:31:48.550051009Z 	select id as id, available_at as "availableAt", operation_time as "operationTime"
2026-08-19T10:31:48.550056092Z 	from claimable
2026-08-19T10:31:48.550062634Z 	
2026-08-19T10:31:48.559250800Z 2026-08-19 10:31:48.558 UTC [85] app1 LOG:  duration: 0.241 ms  bind S_1: COMMIT
2026-08-19T10:31:48.560409092Z 2026-08-19 10:31:48.559 UTC [85] app1 LOG:  duration: 0.231 ms  execute S_1: COMMIT
2026-08-19T10:31:48.569496592Z 2026-08-19 10:31:48.569 UTC [85] app1 LOG:  duration: 0.113 ms  bind S_4: with operation as materialized (
2026-08-19T10:31:48.569533217Z 	    select clock_timestamp() as operation_time
2026-08-19T10:31:48.569536217Z 	)
2026-08-19T10:31:48.569550134Z 	select extract(epoch from (
2026-08-19T10:31:48.569551842Z 	    operation.operation_time - (
2026-08-19T10:31:48.569553092Z 	        select min(event.available_at)
2026-08-19T10:31:48.569554509Z 	        from notification_outbox_events event
2026-08-19T10:31:48.569555759Z 	        where event.status in ('PENDING', 'RETRY_WAIT')
2026-08-19T10:31:48.569557050Z 	          and event.available_at <= operation.operation_time
2026-08-19T10:31:48.569697467Z 	    )
2026-08-19T10:31:48.569700217Z 	)) * 1000
2026-08-19T10:31:48.569701509Z 	from operation
2026-08-19T10:31:48.569702884Z 	
2026-08-19T10:31:48.570907425Z 2026-08-19 10:31:48.570 UTC [85] app1 LOG:  duration: 0.089 ms  execute S_4: with operation as materialized (
2026-08-19T10:31:48.570931925Z 	    select clock_timestamp() as operation_time
2026-08-19T10:31:48.570933842Z 	)
2026-08-19T10:31:48.570935300Z 	select extract(epoch from (
2026-08-19T10:31:48.570936634Z 	    operation.operation_time - (
2026-08-19T10:31:48.570937925Z 	        select min(event.available_at)
2026-08-19T10:31:48.570939175Z 	        from notification_outbox_events event
2026-08-19T10:31:48.570940467Z 	        where event.status in ('PENDING', 'RETRY_WAIT')
2026-08-19T10:31:48.570941759Z 	          and event.available_at <= operation.operation_time
2026-08-19T10:31:48.570943175Z 	    )
2026-08-19T10:31:48.570944425Z 	)) * 1000
2026-08-19T10:31:48.570945634Z 	from operation
2026-08-19T10:31:48.570946842Z 	
2026-08-19T10:31:48.866094884Z 2026-08-19 10:31:48.865 UTC [84] app2 LOG:  duration: 7959.726 ms  execute <unnamed>: select g1_0.id,g1_0.alias,g1_0.bgg_id,g1_0.complexity,g1_0.created_at,g1_0.description,g1_0.detail_description,g1_0.english_name,g1_0.estimated_play_time,g1_0.image_url,g1_0.max_play_time_minutes,g1_0.max_players,g1_0.min_age,g1_0.min_play_time_minutes,g1_0.min_players,g1_0.name,g1_0.popularity_score,g1_0.release_year,g1_0.supported_player_count,g1_0.tag,g1_0.updated_at from games g1_0 where g1_0.id in ((select gmr1_0.game_id from game_mechanism_relations gmr1_0 join game_mechanisms m1_0 on m1_0.id=gmr1_0.mechanism_id where m1_0.code in ($1) and m1_0.is_public)) and g1_0.id in ((select gtr1_0.game_id from game_theme_relations gtr1_0 join game_themes t1_0 on t1_0.id=gtr1_0.theme_id where t1_0.code in ($2))) order by g1_0.popularity_score desc,g1_0.name,g1_0.id offset $3 rows fetch first $4 rows only
2026-08-19T10:31:48.866132467Z 2026-08-19 10:31:48.865 UTC [84] app2 DETAIL:  Parameters: $1 = 'HAND_MANAGEMENT', $2 = 'BOOK_BGG_1117', $3 = '0', $4 = '25'
2026-08-19T10:31:48.913478592Z 2026-08-19 10:31:48.913 UTC [84] app2 LOG:  duration: 0.807 ms  parse <unnamed>: select r1_0.game_id,count(r1_0.id) from rooms r1_0 where r1_0.game_id in ($1,$2,$3,$4,$5,$6,$7,$8,$9,$10,$11,$12,$13,$14,$15,$16,$17,$18,$19,$20,$21,$22,$23,$24) and r1_0.room_type=$25 and r1_0.start_at>$26 and r1_0.status not in ($27,$28) group by r1_0.game_id
2026-08-19T10:31:48.915082967Z 2026-08-19 10:31:48.914 UTC [84] app2 LOG:  duration: 1.446 ms  bind <unnamed>: select r1_0.game_id,count(r1_0.id) from rooms r1_0 where r1_0.game_id in ($1,$2,$3,$4,$5,$6,$7,$8,$9,$10,$11,$12,$13,$14,$15,$16,$17,$18,$19,$20,$21,$22,$23,$24) and r1_0.room_type=$25 and r1_0.start_at>$26 and r1_0.status not in ($27,$28) group by r1_0.game_id
2026-08-19T10:31:48.915119592Z 2026-08-19 10:31:48.914 UTC [84] app2 DETAIL:  Parameters: $1 = '3168', $2 = '142524', $3 = '105006', $4 = '93910', $5 = '103694', $6 = '90533', $7 = '168913', $8 = '50653', $9 = '52044', $10 = '47071', $11 = '60360', $12 = '107826', $13 = '23521', $14 = '64067', $15 = '110001', $16 = '19287', $17 = '160645', $18 = '17040', $19 = '100472', $20 = '115610', $21 = '106945', $22 = '108019', $23 = '107989', $24 = '39435', $25 = 'GAME_FOCUSED', $26 = '2026-08-19 10:31:40.260866+00', $27 = 'CANCELED', $28 = 'FINISHED'
2026-08-19T10:31:48.915305550Z 2026-08-19 10:31:48.915 UTC [84] app2 LOG:  duration: 0.261 ms  execute <unnamed>: select r1_0.game_id,count(r1_0.id) from rooms r1_0 where r1_0.game_id in ($1,$2,$3,$4,$5,$6,$7,$8,$9,$10,$11,$12,$13,$14,$15,$16,$17,$18,$19,$20,$21,$22,$23,$24) and r1_0.room_type=$25 and r1_0.start_at>$26 and r1_0.status not in ($27,$28) group by r1_0.game_id
2026-08-19T10:31:48.915316759Z 2026-08-19 10:31:48.915 UTC [84] app2 DETAIL:  Parameters: $1 = '3168', $2 = '142524', $3 = '105006', $4 = '93910', $5 = '103694', $6 = '90533', $7 = '168913', $8 = '50653', $9 = '52044', $10 = '47071', $11 = '60360', $12 = '107826', $13 = '23521', $14 = '64067', $15 = '110001', $16 = '19287', $17 = '160645', $18 = '17040', $19 = '100472', $20 = '115610', $21 = '106945', $22 = '108019', $23 = '107989', $24 = '39435', $25 = 'GAME_FOCUSED', $26 = '2026-08-19 10:31:40.260866+00', $27 = 'CANCELED', $28 = 'FINISHED'
2026-08-19T10:31:48.917714092Z 2026-08-19 10:31:48.917 UTC [84] app2 LOG:  duration: 0.051 ms  bind S_1: COMMIT
2026-08-19T10:31:48.917730050Z 2026-08-19 10:31:48.917 UTC [84] app2 LOG:  duration: 0.046 ms  execute S_1: COMMIT
