
         /\      Grafana   /‾‾/  
    /\  /  \     |\  __   /  /   
   /  \/    \    | |/ /  /   ‾‾\ 
  /          \   |   (  |  (‾)  |
 / __________ \  |_|\_\  \_____/ 

     execution: local
        script: /opt/albam-mate-load/room-k6/room-lock-786-minimal-v1-t1-constant-mixed-c8-p6-b/room-k6-t1-4e02929cfb74/scenario.js
        output: -

     scenarios: (100.00%) 1 scenario, 32 max VUs, 1m30s max duration (incl. graceful stop):
              * room_write: 8.00 iterations/s for 1m0s (maxVUs: 16-32, gracefulStop: 30s)


Run          [ 100% ] setup()
room_write   [   0% ]

Run          [ 100% ] setup()
room_write   [   0% ]

running (0m02.9s), 03/16 VUs, 0 complete and 0 interrupted iterations
room_write   [   0% ] 03/16 VUs  0m00.3s/1m0s  8.00 iters/s

running (0m03.9s), 01/16 VUs, 10 complete and 0 interrupted iterations
room_write   [   2% ] 01/16 VUs  0m01.3s/1m0s  8.00 iters/s

running (0m04.9s), 01/16 VUs, 18 complete and 0 interrupted iterations
room_write   [   4% ] 01/16 VUs  0m02.3s/1m0s  8.00 iters/s

running (0m05.9s), 01/16 VUs, 26 complete and 0 interrupted iterations
room_write   [   5% ] 01/16 VUs  0m03.3s/1m0s  8.00 iters/s

running (0m06.9s), 01/16 VUs, 34 complete and 0 interrupted iterations
room_write   [   7% ] 01/16 VUs  0m04.3s/1m0s  8.00 iters/s

running (0m07.9s), 01/16 VUs, 42 complete and 0 interrupted iterations
room_write   [   9% ] 01/16 VUs  0m05.3s/1m0s  8.00 iters/s

running (0m08.9s), 01/16 VUs, 50 complete and 0 interrupted iterations
room_write   [  10% ] 01/16 VUs  0m06.3s/1m0s  8.00 iters/s

running (0m09.9s), 01/16 VUs, 58 complete and 0 interrupted iterations
room_write   [  12% ] 01/16 VUs  0m07.3s/1m0s  8.00 iters/s

running (0m10.9s), 01/16 VUs, 66 complete and 0 interrupted iterations
room_write   [  14% ] 01/16 VUs  0m08.3s/1m0s  8.00 iters/s

running (0m11.9s), 01/16 VUs, 74 complete and 0 interrupted iterations
room_write   [  15% ] 01/16 VUs  0m09.3s/1m0s  8.00 iters/s

running (0m12.9s), 01/16 VUs, 82 complete and 0 interrupted iterations
room_write   [  17% ] 01/16 VUs  0m10.3s/1m0s  8.00 iters/s

running (0m13.9s), 01/16 VUs, 90 complete and 0 interrupted iterations
room_write   [  19% ] 01/16 VUs  0m11.3s/1m0s  8.00 iters/s

running (0m14.9s), 01/16 VUs, 98 complete and 0 interrupted iterations
room_write   [  20% ] 01/16 VUs  0m12.3s/1m0s  8.00 iters/s

running (0m15.9s), 01/16 VUs, 106 complete and 0 interrupted iterations
room_write   [  22% ] 01/16 VUs  0m13.3s/1m0s  8.00 iters/s

running (0m16.9s), 01/16 VUs, 114 complete and 0 interrupted iterations
room_write   [  24% ] 01/16 VUs  0m14.3s/1m0s  8.00 iters/s

running (0m17.9s), 01/16 VUs, 122 complete and 0 interrupted iterations
room_write   [  25% ] 01/16 VUs  0m15.3s/1m0s  8.00 iters/s

running (0m18.9s), 01/16 VUs, 130 complete and 0 interrupted iterations
room_write   [  27% ] 01/16 VUs  0m16.3s/1m0s  8.00 iters/s

running (0m19.9s), 02/16 VUs, 137 complete and 0 interrupted iterations
room_write   [  29% ] 02/16 VUs  0m17.3s/1m0s  8.00 iters/s

running (0m20.9s), 01/16 VUs, 146 complete and 0 interrupted iterations
room_write   [  30% ] 01/16 VUs  0m18.3s/1m0s  8.00 iters/s

running (0m21.9s), 01/16 VUs, 154 complete and 0 interrupted iterations
room_write   [  32% ] 01/16 VUs  0m19.3s/1m0s  8.00 iters/s

running (0m22.9s), 01/16 VUs, 162 complete and 0 interrupted iterations
room_write   [  34% ] 01/16 VUs  0m20.3s/1m0s  8.00 iters/s

running (0m23.9s), 01/16 VUs, 170 complete and 0 interrupted iterations
room_write   [  35% ] 01/16 VUs  0m21.3s/1m0s  8.00 iters/s

running (0m24.9s), 01/16 VUs, 178 complete and 0 interrupted iterations
room_write   [  37% ] 01/16 VUs  0m22.3s/1m0s  8.00 iters/s

running (0m25.9s), 01/16 VUs, 186 complete and 0 interrupted iterations
room_write   [  39% ] 01/16 VUs  0m23.3s/1m0s  8.00 iters/s

running (0m26.9s), 01/16 VUs, 194 complete and 0 interrupted iterations
room_write   [  40% ] 01/16 VUs  0m24.3s/1m0s  8.00 iters/s

running (0m27.9s), 01/16 VUs, 202 complete and 0 interrupted iterations
room_write   [  42% ] 01/16 VUs  0m25.3s/1m0s  8.00 iters/s

running (0m28.9s), 01/16 VUs, 210 complete and 0 interrupted iterations
room_write   [  44% ] 01/16 VUs  0m26.3s/1m0s  8.00 iters/s

running (0m29.9s), 01/16 VUs, 218 complete and 0 interrupted iterations
room_write   [  45% ] 01/16 VUs  0m27.3s/1m0s  8.00 iters/s

running (0m30.9s), 01/16 VUs, 226 complete and 0 interrupted iterations
room_write   [  47% ] 01/16 VUs  0m28.3s/1m0s  8.00 iters/s

running (0m31.9s), 01/16 VUs, 234 complete and 0 interrupted iterations
room_write   [  49% ] 01/16 VUs  0m29.3s/1m0s  8.00 iters/s

running (0m32.9s), 01/16 VUs, 242 complete and 0 interrupted iterations
room_write   [  50% ] 01/16 VUs  0m30.3s/1m0s  8.00 iters/s

running (0m33.9s), 01/16 VUs, 250 complete and 0 interrupted iterations
room_write   [  52% ] 01/16 VUs  0m31.3s/1m0s  8.00 iters/s

running (0m34.9s), 01/16 VUs, 258 complete and 0 interrupted iterations
room_write   [  54% ] 01/16 VUs  0m32.3s/1m0s  8.00 iters/s

running (0m35.9s), 01/16 VUs, 266 complete and 0 interrupted iterations
room_write   [  55% ] 01/16 VUs  0m33.3s/1m0s  8.00 iters/s

running (0m36.9s), 01/16 VUs, 274 complete and 0 interrupted iterations
room_write   [  57% ] 01/16 VUs  0m34.3s/1m0s  8.00 iters/s

running (0m37.9s), 01/16 VUs, 282 complete and 0 interrupted iterations
room_write   [  59% ] 01/16 VUs  0m35.3s/1m0s  8.00 iters/s

running (0m38.9s), 01/16 VUs, 290 complete and 0 interrupted iterations
room_write   [  60% ] 01/16 VUs  0m36.3s/1m0s  8.00 iters/s

running (0m39.9s), 01/16 VUs, 298 complete and 0 interrupted iterations
room_write   [  62% ] 01/16 VUs  0m37.3s/1m0s  8.00 iters/s

running (0m40.9s), 01/16 VUs, 306 complete and 0 interrupted iterations
room_write   [  64% ] 01/16 VUs  0m38.3s/1m0s  8.00 iters/s

running (0m41.9s), 01/16 VUs, 314 complete and 0 interrupted iterations
room_write   [  65% ] 01/16 VUs  0m39.3s/1m0s  8.00 iters/s

running (0m42.9s), 01/16 VUs, 322 complete and 0 interrupted iterations
room_write   [  67% ] 01/16 VUs  0m40.3s/1m0s  8.00 iters/s

running (0m43.9s), 01/16 VUs, 330 complete and 0 interrupted iterations
room_write   [  69% ] 01/16 VUs  0m41.3s/1m0s  8.00 iters/s

running (0m44.9s), 01/16 VUs, 338 complete and 0 interrupted iterations
room_write   [  70% ] 01/16 VUs  0m42.3s/1m0s  8.00 iters/s

running (0m45.9s), 01/16 VUs, 346 complete and 0 interrupted iterations
room_write   [  72% ] 01/16 VUs  0m43.3s/1m0s  8.00 iters/s

running (0m46.9s), 01/16 VUs, 354 complete and 0 interrupted iterations
room_write   [  74% ] 01/16 VUs  0m44.3s/1m0s  8.00 iters/s

running (0m47.9s), 01/16 VUs, 362 complete and 0 interrupted iterations
room_write   [  75% ] 01/16 VUs  0m45.3s/1m0s  8.00 iters/s

running (0m48.9s), 01/16 VUs, 370 complete and 0 interrupted iterations
room_write   [  77% ] 01/16 VUs  0m46.3s/1m0s  8.00 iters/s

running (0m49.9s), 01/16 VUs, 378 complete and 0 interrupted iterations
room_write   [  79% ] 01/16 VUs  0m47.3s/1m0s  8.00 iters/s

running (0m50.9s), 01/16 VUs, 386 complete and 0 interrupted iterations
room_write   [  80% ] 01/16 VUs  0m48.3s/1m0s  8.00 iters/s

running (0m51.9s), 01/16 VUs, 394 complete and 0 interrupted iterations
room_write   [  82% ] 01/16 VUs  0m49.3s/1m0s  8.00 iters/s

running (0m52.9s), 01/16 VUs, 402 complete and 0 interrupted iterations
room_write   [  84% ] 01/16 VUs  0m50.3s/1m0s  8.00 iters/s

running (0m53.9s), 01/16 VUs, 410 complete and 0 interrupted iterations
room_write   [  85% ] 01/16 VUs  0m51.3s/1m0s  8.00 iters/s

running (0m54.9s), 01/16 VUs, 418 complete and 0 interrupted iterations
room_write   [  87% ] 01/16 VUs  0m52.3s/1m0s  8.00 iters/s

running (0m55.9s), 01/16 VUs, 426 complete and 0 interrupted iterations
room_write   [  89% ] 01/16 VUs  0m53.3s/1m0s  8.00 iters/s

running (0m56.9s), 01/16 VUs, 434 complete and 0 interrupted iterations
room_write   [  90% ] 01/16 VUs  0m54.3s/1m0s  8.00 iters/s

running (0m57.9s), 01/16 VUs, 442 complete and 0 interrupted iterations
room_write   [  92% ] 01/16 VUs  0m55.3s/1m0s  8.00 iters/s

running (0m58.9s), 01/16 VUs, 450 complete and 0 interrupted iterations
room_write   [  94% ] 01/16 VUs  0m56.3s/1m0s  8.00 iters/s

running (0m59.9s), 01/16 VUs, 458 complete and 0 interrupted iterations
room_write   [  95% ] 01/16 VUs  0m57.3s/1m0s  8.00 iters/s

running (1m00.9s), 01/16 VUs, 466 complete and 0 interrupted iterations
room_write   [  97% ] 01/16 VUs  0m58.3s/1m0s  8.00 iters/s

running (1m01.9s), 01/16 VUs, 474 complete and 0 interrupted iterations
room_write   [  99% ] 01/16 VUs  0m59.3s/1m0s  8.00 iters/s


  █ THRESHOLDS 

    room_contract_failures
    ✓ 'count==0' count=0

    room_request_duration{outcome:business}
    ✓ 'p(99)>=0' p(99)=0s

    room_request_duration{outcome:concurrency}
    ✓ 'p(99)>=0' p(99)=388ms

    room_request_duration{outcome:success}
    ✓ 'p(99)>=0' p(99)=227.97ms

    room_request_duration{outcome:unexpected}
    ✓ 'p(99)>=0' p(99)=0s

    room_server_failures
    ✓ 'count==0' count=0

    room_start_skew_ms
    ✓ 'max<1000' max=0s

    room_unexpected_4xx
    ✓ 'count==0' count=0


  █ TOTAL RESULTS 

    checks_total.......: 480     7.667407/s
    checks_succeeded...: 100.00% 480 out of 480
    checks_failed......: 0.00%   0 out of 480

    ✓ ROOM-LOCK-CMP T1 cancel participation response contract

    CUSTOM
    room_business_failures.........: 0      0/s
    room_concurrent_failures.......: 1      0.015974/s
    room_contract_failures.........: 0      0/s
    room_created...................: 0      0/s
    room_request_duration..........: avg=67.38ms min=34.34ms med=58.52ms max=611.31ms p(90)=89.17ms p(95)=106.53ms p(99)=280.49ms count=480
      { outcome:business }.........: avg=0s      min=0s      med=0s      max=0s       p(90)=0s      p(95)=0s       p(99)=0s       count=0  
      { outcome:concurrency }......: avg=388ms   min=388ms   med=388ms   max=388ms    p(90)=388ms   p(95)=388ms    p(99)=388ms    count=1  
      { outcome:success }..........: avg=66.71ms min=34.34ms med=58.44ms max=611.31ms p(90)=88.8ms  p(95)=106.22ms p(99)=227.97ms count=479
      { outcome:unexpected }.......: avg=0s      min=0s      med=0s      max=0s       p(90)=0s      p(95)=0s       p(99)=0s       count=0  
    room_requests..................: 480    7.667407/s
    room_server_failures...........: 0      0/s
    room_start_skew_ms.............: avg=0s      min=0s      med=0s      max=0s       p(90)=0s      p(95)=0s       p(99)=0s       count=480
    room_success...................: 479    7.651434/s
    room_unexpected_4xx............: 0      0/s

    HTTP
    http_req_duration..............: avg=69.29ms min=4.71ms  med=58.3ms  max=661.95ms p(90)=91.6ms  p(95)=116.16ms p(99)=369.74ms count=504
      { expected_response:true }...: avg=68.65ms min=4.71ms  med=58.21ms max=661.95ms p(90)=91.5ms  p(95)=113.29ms p(99)=364.52ms count=503
    http_req_failed................: 0.19%  1 out of 504
    http_reqs......................: 504    8.050778/s

    EXECUTION
    iteration_duration.............: avg=68.07ms min=34.77ms med=58.98ms max=617.96ms p(90)=90.83ms p(95)=107.41ms p(99)=286.48ms count=480
    iterations.....................: 480    7.667407/s
    vus............................: 1      min=0        max=3 
    vus_max........................: 16     min=16       max=16

    NETWORK
    data_received..................: 369 kB 5.9 kB/s
    data_sent......................: 46 kB  738 B/s




running (1m02.6s), 00/16 VUs, 480 complete and 0 interrupted iterations
room_write ✓ [ 100% ] 00/16 VUs  1m0s  8.00 iters/s